<html>
<body>
<pre>
<h1>µVision Build Log</h1>
<h2>Tool Versions:</h2>
IDE-Version: µVision V5.28.0.0
Copyright (C) 2019 ARM Ltd and ARM Germany GmbH. All rights reserved.
License Information: Przemek Przemek, Politechnika, LIC=VGX63-A2DJS-H8GFS-L8UAC-ULX2G-JWC7F
 
Tool Versions:
Toolchain:       MDK-ARM Plus  Version: 5.28.0.0
Toolchain Path:  D:\Programy\Keil\ARM\ARMCC\Bin
C Compiler:      Armcc.exe V5.06 update 6 (build 750)
Assembler:       Armasm.exe V5.06 update 6 (build 750)
Linker/Locator:  ArmLink.exe V5.06 update 6 (build 750)
Library Manager: ArmAr.exe V5.06 update 6 (build 750)
Hex Converter:   FromElf.exe V5.06 update 6 (build 750)
CPU DLL:         SARMCM3.DLL V5.28.0.0
Dialog DLL:      DCM.DLL V1.17.3.0
Target DLL:      STLink\ST-LINKIII-KEIL_SWO.dll V3.0.6.0
Dialog DLL:      TCM.DLL V1.36.2.0
 
<h2>Project:</h2>
C:\Users\Przemek\Desktop\LEM\Photon\Dashboard_v1\MDK-ARM\Dashboard_v1.uvprojx
Project File Date:  05/15/2022

<h2>Output:</h2>
*** Using Compiler 'V5.06 update 6 (build 750)', folder: 'D:\Programy\Keil\ARM\ARMCC\Bin'
Build target 'Dashboard_v1'
assembling startup_stm32f412rx.s...
compiling bsp_driver_sd.c...
compiling nextion.c...
nextion.c(64): warning:  #223-D: function "sprintf" declared implicitly
  	sprintf(value_c, "n1.val=%d%c%c%c", nx_val->speed, 0xff, 0xff, 0xff);
nextion.c(90): warning:  #188-D: enumerated type mixed with another type
  		HAL_GPIO_WritePin(LED_Pin_GPIO_Port, LED_Pin_Pin, 1);
nextion.c(94): warning:  #188-D: enumerated type mixed with another type
  		HAL_GPIO_WritePin(LED_Pin_GPIO_Port, LED_Pin_Pin, 0);
nextion.c(107): warning:  #223-D: function "sprintf" declared implicitly
  	sprintf(value_c, "n2.val=%d%c%c%c", nx_val->rpm, 0xff, 0xff, 0xff);
nextion.c(152): warning:  #223-D: function "sprintf" declared implicitly
  	sprintf(buf, "%d %d;%d;%d;%d;%d;%d;%d;%d;%d;%d;%d;%d;%d;%d;%d;%d;%d;%d;%d;%d;%d;%d;%d;%d\r\n", i++,
nextion.c(305): warning:  #223-D: function "sprintf" declared implicitly
  			sprintf(nowa_nazwa, "%d.TXT\0", nr_pliku);
nextion.c: 6 warnings, 0 errors
compiling main.c...
../Src/main.c(158): warning:  #188-D: enumerated type mixed with another type
  HAL_GPIO_WritePin(LED_Pin_GPIO_Port, LED_Pin_Pin, 0);	
../Src/main.c(63): warning:  #177-D: variable "CANRxh"  was declared but never referenced
  static CAN_RxHeaderTypeDef CANRxh;
../Src/main.c: 2 warnings, 0 errors
compiling sd_diskio.c...
compiling stm32f4xx_it.c...
compiling fatfs.c...
compiling stm32f4xx_hal_msp.c...
compiling stm32f4xx_hal_can.c...
compiling stm32f4xx_ll_sdmmc.c...
compiling stm32f4xx_hal_tim_ex.c...
compiling stm32f4xx_hal_sd.c...
compiling stm32f4xx_hal_tim.c...
compiling stm32f4xx_hal_uart.c...
compiling stm32f4xx_hal_rcc.c...
compiling stm32f4xx_hal_flash.c...
compiling stm32f4xx_hal_rcc_ex.c...
compiling stm32f4xx_hal_flash_ex.c...
compiling stm32f4xx_hal_flash_ramfunc.c...
compiling stm32f4xx_hal_gpio.c...
compiling stm32f4xx_hal_dma_ex.c...
compiling stm32f4xx_hal_dma.c...
compiling stm32f4xx_hal_pwr_ex.c...
compiling stm32f4xx_hal_pwr.c...
compiling stm32f4xx_hal_cortex.c...
compiling stm32f4xx_hal_exti.c...
compiling stm32f4xx_hal.c...
compiling system_stm32f4xx.c...
compiling diskio.c...
compiling syscall.c...
compiling ff_gen_drv.c...
compiling ff.c...
linking...
Program Size: Code=25872 RO-data=780 RW-data=68 ZI-data=23876  
FromELF: creating hex file...
"Dashboard_v1\Dashboard_v1.axf" - 0 Error(s), 8 Warning(s).

<h2>Software Packages used:</h2>

Package Vendor: ARM
                http://www.keil.com/pack/ARM.CMSIS.5.7.0.pack
                ARM.CMSIS.5.7.0
                CMSIS (Cortex Microcontroller Software Interface Standard)
   * Component: CORE Version: 5.4.0

Package Vendor: Keil
                http://www.keil.com/pack/Keil.STM32F4xx_DFP.2.14.0.pack
                Keil.STM32F4xx_DFP.2.14.0
                STMicroelectronics STM32F4 Series Device Support, Drivers and Examples

<h2>Collection of Component include folders:</h2>
  .\RTE\_Dashboard_v1
  D:\Programy\Keil\Pack\ARM\CMSIS\5.7.0\CMSIS\Core\Include
  D:\Programy\Keil\Pack\Keil\STM32F4xx_DFP\2.14.0\Drivers\CMSIS\Device\ST\STM32F4xx\Include

<h2>Collection of Component Files used:</h2>

   * Component: ARM::CMSIS:CORE:5.4.0
Build Time Elapsed:  00:01:48
</pre>
</body>
</html>
