Component: ARM Compiler 5.06 update 6 (build 750) Tool: armlink [4d35ed]

==============================================================================

Section Cross References

    startup_stm32f412rx.o(RESET) refers to startup_stm32f412rx.o(STACK) for __initial_sp
    startup_stm32f412rx.o(RESET) refers to startup_stm32f412rx.o(.text) for Reset_Handler
    startup_stm32f412rx.o(RESET) refers to stm32f4xx_it.o(i.NMI_Handler) for NMI_Handler
    startup_stm32f412rx.o(RESET) refers to stm32f4xx_it.o(i.HardFault_Handler) for HardFault_Handler
    startup_stm32f412rx.o(RESET) refers to stm32f4xx_it.o(i.MemManage_Handler) for MemManage_Handler
    startup_stm32f412rx.o(RESET) refers to stm32f4xx_it.o(i.BusFault_Handler) for BusFault_Handler
    startup_stm32f412rx.o(RESET) refers to stm32f4xx_it.o(i.UsageFault_Handler) for UsageFault_Handler
    startup_stm32f412rx.o(RESET) refers to stm32f4xx_it.o(i.SVC_Handler) for SVC_Handler
    startup_stm32f412rx.o(RESET) refers to stm32f4xx_it.o(i.DebugMon_Handler) for DebugMon_Handler
    startup_stm32f412rx.o(RESET) refers to stm32f4xx_it.o(i.PendSV_Handler) for PendSV_Handler
    startup_stm32f412rx.o(RESET) refers to stm32f4xx_it.o(i.SysTick_Handler) for SysTick_Handler
    startup_stm32f412rx.o(RESET) refers to stm32f4xx_it.o(i.DMA1_Stream6_IRQHandler) for DMA1_Stream6_IRQHandler
    startup_stm32f412rx.o(RESET) refers to stm32f4xx_it.o(i.CAN1_RX0_IRQHandler) for CAN1_RX0_IRQHandler
    startup_stm32f412rx.o(RESET) refers to stm32f4xx_it.o(i.TIM1_UP_TIM10_IRQHandler) for TIM1_UP_TIM10_IRQHandler
    startup_stm32f412rx.o(RESET) refers to stm32f4xx_it.o(i.TIM2_IRQHandler) for TIM2_IRQHandler
    startup_stm32f412rx.o(RESET) refers to stm32f4xx_it.o(i.TIM3_IRQHandler) for TIM3_IRQHandler
    startup_stm32f412rx.o(RESET) refers to stm32f4xx_it.o(i.USART2_IRQHandler) for USART2_IRQHandler
    startup_stm32f412rx.o(.text) refers to system_stm32f4xx.o(i.SystemInit) for SystemInit
    startup_stm32f412rx.o(.text) refers to entry.o(.ARM.Collect$$$$00000000) for __main
    nextion.o(i.AddToBuffor_P) refers to printf3.o(i.__0sprintf$3) for __2sprintf
    nextion.o(i.AddToBuffor_P) refers to strcpy.o(.text) for strcpy
    nextion.o(i.AddToBuffor_P) refers to strcat.o(.text) for strcat
    nextion.o(i.AddToBuffor_R) refers to printf3.o(i.__0sprintf$3) for __2sprintf
    nextion.o(i.AddToBuffor_R) refers to strcpy.o(.text) for strcpy
    nextion.o(i.AddToBuffor_R) refers to strcat.o(.text) for strcat
    nextion.o(i.AddToBuffor_SD) refers to printf3.o(i.__0sprintf$3) for __2sprintf
    nextion.o(i.IdleRun) refers to stm32f4xx_hal_uart.o(i.HAL_UART_Transmit_IT) for HAL_UART_Transmit_IT
    nextion.o(i.IdleRun) refers to stm32f4xx_hal.o(i.HAL_Delay) for HAL_Delay
    nextion.o(i.IdleRun) refers to main.o(.bss) for huart2
    nextion.o(i.Nextion_SDRun) refers to nextion.o(i.SDInit) for SDInit
    nextion.o(i.Nextion_SDRun) refers to ff.o(i.f_lseek) for f_lseek
    nextion.o(i.Nextion_SDRun) refers to strlen.o(.text) for strlen
    nextion.o(i.Nextion_SDRun) refers to ff.o(i.f_write) for f_write
    nextion.o(i.Nextion_SDRun) refers to ff.o(i.f_sync) for f_sync
    nextion.o(i.Nextion_SDRun) refers to stm32f4xx_hal_uart.o(i.HAL_UART_Transmit_IT) for HAL_UART_Transmit_IT
    nextion.o(i.Nextion_SDRun) refers to main.o(.bss) for huart2
    nextion.o(i.Nextion_SendValue) refers to strlen.o(.text) for strlen
    nextion.o(i.Nextion_SendValue) refers to stm32f4xx_hal_uart.o(i.HAL_UART_Transmit_DMA) for HAL_UART_Transmit_DMA
    nextion.o(i.Nextion_SendValue) refers to main.o(.bss) for huart2
    nextion.o(i.Process_uart) refers to nextion.o(i.SDkoniec) for SDkoniec
    nextion.o(i.Process_uart) refers to stm32f4xx_hal_tim.o(i.HAL_TIM_Base_Stop_IT) for HAL_TIM_Base_Stop_IT
    nextion.o(i.Process_uart) refers to stm32f4xx_hal_tim.o(i.HAL_TIM_Base_Start_IT) for HAL_TIM_Base_Start_IT
    nextion.o(i.Process_uart) refers to main.o(.bss) for htim2
    nextion.o(i.SDInit) refers to ff.o(i.f_mount) for f_mount
    nextion.o(i.SDInit) refers to stm32f4xx_hal_uart.o(i.HAL_UART_Transmit) for HAL_UART_Transmit
    nextion.o(i.SDInit) refers to ff.o(i.f_open) for f_open
    nextion.o(i.SDInit) refers to stm32f4xx_hal_tim.o(i.HAL_TIM_Base_Start_IT) for HAL_TIM_Base_Start_IT
    nextion.o(i.SDInit) refers to fatfs.o(.data) for SDPath
    nextion.o(i.SDInit) refers to main.o(.bss) for huart2
    nextion.o(i.SDInit) refers to nextion.o(.data) for .data
    nextion.o(i.SDkoniec) refers to stm32f4xx_hal_tim.o(i.HAL_TIM_Base_Stop_IT) for HAL_TIM_Base_Stop_IT
    nextion.o(i.SDkoniec) refers to ff.o(i.f_close) for f_close
    nextion.o(i.SDkoniec) refers to stm32f4xx_hal_uart.o(i.HAL_UART_Transmit) for HAL_UART_Transmit
    nextion.o(i.SDkoniec) refers to printf3.o(i.__0sprintf$3) for __2sprintf
    nextion.o(i.SDkoniec) refers to strcpy.o(.text) for strcpy
    nextion.o(i.SDkoniec) refers to stm32f4xx_hal_uart.o(i.HAL_UART_Transmit_IT) for HAL_UART_Transmit_IT
[...]
    i.HAL_UART_Transmit_IT                   0x08002960   Section        0  stm32f4xx_hal_uart.o(i.HAL_UART_Transmit_IT)
    i.HAL_UART_TxCpltCallback                0x080029a0   Section        0  main.o(i.HAL_UART_TxCpltCallback)
    i.HAL_UART_TxHalfCpltCallback            0x080029ac   Section        0  stm32f4xx_hal_uart.o(i.HAL_UART_TxHalfCpltCallback)
    i.HardFault_Handler                      0x080029ae   Section        0  stm32f4xx_it.o(i.HardFault_Handler)
    i.IdleRun                                0x080029b0   Section        0  nextion.o(i.IdleRun)
    i.MX_CAN1_Init                           0x080029d4   Section        0  main.o(i.MX_CAN1_Init)
    MX_CAN1_Init                             0x080029d5   Thumb Code    44  main.o(i.MX_CAN1_Init)
    i.MX_FATFS_Init                          0x08002a08   Section        0  fatfs.o(i.MX_FATFS_Init)
    i.MX_GPIO_Init                           0x08002a24   Section        0  main.o(i.MX_GPIO_Init)
    MX_GPIO_Init                             0x08002a25   Thumb Code   148  main.o(i.MX_GPIO_Init)
    i.MX_TIM1_Init                           0x08002ac4   Section        0  main.o(i.MX_TIM1_Init)
    MX_TIM1_Init                             0x08002ac5   Thumb Code    78  main.o(i.MX_TIM1_Init)
    i.MX_TIM2_Init                           0x08002b1c   Section        0  main.o(i.MX_TIM2_Init)
    MX_TIM2_Init                             0x08002b1d   Thumb Code    78  main.o(i.MX_TIM2_Init)
    i.MX_TIM3_Init                           0x08002b70   Section        0  main.o(i.MX_TIM3_Init)
    MX_TIM3_Init                             0x08002b71   Thumb Code    76  main.o(i.MX_TIM3_Init)
    i.MemManage_Handler                      0x08002bc4   Section        0  stm32f4xx_it.o(i.MemManage_Handler)
    i.NMI_Handler                            0x08002bc6   Section        0  stm32f4xx_it.o(i.NMI_Handler)
    i.Nextion_SDRun                          0x08002bc8   Section        0  nextion.o(i.Nextion_SDRun)
    i.Nextion_SendValue                      0x08002c34   Section        0  nextion.o(i.Nextion_SendValue)
    i.PendSV_Handler                         0x08002c64   Section        0  stm32f4xx_it.o(i.PendSV_Handler)
    i.ProcessData_P                          0x08002c66   Section        0  nextion.o(i.ProcessData_P)
    i.ProcessData_R                          0x08002c7a   Section        0  nextion.o(i.ProcessData_R)
    i.ProcessData_SD                         0x08002ca6   Section        0  nextion.o(i.ProcessData_SD)
    i.Process_uart                           0x08002cd4   Section        0  nextion.o(i.Process_uart)
    i.SDIO_ConfigData                        0x08002d68   Section        0  stm32f4xx_ll_sdmmc.o(i.SDIO_ConfigData)
    i.SDIO_GetPowerState                     0x08002d8c   Section        0  stm32f4xx_ll_sdmmc.o(i.SDIO_GetPowerState)
    i.SDIO_GetResponse                       0x08002d94   Section        0  stm32f4xx_ll_sdmmc.o(i.SDIO_GetResponse)
    i.SDIO_Init                              0x08002da0   Section        0  stm32f4xx_ll_sdmmc.o(i.SDIO_Init)
    i.SDIO_PowerState_ON                     0x08002dc4   Section        0  stm32f4xx_ll_sdmmc.o(i.SDIO_PowerState_ON)
    i.SDIO_ReadFIFO                          0x08002dcc   Section        0  stm32f4xx_ll_sdmmc.o(i.SDIO_ReadFIFO)
    i.SDIO_SendCommand                       0x08002dd2   Section        0  stm32f4xx_ll_sdmmc.o(i.SDIO_SendCommand)
    i.SDIO_WriteFIFO                         0x08002df2   Section        0  stm32f4xx_ll_sdmmc.o(i.SDIO_WriteFIFO)
    i.SDInit                                 0x08002dfc   Section        0  nextion.o(i.SDInit)
    i.SDMMC_CmdAppCommand                    0x08002ec8   Section        0  stm32f4xx_ll_sdmmc.o(i.SDMMC_CmdAppCommand)
    i.SDMMC_CmdAppOperCommand                0x08002ef8   Section        0  stm32f4xx_ll_sdmmc.o(i.SDMMC_CmdAppOperCommand)
    i.SDMMC_CmdBlockLength                   0x08002f2c   Section        0  stm32f4xx_ll_sdmmc.o(i.SDMMC_CmdBlockLength)
    i.SDMMC_CmdGoIdleState                   0x08002f5c   Section        0  stm32f4xx_ll_sdmmc.o(i.SDMMC_CmdGoIdleState)
    i.SDMMC_CmdOperCond                      0x08002fac   Section        0  stm32f4xx_ll_sdmmc.o(i.SDMMC_CmdOperCond)
    i.SDMMC_CmdReadMultiBlock                0x08003014   Section        0  stm32f4xx_ll_sdmmc.o(i.SDMMC_CmdReadMultiBlock)
    i.SDMMC_CmdReadSingleBlock               0x08003044   Section        0  stm32f4xx_ll_sdmmc.o(i.SDMMC_CmdReadSingleBlock)
    i.SDMMC_CmdSelDesel                      0x08003074   Section        0  stm32f4xx_ll_sdmmc.o(i.SDMMC_CmdSelDesel)
    i.SDMMC_CmdSendCID                       0x080030a6   Section        0  stm32f4xx_ll_sdmmc.o(i.SDMMC_CmdSendCID)
    i.SDMMC_CmdSendCSD                       0x080030d0   Section        0  stm32f4xx_ll_sdmmc.o(i.SDMMC_CmdSendCSD)
    i.SDMMC_CmdSendStatus                    0x080030fc   Section        0  stm32f4xx_ll_sdmmc.o(i.SDMMC_CmdSendStatus)
    i.SDMMC_CmdSetRelAdd                     0x0800312c   Section        0  stm32f4xx_ll_sdmmc.o(i.SDMMC_CmdSetRelAdd)
    i.SDMMC_CmdStopTransfer                  0x0800315c   Section        0  stm32f4xx_ll_sdmmc.o(i.SDMMC_CmdStopTransfer)
    i.SDMMC_CmdWriteMultiBlock               0x08003190   Section        0  stm32f4xx_ll_sdmmc.o(i.SDMMC_CmdWriteMultiBlock)
    i.SDMMC_CmdWriteSingleBlock              0x080031c0   Section        0  stm32f4xx_ll_sdmmc.o(i.SDMMC_CmdWriteSingleBlock)
    i.SDMMC_GetCmdResp1                      0x080031f0   Section        0  stm32f4xx_ll_sdmmc.o(i.SDMMC_GetCmdResp1)
    SDMMC_GetCmdResp1                        0x080031f1   Thumb Code   276  stm32f4xx_ll_sdmmc.o(i.SDMMC_GetCmdResp1)
    i.SDMMC_GetCmdResp2                      0x0800330c   Section        0  stm32f4xx_ll_sdmmc.o(i.SDMMC_GetCmdResp2)
    SDMMC_GetCmdResp2                        0x0800330d   Thumb Code    74  stm32f4xx_ll_sdmmc.o(i.SDMMC_GetCmdResp2)
    i.SDMMC_GetCmdResp3                      0x0800335c   Section        0  stm32f4xx_ll_sdmmc.o(i.SDMMC_GetCmdResp3)
    SDMMC_GetCmdResp3                        0x0800335d   Thumb Code    60  stm32f4xx_ll_sdmmc.o(i.SDMMC_GetCmdResp3)
    i.SDMMC_GetCmdResp6                      0x0800339c   Section        0  stm32f4xx_ll_sdmmc.o(i.SDMMC_GetCmdResp6)
    SDMMC_GetCmdResp6                        0x0800339d   Thumb Code   128  stm32f4xx_ll_sdmmc.o(i.SDMMC_GetCmdResp6)
    i.SD_CheckStatus                         0x08003420   Section        0  sd_diskio.o(i.SD_CheckStatus)
    SD_CheckStatus                           0x08003421   Thumb Code    26  sd_diskio.o(i.SD_CheckStatus)
    i.SD_InitCard                            0x08003440   Section        0  stm32f4xx_hal_sd.o(i.SD_InitCard)
    SD_InitCard                              0x08003441   Thumb Code   230  stm32f4xx_hal_sd.o(i.SD_InitCard)
    i.SD_PowerON                             0x08003526   Section        0  stm32f4xx_hal_sd.o(i.SD_PowerON)
    SD_PowerON                               0x08003527   Thumb Code   162  stm32f4xx_hal_sd.o(i.SD_PowerON)
    i.SD_initialize                          0x080035c8   Section        0  sd_diskio.o(i.SD_initialize)
    i.SD_ioctl                               0x080035e8   Section        0  sd_diskio.o(i.SD_ioctl)
    i.SD_read                                0x08003638   Section        0  sd_diskio.o(i.SD_read)
    i.SD_status                              0x0800365c   Section        0  sd_diskio.o(i.SD_status)
    i.SD_write                               0x08003660   Section        0  sd_diskio.o(i.SD_write)
    i.SDkoniec                               0x08003684   Section        0  nextion.o(i.SDkoniec)
    i.SVC_Handler                            0x08003724   Section        0  stm32f4xx_it.o(i.SVC_Handler)
    i.SysTick_Handler                        0x08003726   Section        0  stm32f4xx_it.o(i.SysTick_Handler)
    i.SystemClock_Config                     0x0800372c   Section        0  main.o(i.SystemClock_Config)
    i.SystemInit                             0x080037c4   Section        0  system_stm32f4xx.o(i.SystemInit)
    i.TIM1_UP_TIM10_IRQHandler               0x08003818   Section        0  stm32f4xx_it.o(i.TIM1_UP_TIM10_IRQHandler)
    i.TIM2_IRQHandler                        0x08003824   Section        0  stm32f4xx_it.o(i.TIM2_IRQHandler)
    i.TIM3_IRQHandler                        0x08003830   Section        0  stm32f4xx_it.o(i.TIM3_IRQHandler)
    i.TIM_Base_SetConfig                     0x0800383c   Section        0  stm32f4xx_hal_tim.o(i.TIM_Base_SetConfig)
    i.TIM_ETR_SetConfig                      0x08003904   Section        0  stm32f4xx_hal_tim.o(i.TIM_ETR_SetConfig)
    i.TIM_ITRx_SetConfig                     0x08003918   Section        0  stm32f4xx_hal_tim.o(i.TIM_ITRx_SetConfig)
    TIM_ITRx_SetConfig                       0x08003919   Thumb Code    16  stm32f4xx_hal_tim.o(i.TIM_ITRx_SetConfig)
    i.TIM_TI1_ConfigInputStage               0x08003928   Section        0  stm32f4xx_hal_tim.o(i.TIM_TI1_ConfigInputStage)
    TIM_TI1_ConfigInputStage                 0x08003929   Thumb Code    34  stm32f4xx_hal_tim.o(i.TIM_TI1_ConfigInputStage)
    i.TIM_TI2_ConfigInputStage               0x0800394a   Section        0  stm32f4xx_hal_tim.o(i.TIM_TI2_ConfigInputStage)
    TIM_TI2_ConfigInputStage                 0x0800394b   Thumb Code    36  stm32f4xx_hal_tim.o(i.TIM_TI2_ConfigInputStage)
    i.UART_DMAAbortOnError                   0x0800396e   Section        0  stm32f4xx_hal_uart.o(i.UART_DMAAbortOnError)
    UART_DMAAbortOnError                     0x0800396f   Thumb Code    16  stm32f4xx_hal_uart.o(i.UART_DMAAbortOnError)
    i.UART_DMAError                          0x0800397e   Section        0  stm32f4xx_hal_uart.o(i.UART_DMAError)
    UART_DMAError                            0x0800397f   Thumb Code    74  stm32f4xx_hal_uart.o(i.UART_DMAError)
    i.UART_DMATransmitCplt                   0x080039c8   Section        0  stm32f4xx_hal_uart.o(i.UART_DMATransmitCplt)
    UART_DMATransmitCplt                     0x080039c9   Thumb Code    46  stm32f4xx_hal_uart.o(i.UART_DMATransmitCplt)
    i.UART_DMATxHalfCplt                     0x080039f6   Section        0  stm32f4xx_hal_uart.o(i.UART_DMATxHalfCplt)
    UART_DMATxHalfCplt                       0x080039f7   Thumb Code    10  stm32f4xx_hal_uart.o(i.UART_DMATxHalfCplt)
    i.UART_EndRxTransfer                     0x08003a00   Section        0  stm32f4xx_hal_uart.o(i.UART_EndRxTransfer)
    UART_EndRxTransfer                       0x08003a01   Thumb Code    28  stm32f4xx_hal_uart.o(i.UART_EndRxTransfer)
    i.UART_EndTxTransfer                     0x08003a1c   Section        0  stm32f4xx_hal_uart.o(i.UART_EndTxTransfer)
    UART_EndTxTransfer                       0x08003a1d   Thumb Code    18  stm32f4xx_hal_uart.o(i.UART_EndTxTransfer)
    i.UART_Receive_IT                        0x08003a2e   Section        0  stm32f4xx_hal_uart.o(i.UART_Receive_IT)
    UART_Receive_IT                          0x08003a2f   Thumb Code   150  stm32f4xx_hal_uart.o(i.UART_Receive_IT)
    i.UART_SetConfig                         0x08003ac4   Section        0  stm32f4xx_hal_uart.o(i.UART_SetConfig)
    UART_SetConfig                           0x08003ac5   Thumb Code   676  stm32f4xx_hal_uart.o(i.UART_SetConfig)
    i.UART_Transmit_IT                       0x08003d70   Section        0  stm32f4xx_hal_uart.o(i.UART_Transmit_IT)
    UART_Transmit_IT                         0x08003d71   Thumb Code    98  stm32f4xx_hal_uart.o(i.UART_Transmit_IT)
    i.UART_WaitOnFlagUntilTimeout            0x08003dd2   Section        0  stm32f4xx_hal_uart.o(i.UART_WaitOnFlagUntilTimeout)
    UART_WaitOnFlagUntilTimeout              0x08003dd3   Thumb Code    98  stm32f4xx_hal_uart.o(i.UART_WaitOnFlagUntilTimeout)
    i.USART2_IRQHandler                      0x08003e34   Section        0  stm32f4xx_it.o(i.USART2_IRQHandler)
    i.UsageFault_Handler                     0x08003e58   Section        0  stm32f4xx_it.o(i.UsageFault_Handler)
    i.__0sprintf$3                           0x08003e5c   Section        0  printf3.o(i.__0sprintf$3)
    i.__NVIC_SetPriority                     0x08003e84   Section        0  stm32f4xx_hal_cortex.o(i.__NVIC_SetPriority)
    __NVIC_SetPriority                       0x08003e85   Thumb Code    32  stm32f4xx_hal_cortex.o(i.__NVIC_SetPriority)
    i.__scatterload_copy                     0x08003ea4   Section       14  handlers.o(i.__scatterload_copy)
    i.__scatterload_null                     0x08003eb2   Section        2  handlers.o(i.__scatterload_null)
    i.__scatterload_zeroinit                 0x08003eb4   Section       14  handlers.o(i.__scatterload_zeroinit)
    i._printf_core                           0x08003ec4   Section        0  printf3.o(i._printf_core)
    _printf_core                             0x08003ec5   Thumb Code   436  printf3.o(i._printf_core)
    i._sputc                                 0x0800407c   Section        0  printf3.o(i._sputc)
    _sputc                                   0x0800407d   Thumb Code    10  printf3.o(i._sputc)
    i.check_fs                               0x08004088   Section        0  ff.o(i.check_fs)
    check_fs                                 0x08004089   Thumb Code   102  ff.o(i.check_fs)
    i.chk_lock                               0x080040f8   Section        0  ff.o(i.chk_lock)
    chk_lock                                 0x080040f9   Thumb Code    86  ff.o(i.chk_lock)
    i.clear_lock                             0x08004154   Section        0  ff.o(i.clear_lock)
    clear_lock                               0x08004155   Thumb Code    28  ff.o(i.clear_lock)
    i.clmt_clust                             0x08004174   Section        0  ff.o(i.clmt_clust)
    clmt_clust                               0x08004175   Thumb Code    36  ff.o(i.clmt_clust)
    i.clust2sect                             0x08004198   Section        0  ff.o(i.clust2sect)
    clust2sect                               0x08004199   Thumb Code    24  ff.o(i.clust2sect)
    i.create_chain                           0x080041b0   Section        0  ff.o(i.create_chain)
    create_chain                             0x080041b1   Thumb Code   164  ff.o(i.create_chain)
    i.create_name                            0x08004254   Section        0  ff.o(i.create_name)
    create_name                              0x08004255   Thumb Code   168  ff.o(i.create_name)
    i.dec_lock                               0x08004310   Section        0  ff.o(i.dec_lock)
    dec_lock                                 0x08004311   Thumb Code    48  ff.o(i.dec_lock)
    i.dir_find                               0x08004344   Section        0  ff.o(i.dir_find)
    dir_find                                 0x08004345   Thumb Code   100  ff.o(i.dir_find)
    i.dir_next                               0x080043a8   Section        0  ff.o(i.dir_next)
    dir_next                                 0x080043a9   Thumb Code   238  ff.o(i.dir_next)
    i.dir_register                           0x08004496   Section        0  ff.o(i.dir_register)
    dir_register                             0x08004497   Thumb Code   118  ff.o(i.dir_register)
    i.dir_sdi                                0x0800450c   Section        0  ff.o(i.dir_sdi)
    dir_sdi                                  0x0800450d   Thumb Code   130  ff.o(i.dir_sdi)
    i.disk_initialize                        0x08004590   Section        0  diskio.o(i.disk_initialize)
    i.disk_ioctl                             0x080045b8   Section        0  diskio.o(i.disk_ioctl)
    i.disk_read                              0x080045d4   Section        0  diskio.o(i.disk_read)
    i.disk_status                            0x080045f0   Section        0  diskio.o(i.disk_status)
    i.disk_write                             0x08004608   Section        0  diskio.o(i.disk_write)
    i.f_close                                0x08004624   Section        0  ff.o(i.f_close)
    i.f_lseek                                0x0800464c   Section        0  ff.o(i.f_lseek)
    i.f_mount                                0x0800484c   Section        0  ff.o(i.f_mount)
    i.f_open                                 0x080048a4   Section        0  ff.o(i.f_open)
    i.f_sync                                 0x08004aa8   Section        0  ff.o(i.f_sync)
    i.f_write                                0x08004b36   Section        0  ff.o(i.f_write)
    i.find_volume                            0x08004cb4   Section        0  ff.o(i.find_volume)
    find_volume                              0x08004cb5   Thumb Code   576  ff.o(i.find_volume)
    i.follow_path                            0x08004f00   Section        0  ff.o(i.follow_path)
    follow_path                              0x08004f01   Thumb Code   116  ff.o(i.follow_path)
    i.get_fat                                0x08004f74   Section        0  ff.o(i.get_fat)
    get_fat                                  0x08004f75   Thumb Code   190  ff.o(i.get_fat)
    i.get_fattime                            0x08005032   Section        0  fatfs.o(i.get_fattime)
    i.get_ldnumber                           0x08005036   Section        0  ff.o(i.get_ldnumber)
    get_ldnumber                             0x08005037   Thumb Code    60  ff.o(i.get_ldnumber)
    i.inc_lock                               0x08005074   Section        0  ff.o(i.inc_lock)
    inc_lock                                 0x08005075   Thumb Code   122  ff.o(i.inc_lock)
    i.ld_clust                               0x080050f4   Section        0  ff.o(i.ld_clust)
    ld_clust                                 0x080050f5   Thumb Code    38  ff.o(i.ld_clust)
    i.ld_dword                               0x0800511a   Section        0  ff.o(i.ld_dword)
    ld_dword                                 0x0800511b   Thumb Code    22  ff.o(i.ld_dword)
    i.ld_word                                0x08005130   Section        0  ff.o(i.ld_word)
    ld_word                                  0x08005131   Thumb Code    10  ff.o(i.ld_word)
    i.main                                   0x0800513c   Section        0  main.o(i.main)
    i.mem_cpy                                0x08005244   Section        0  ff.o(i.mem_cpy)
    mem_cpy                                  0x08005245   Thumb Code    18  ff.o(i.mem_cpy)
    i.mem_set                                0x08005256   Section        0  ff.o(i.mem_set)
    mem_set                                  0x08005257   Thumb Code    12  ff.o(i.mem_set)
    i.move_window                            0x08005262   Section        0  ff.o(i.move_window)
    move_window                              0x08005263   Thumb Code    50  ff.o(i.move_window)
    i.put_fat                                0x08005294   Section        0  ff.o(i.put_fat)
    put_fat                                  0x08005295   Thumb Code   234  ff.o(i.put_fat)
    i.remove_chain                           0x0800537e   Section        0  ff.o(i.remove_chain)
    remove_chain                             0x0800537f   Thumb Code   116  ff.o(i.remove_chain)
    i.st_clust                               0x080053f2   Section        0  ff.o(i.st_clust)
    st_clust                                 0x080053f3   Thumb Code    40  ff.o(i.st_clust)
    i.st_dword                               0x0800541a   Section        0  ff.o(i.st_dword)
    st_dword                                 0x0800541b   Thumb Code    16  ff.o(i.st_dword)
    i.st_word                                0x0800542a   Section        0  ff.o(i.st_word)
    st_word                                  0x0800542b   Thumb Code     8  ff.o(i.st_word)
    i.sync_fs                                0x08005434   Section        0  ff.o(i.sync_fs)
    sync_fs                                  0x08005435   Thumb Code   126  ff.o(i.sync_fs)
    i.sync_window                            0x080054bc   Section        0  ff.o(i.sync_window)
    sync_window                              0x080054bd   Thumb Code    82  ff.o(i.sync_window)
    i.validate                               0x0800550e   Section        0  ff.o(i.validate)
    validate                                 0x0800550f   Thumb Code    52  ff.o(i.validate)
    .constdata                               0x08005544   Section       20  sd_diskio.o(.constdata)
    .constdata                               0x08005558   Section        8  stm32f4xx_hal_dma.o(.constdata)
    flagBitshiftOffset                       0x08005558   Data           8  stm32f4xx_hal_dma.o(.constdata)
    .constdata                               0x08005560   Section       16  system_stm32f4xx.o(.constdata)
    .constdata                               0x08005570   Section        8  system_stm32f4xx.o(.constdata)
    .constdata                               0x08005578   Section      156  ff.o(.constdata)
    ExCvt                                    0x08005578   Data         128  ff.o(.constdata)
    cst                                      0x080055f8   Data          14  ff.o(.constdata)
    cst32                                    0x08005606   Data          14  ff.o(.constdata)
    .data                                    0x20000000   Section        8  nextion.o(.data)
    nr_pliku                                 0x20000004   Data           4  nextion.o(.data)
    .data                                    0x20000008   Section        8  main.o(.data)
    .data                                    0x20000010   Section        1  sd_diskio.o(.data)
    Stat                                     0x20000010   Data           1  sd_diskio.o(.data)
    .data                                    0x20000011   Section        5  fatfs.o(.data)
    .data                                    0x20000018   Section       12  stm32f4xx_hal.o(.data)
    .data                                    0x20000024   Section        4  system_stm32f4xx.o(.data)
    .data                                    0x20000028   Section        8  ff.o(.data)
    Fsid                                     0x20000028   Data           2  ff.o(.data)
    FatFs                                    0x2000002c   Data           4  ff.o(.data)
    .bss                                     0x20000030   Section     1858  main.o(.bss)
    CANRxh                                   0x200001dc   Data          28  main.o(.bss)
    .bss                                     0x20000774   Section       96  main.o(.bss)
    .bss                                     0x200007d4   Section       32  ff.o(.bss)
    Files                                    0x200007d4   Data          32  ff.o(.bss)
    .bss                                     0x200007f4   Section       12  ff_gen_drv.o(.bss)
    STACK                                    0x20000800   Section    16384  startup_stm32f412rx.o(STACK)

    Global Symbols

    Symbol Name                              Value     Ov Type        Size  Object(Section)

    BuildAttributes$$THM_ISAv4$E$P$D$K$B$S$7EM$VFPi3$EXTD16$VFPS$VFMA$PE$A:L22UL41UL21$X:L11$S22US41US21$IEEE1$IW$USESV6$~STKCKD$USESV7$~SHL$OSPACE$ROPI$EBA8$MICROLIB$REQ8$PRES8$EABIv2 0x00000000   Number         0  anon$$obj.o ABSOLUTE
    __ARM_use_no_argv                        0x00000000   Number         0  main.o ABSOLUTE
    _printf_a                                0x00000000   Number         0  stubs.o ABSOLUTE
    _printf_c                                0x00000000   Number         0  stubs.o ABSOLUTE
    _printf_charcount                        0x00000000   Number         0  stubs.o ABSOLUTE
    _printf_d                                0x00000000   Number         0  stubs.o ABSOLUTE
    _printf_e                                0x00000000   Number         0  stubs.o ABSOLUTE
    _printf_f                                0x00000000   Number         0  stubs.o ABSOLUTE
    _printf_flags                            0x00000000   Number         0  stubs.o ABSOLUTE
    _printf_fp_dec                           0x00000000   Number         0  stubs.o ABSOLUTE
    _printf_fp_hex                           0x00000000   Number         0  stubs.o ABSOLUTE
    _printf_g                                0x00000000   Number         0  stubs.o ABSOLUTE
    _printf_i                                0x00000000   Number         0  stubs.o ABSOLUTE
    _printf_int_dec                          0x00000000   Number         0  stubs.o ABSOLUTE
    _printf_l                                0x00000000   Number         0  stubs.o ABSOLUTE
    _printf_lc                               0x00000000   Number         0  stubs.o ABSOLUTE
    _printf_ll                               0x00000000   Number         0  stubs.o ABSOLUTE
    _printf_lld                              0x00000000   Number         0  stubs.o ABSOLUTE
    _printf_lli                              0x00000000   Number         0  stubs.o ABSOLUTE
    _printf_llo                              0x00000000   Number         0  stubs.o ABSOLUTE
    _printf_llu                              0x00000000   Number         0  stubs.o ABSOLUTE
    _printf_llx                              0x00000000   Number         0  stubs.o ABSOLUTE
    _printf_longlong_dec                     0x00000000   Number         0  stubs.o ABSOLUTE
    _printf_longlong_hex                     0x00000000   Number         0  stubs.o ABSOLUTE
    _printf_longlong_oct                     0x00000000   Number         0  stubs.o ABSOLUTE
    _printf_ls                               0x00000000   Number         0  stubs.o ABSOLUTE
    _printf_mbtowc                           0x00000000   Number         0  stubs.o ABSOLUTE
    _printf_n                                0x00000000   Number         0  stubs.o ABSOLUTE
    _printf_o                                0x00000000   Number         0  stubs.o ABSOLUTE
    _printf_p                                0x00000000   Number         0  stubs.o ABSOLUTE
    _printf_percent                          0x00000000   Number         0  stubs.o ABSOLUTE
    _printf_pre_padding                      0x00000000   Number         0  stubs.o ABSOLUTE
    _printf_return_value                     0x00000000   Number         0  stubs.o ABSOLUTE
    _printf_s                                0x00000000   Number         0  stubs.o ABSOLUTE
    _printf_sizespec                         0x00000000   Number         0  stubs.o ABSOLUTE
    _printf_str                              0x00000000   Number         0  stubs.o ABSOLUTE
    _printf_truncate_signed                  0x00000000   Number         0  stubs.o ABSOLUTE
    _printf_truncate_unsigned                0x00000000   Number         0  stubs.o ABSOLUTE
    _printf_u                                0x00000000   Number         0  stubs.o ABSOLUTE
    _printf_wc                               0x00000000   Number         0  stubs.o ABSOLUTE
    _printf_wctomb                           0x00000000   Number         0  stubs.o ABSOLUTE
    _printf_widthprec                        0x00000000   Number         0  stubs.o ABSOLUTE
    _printf_x                                0x00000000   Number         0  stubs.o ABSOLUTE
    __cpp_initialize__aeabi_                  - Undefined Weak Reference
    __cxa_finalize                            - Undefined Weak Reference
    __decompress                              - Undefined Weak Reference
    _clock_init                               - Undefined Weak Reference
    _microlib_exit                            - Undefined Weak Reference
    __Vectors_Size                           0x000001c4   Number         0  startup_stm32f412rx.o ABSOLUTE
    __Vectors                                0x08000000   Data           4  startup_stm32f412rx.o(RESET)
    __Vectors_End                            0x080001c4   Data           0  startup_stm32f412rx.o(RESET)
    __main                                   0x080001c5   Thumb Code     0  entry.o(.ARM.Collect$$$$00000000)
    _main_stk                                0x080001c5   Thumb Code     0  entry2.o(.ARM.Collect$$$$00000001)
    _main_scatterload                        0x080001c9   Thumb Code     0  entry5.o(.ARM.Collect$$$$00000004)
    __main_after_scatterload                 0x080001cd   Thumb Code     0  entry5.o(.ARM.Collect$$$$00000004)
    _main_clock                              0x080001cd   Thumb Code     0  entry7b.o(.ARM.Collect$$$$00000008)
    _main_cpp_init                           0x080001cd   Thumb Code     0  entry8b.o(.ARM.Collect$$$$0000000A)
    _main_init                               0x080001cd   Thumb Code     0  entry9a.o(.ARM.Collect$$$$0000000B)
    __rt_final_cpp                           0x080001d5   Thumb Code     0  entry10a.o(.ARM.Collect$$$$0000000D)
    __rt_final_exit                          0x080001d5   Thumb Code     0  entry11a.o(.ARM.Collect$$$$0000000F)
    Reset_Handler                            0x080001d9   Thumb Code     8  startup_stm32f412rx.o(.text)
    ADC_IRQHandler                           0x080001f3   Thumb Code     0  startup_stm32f412rx.o(.text)
    CAN1_RX1_IRQHandler                      0x080001f3   Thumb Code     0  startup_stm32f412rx.o(.text)
    CAN1_SCE_IRQHandler                      0x080001f3   Thumb Code     0  startup_stm32f412rx.o(.text)
    CAN1_TX_IRQHandler                       0x080001f3   Thumb Code     0  startup_stm32f412rx.o(.text)
    CAN2_RX0_IRQHandler                      0x080001f3   Thumb Code     0  startup_stm32f412rx.o(.text)
    CAN2_RX1_IRQHandler                      0x080001f3   Thumb Code     0  startup_stm32f412rx.o(.text)
    CAN2_SCE_IRQHandler                      0x080001f3   Thumb Code     0  startup_stm32f412rx.o(.text)
    CAN2_TX_IRQHandler                       0x080001f3   Thumb Code     0  startup_stm32f412rx.o(.text)
    DFSDM1_FLT0_IRQHandler                   0x080001f3   Thumb Code     0  startup_stm32f412rx.o(.text)
    DFSDM1_FLT1_IRQHandler                   0x080001f3   Thumb Code     0  startup_stm32f412rx.o(.text)
    DMA1_Stream0_IRQHandler                  0x080001f3   Thumb Code     0  startup_stm32f412rx.o(.text)
    DMA1_Stream1_IRQHandler                  0x080001f3   Thumb Code     0  startup_stm32f412rx.o(.text)
    DMA1_Stream2_IRQHandler                  0x080001f3   Thumb Code     0  startup_stm32f412rx.o(.text)
    DMA1_Stream3_IRQHandler                  0x080001f3   Thumb Code     0  startup_stm32f412rx.o(.text)
    DMA1_Stream4_IRQHandler                  0x080001f3   Thumb Code     0  startup_stm32f412rx.o(.text)
    DMA1_Stream5_IRQHandler                  0x080001f3   Thumb Code     0  startup_stm32f412rx.o(.text)
    DMA1_Stream7_IRQHandler                  0x080001f3   Thumb Code     0  startup_stm32f412rx.o(.text)
    DMA2_Stream0_IRQHandler                  0x080001f3   Thumb Code     0  startup_stm32f412rx.o(.text)
    DMA2_Stream1_IRQHandler                  0x080001f3   Thumb Code     0  startup_stm32f412rx.o(.text)
    DMA2_Stream2_IRQHandler                  0x080001f3   Thumb Code     0  startup_stm32f412rx.o(.text)
    DMA2_Stream3_IRQHandler                  0x080001f3   Thumb Code     0  startup_stm32f412rx.o(.text)
    DMA2_Stream4_IRQHandler                  0x080001f3   Thumb Code     0  startup_stm32f412rx.o(.text)
    DMA2_Stream5_IRQHandler                  0x080001f3   Thumb Code     0  startup_stm32f412rx.o(.text)
    DMA2_Stream6_IRQHandler                  0x080001f3   Thumb Code     0  startup_stm32f412rx.o(.text)
    DMA2_Stream7_IRQHandler                  0x080001f3   Thumb Code     0  startup_stm32f412rx.o(.text)
    EXTI0_IRQHandler                         0x080001f3   Thumb Code     0  startup_stm32f412rx.o(.text)
    EXTI15_10_IRQHandler                     0x080001f3   Thumb Code     0  startup_stm32f412rx.o(.text)
    EXTI1_IRQHandler                         0x080001f3   Thumb Code     0  startup_stm32f412rx.o(.text)
    EXTI2_IRQHandler                         0x080001f3   Thumb Code     0  startup_stm32f412rx.o(.text)
    EXTI3_IRQHandler                         0x080001f3   Thumb Code     0  startup_stm32f412rx.o(.text)
    EXTI4_IRQHandler                         0x080001f3   Thumb Code     0  startup_stm32f412rx.o(.text)
    EXTI9_5_IRQHandler                       0x080001f3   Thumb Code     0  startup_stm32f412rx.o(.text)
    FLASH_IRQHandler                         0x080001f3   Thumb Code     0  startup_stm32f412rx.o(.text)
    FMPI2C1_ER_IRQHandler                    0x080001f3   Thumb Code     0  startup_stm32f412rx.o(.text)
    FMPI2C1_EV_IRQHandler                    0x080001f3   Thumb Code     0  startup_stm32f412rx.o(.text)
    FPU_IRQHandler                           0x080001f3   Thumb Code     0  startup_stm32f412rx.o(.text)
    I2C1_ER_IRQHandler                       0x080001f3   Thumb Code     0  startup_stm32f412rx.o(.text)
    I2C1_EV_IRQHandler                       0x080001f3   Thumb Code     0  startup_stm32f412rx.o(.text)
    I2C2_ER_IRQHandler                       0x080001f3   Thumb Code     0  startup_stm32f412rx.o(.text)
    I2C2_EV_IRQHandler                       0x080001f3   Thumb Code     0  startup_stm32f412rx.o(.text)
    I2C3_ER_IRQHandler                       0x080001f3   Thumb Code     0  startup_stm32f412rx.o(.text)
    I2C3_EV_IRQHandler                       0x080001f3   Thumb Code     0  startup_stm32f412rx.o(.text)
    OTG_FS_IRQHandler                        0x080001f3   Thumb Code     0  startup_stm32f412rx.o(.text)
    OTG_FS_WKUP_IRQHandler                   0x080001f3   Thumb Code     0  startup_stm32f412rx.o(.text)
    PVD_IRQHandler                           0x080001f3   Thumb Code     0  startup_stm32f412rx.o(.text)
    QUADSPI_IRQHandler                       0x080001f3   Thumb Code     0  startup_stm32f412rx.o(.text)
    RCC_IRQHandler                           0x080001f3   Thumb Code     0  startup_stm32f412rx.o(.text)
    RNG_IRQHandler                           0x080001f3   Thumb Code     0  startup_stm32f412rx.o(.text)
    RTC_Alarm_IRQHandler                     0x080001f3   Thumb Code     0  startup_stm32f412rx.o(.text)
    RTC_WKUP_IRQHandler                      0x080001f3   Thumb Code     0  startup_stm32f412rx.o(.text)
    SDIO_IRQHandler                          0x080001f3   Thumb Code     0  startup_stm32f412rx.o(.text)
    SPI1_IRQHandler                          0x080001f3   Thumb Code     0  startup_stm32f412rx.o(.text)
    SPI2_IRQHandler                          0x080001f3   Thumb Code     0  startup_stm32f412rx.o(.text)
    SPI3_IRQHandler                          0x080001f3   Thumb Code     0  startup_stm32f412rx.o(.text)
    SPI4_IRQHandler                          0x080001f3   Thumb Code     0  startup_stm32f412rx.o(.text)
    SPI5_IRQHandler                          0x080001f3   Thumb Code     0  startup_stm32f412rx.o(.text)
    TAMP_STAMP_IRQHandler                    0x080001f3   Thumb Code     0  startup_stm32f412rx.o(.text)
    TIM1_BRK_TIM9_IRQHandler                 0x080001f3   Thumb Code     0  startup_stm32f412rx.o(.text)
    TIM1_CC_IRQHandler                       0x080001f3   Thumb Code     0  startup_stm32f412rx.o(.text)
    TIM1_TRG_COM_TIM11_IRQHandler            0x080001f3   Thumb Code     0  startup_stm32f412rx.o(.text)
    TIM4_IRQHandler                          0x080001f3   Thumb Code     0  startup_stm32f412rx.o(.text)
    TIM5_IRQHandler                          0x080001f3   Thumb Code     0  startup_stm32f412rx.o(.text)
    TIM6_IRQHandler                          0x080001f3   Thumb Code     0  startup_stm32f412rx.o(.text)
    TIM7_IRQHandler                          0x080001f3   Thumb Code     0  startup_stm32f412rx.o(.text)
    TIM8_BRK_TIM12_IRQHandler                0x080001f3   Thumb Code     0  startup_stm32f412rx.o(.text)
    TIM8_CC_IRQHandler                       0x080001f3   Thumb Code     0  startup_stm32f412rx.o(.text)
    TIM8_TRG_COM_TIM14_IRQHandler            0x080001f3   Thumb Code     0  startup_stm32f412rx.o(.text)
    TIM8_UP_TIM13_IRQHandler                 0x080001f3   Thumb Code     0  startup_stm32f412rx.o(.text)
    USART1_IRQHandler                        0x080001f3   Thumb Code     0  startup_stm32f412rx.o(.text)
    USART3_IRQHandler                        0x080001f3   Thumb Code     0  startup_stm32f412rx.o(.text)
    USART6_IRQHandler                        0x080001f3   Thumb Code     0  startup_stm32f412rx.o(.text)
    WWDG_IRQHandler                          0x080001f3   Thumb Code     0  startup_stm32f412rx.o(.text)
    __aeabi_uldivmod                         0x080001fd   Thumb Code    98  uldiv.o(.text)
    __aeabi_memset                           0x0800025f   Thumb Code    14  memseta.o(.text)
    __aeabi_memset4                          0x0800025f   Thumb Code     0  memseta.o(.text)
    __aeabi_memset8                          0x0800025f   Thumb Code     0  memseta.o(.text)
    __aeabi_memclr                           0x0800026d   Thumb Code     4  memseta.o(.text)
    __aeabi_memclr4                          0x0800026d   Thumb Code     0  memseta.o(.text)
    __aeabi_memclr8                          0x0800026d   Thumb Code     0  memseta.o(.text)
    _memset$wrapper                          0x08000271   Thumb Code    18  memseta.o(.text)
    strcat                                   0x08000283   Thumb Code    24  strcat.o(.text)
    strlen                                   0x0800029b   Thumb Code    14  strlen.o(.text)
    strcpy                                   0x080002a9   Thumb Code    18  strcpy.o(.text)
    __aeabi_uidiv                            0x080002bb   Thumb Code     0  uidiv.o(.text)
    __aeabi_uidivmod                         0x080002bb   Thumb Code    44  uidiv.o(.text)
    __aeabi_llsl                             0x080002e7   Thumb Code    30  llshl.o(.text)
    _ll_shift_l                              0x080002e7   Thumb Code     0  llshl.o(.text)
    __aeabi_llsr                             0x08000305   Thumb Code    32  llushr.o(.text)
    _ll_ushift_r                             0x08000305   Thumb Code     0  llushr.o(.text)
    __scatterload                            0x08000325   Thumb Code    28  init.o(.text)
    __scatterload_rt2                        0x08000325   Thumb Code     0  init.o(.text)
    AddToBuffor_P                            0x08000349   Thumb Code   164  nextion.o(i.AddToBuffor_P)
    AddToBuffor_R                            0x08000401   Thumb Code   280  nextion.o(i.AddToBuffor_R)
    AddToBuffor_SD                           0x0800052d   Thumb Code    58  nextion.o(i.AddToBuffor_SD)
    BSP_SD_GetCardInfo                       0x08000599   Thumb Code     8  bsp_driver_sd.o(i.BSP_SD_GetCardInfo)
    BSP_SD_GetCardState                      0x080005a5   Thumb Code    20  bsp_driver_sd.o(i.BSP_SD_GetCardState)
    BSP_SD_Init                              0x080005bd   Thumb Code    30  bsp_driver_sd.o(i.BSP_SD_Init)
    BSP_SD_ReadBlocks                        0x080005e1   Thumb Code    26  bsp_driver_sd.o(i.BSP_SD_ReadBlocks)
    BSP_SD_WriteBlocks                       0x08000601   Thumb Code    26  bsp_driver_sd.o(i.BSP_SD_WriteBlocks)
    BusFault_Handler                         0x08000621   Thumb Code     2  stm32f4xx_it.o(i.BusFault_Handler)
    CAN1_RX0_IRQHandler                      0x08000625   Thumb Code     6  stm32f4xx_it.o(i.CAN1_RX0_IRQHandler)
    DMA1_Stream6_IRQHandler                  0x08000631   Thumb Code     6  stm32f4xx_it.o(i.DMA1_Stream6_IRQHandler)
    DebugMon_Handler                         0x080006e1   Thumb Code     2  stm32f4xx_it.o(i.DebugMon_Handler)
    Error_Handler                            0x080006e3   Thumb Code     2  main.o(i.Error_Handler)
    FATFS_LinkDriver                         0x080006e5   Thumb Code     6  ff_gen_drv.o(i.FATFS_LinkDriver)
    FATFS_LinkDriverEx                       0x080006ed   Thumb Code    58  ff_gen_drv.o(i.FATFS_LinkDriverEx)
    HAL_CAN_ErrorCallback                    0x0800072d   Thumb Code     2  stm32f4xx_hal_can.o(i.HAL_CAN_ErrorCallback)
    HAL_CAN_GetRxMessage                     0x0800072f   Thumb Code   232  stm32f4xx_hal_can.o(i.HAL_CAN_GetRxMessage)
    HAL_CAN_IRQHandler                       0x08000817   Thumb Code   508  stm32f4xx_hal_can.o(i.HAL_CAN_IRQHandler)
    HAL_CAN_Init                             0x08000a13   Thumb Code   282  stm32f4xx_hal_can.o(i.HAL_CAN_Init)
    HAL_CAN_MspInit                          0x08000b2d   Thumb Code   110  stm32f4xx_hal_msp.o(i.HAL_CAN_MspInit)
    HAL_CAN_RxFifo0FullCallback              0x08000ba9   Thumb Code     2  stm32f4xx_hal_can.o(i.HAL_CAN_RxFifo0FullCallback)
    HAL_CAN_RxFifo0MsgPendingCallback        0x08000bad   Thumb Code    76  main.o(i.HAL_CAN_RxFifo0MsgPendingCallback)
    HAL_CAN_RxFifo1FullCallback              0x08000bfd   Thumb Code     2  stm32f4xx_hal_can.o(i.HAL_CAN_RxFifo1FullCallback)
    HAL_CAN_RxFifo1MsgPendingCallback        0x08000bff   Thumb Code     2  stm32f4xx_hal_can.o(i.HAL_CAN_RxFifo1MsgPendingCallback)
    HAL_CAN_SleepCallback                    0x08000c01   Thumb Code     2  stm32f4xx_hal_can.o(i.HAL_CAN_SleepCallback)
    HAL_CAN_TxMailbox0AbortCallback          0x08000c03   Thumb Code     2  stm32f4xx_hal_can.o(i.HAL_CAN_TxMailbox0AbortCallback)
    HAL_CAN_TxMailbox0CompleteCallback       0x08000c05   Thumb Code     2  stm32f4xx_hal_can.o(i.HAL_CAN_TxMailbox0CompleteCallback)
    HAL_CAN_TxMailbox1AbortCallback          0x08000c07   Thumb Code     2  stm32f4xx_hal_can.o(i.HAL_CAN_TxMailbox1AbortCallback)
    HAL_CAN_TxMailbox1CompleteCallback       0x08000c09   Thumb Code     2  stm32f4xx_hal_can.o(i.HAL_CAN_TxMailbox1CompleteCallback)
    HAL_CAN_TxMailbox2AbortCallback          0x08000c0b   Thumb Code     2  stm32f4xx_hal_can.o(i.HAL_CAN_TxMailbox2AbortCallback)
    HAL_CAN_TxMailbox2CompleteCallback       0x08000c0d   Thumb Code     2  stm32f4xx_hal_can.o(i.HAL_CAN_TxMailbox2CompleteCallback)
    HAL_CAN_WakeUpFromRxMsgCallback          0x08000c0f   Thumb Code     2  stm32f4xx_hal_can.o(i.HAL_CAN_WakeUpFromRxMsgCallback)
    HAL_DMA_Abort                            0x08000c11   Thumb Code   142  stm32f4xx_hal_dma.o(i.HAL_DMA_Abort)
    HAL_DMA_Abort_IT                         0x08000c9f   Thumb Code    36  stm32f4xx_hal_dma.o(i.HAL_DMA_Abort_IT)
    HAL_DMA_IRQHandler                       0x08000cc5   Thumb Code   412  stm32f4xx_hal_dma.o(i.HAL_DMA_IRQHandler)
    HAL_DMA_Init                             0x08000e65   Thumb Code   206  stm32f4xx_hal_dma.o(i.HAL_DMA_Init)
    HAL_DMA_Start_IT                         0x08000f39   Thumb Code   120  stm32f4xx_hal_dma.o(i.HAL_DMA_Start_IT)
    HAL_Delay                                0x08000fb1   Thumb Code    32  stm32f4xx_hal.o(i.HAL_Delay)
    HAL_GPIO_Init                            0x08000fd5   Thumb Code   362  stm32f4xx_hal_gpio.o(i.HAL_GPIO_Init)
    HAL_GPIO_WritePin                        0x0800115d   Thumb Code    10  stm32f4xx_hal_gpio.o(i.HAL_GPIO_WritePin)
    HAL_GetTick                              0x08001169   Thumb Code     6  stm32f4xx_hal.o(i.HAL_GetTick)
    HAL_IncTick                              0x08001175   Thumb Code    12  stm32f4xx_hal.o(i.HAL_IncTick)
    HAL_Init                                 0x08001185   Thumb Code    48  stm32f4xx_hal.o(i.HAL_Init)
    HAL_InitTick                             0x080011b9   Thumb Code    54  stm32f4xx_hal.o(i.HAL_InitTick)
    HAL_MspInit                              0x080011f9   Thumb Code    48  stm32f4xx_hal_msp.o(i.HAL_MspInit)
    HAL_NVIC_EnableIRQ                       0x0800122d   Thumb Code    26  stm32f4xx_hal_cortex.o(i.HAL_NVIC_EnableIRQ)
    HAL_NVIC_SetPriority                     0x08001249   Thumb Code    60  stm32f4xx_hal_cortex.o(i.HAL_NVIC_SetPriority)
    HAL_NVIC_SetPriorityGrouping             0x08001289   Thumb Code    26  stm32f4xx_hal_cortex.o(i.HAL_NVIC_SetPriorityGrouping)
    HAL_RCCEx_PeriphCLKConfig                0x080012ad   Thumb Code   586  stm32f4xx_hal_rcc_ex.o(i.HAL_RCCEx_PeriphCLKConfig)
    HAL_RCC_ClockConfig                      0x08001519   Thumb Code   286  stm32f4xx_hal_rcc.o(i.HAL_RCC_ClockConfig)
    HAL_RCC_GetPCLK1Freq                     0x08001649   Thumb Code    20  stm32f4xx_hal_rcc.o(i.HAL_RCC_GetPCLK1Freq)
    HAL_RCC_GetPCLK2Freq                     0x08001669   Thumb Code    20  stm32f4xx_hal_rcc.o(i.HAL_RCC_GetPCLK2Freq)
    HAL_RCC_GetSysClockFreq                  0x08001689   Thumb Code    88  stm32f4xx_hal_rcc.o(i.HAL_RCC_GetSysClockFreq)
    HAL_RCC_OscConfig                        0x080016e9   Thumb Code   768  stm32f4xx_hal_rcc_ex.o(i.HAL_RCC_OscConfig)
    HAL_SD_GetCardCSD                        0x080019fd   Thumb Code   474  stm32f4xx_hal_sd.o(i.HAL_SD_GetCardCSD)
    HAL_SD_GetCardInfo                       0x08001bd7   Thumb Code    36  stm32f4xx_hal_sd.o(i.HAL_SD_GetCardInfo)
    HAL_SD_GetCardState                      0x08001bfb   Thumb Code    50  stm32f4xx_hal_sd.o(i.HAL_SD_GetCardState)
    HAL_SD_Init                              0x08001c2d   Thumb Code    54  stm32f4xx_hal_sd.o(i.HAL_SD_Init)
    HAL_SD_InitCard                          0x08001c65   Thumb Code    80  stm32f4xx_hal_sd.o(i.HAL_SD_InitCard)
    HAL_SD_MspInit                           0x08001cb9   Thumb Code   166  stm32f4xx_hal_msp.o(i.HAL_SD_MspInit)
    HAL_SD_ReadBlocks                        0x08001d75   Thumb Code   434  stm32f4xx_hal_sd.o(i.HAL_SD_ReadBlocks)
    HAL_SD_WriteBlocks                       0x08001f27   Thumb Code   388  stm32f4xx_hal_sd.o(i.HAL_SD_WriteBlocks)
    HAL_SYSTICK_Config                       0x080020ab   Thumb Code    40  stm32f4xx_hal_cortex.o(i.HAL_SYSTICK_Config)
    HAL_TIMEx_BreakCallback                  0x080020d3   Thumb Code     2  stm32f4xx_hal_tim_ex.o(i.HAL_TIMEx_BreakCallback)
    HAL_TIMEx_CommutCallback                 0x080020d5   Thumb Code     2  stm32f4xx_hal_tim_ex.o(i.HAL_TIMEx_CommutCallback)
    HAL_TIMEx_MasterConfigSynchronization    0x080020d7   Thumb Code    66  stm32f4xx_hal_tim_ex.o(i.HAL_TIMEx_MasterConfigSynchronization)
    HAL_TIM_Base_Init                        0x08002119   Thumb Code    54  stm32f4xx_hal_tim.o(i.HAL_TIM_Base_Init)
    HAL_TIM_Base_MspInit                     0x08002151   Thumb Code   126  stm32f4xx_hal_msp.o(i.HAL_TIM_Base_MspInit)
    HAL_TIM_Base_Start_IT                    0x080021dd   Thumb Code    34  stm32f4xx_hal_tim.o(i.HAL_TIM_Base_Start_IT)
    HAL_TIM_Base_Stop_IT                     0x080021ff   Thumb Code    42  stm32f4xx_hal_tim.o(i.HAL_TIM_Base_Stop_IT)
    HAL_TIM_ConfigClockSource                0x08002229   Thumb Code   214  stm32f4xx_hal_tim.o(i.HAL_TIM_ConfigClockSource)
    HAL_TIM_IC_CaptureCallback               0x080022ff   Thumb Code     2  stm32f4xx_hal_tim.o(i.HAL_TIM_IC_CaptureCallback)
    HAL_TIM_IRQHandler                       0x08002301   Thumb Code   358  stm32f4xx_hal_tim.o(i.HAL_TIM_IRQHandler)
    HAL_TIM_OC_DelayElapsedCallback          0x08002467   Thumb Code     2  stm32f4xx_hal_tim.o(i.HAL_TIM_OC_DelayElapsedCallback)
    HAL_TIM_PWM_PulseFinishedCallback        0x08002469   Thumb Code     2  stm32f4xx_hal_tim.o(i.HAL_TIM_PWM_PulseFinishedCallback)
    HAL_TIM_PeriodElapsedCallback            0x0800246d   Thumb Code   110  main.o(i.HAL_TIM_PeriodElapsedCallback)
    HAL_TIM_TriggerCallback                  0x080024ed   Thumb Code     2  stm32f4xx_hal_tim.o(i.HAL_TIM_TriggerCallback)
    HAL_UART_DMAStop                         0x080024ef   Thumb Code    88  stm32f4xx_hal_uart.o(i.HAL_UART_DMAStop)
    HAL_UART_ErrorCallback                   0x08002547   Thumb Code     2  stm32f4xx_hal_uart.o(i.HAL_UART_ErrorCallback)
    HAL_UART_IRQHandler                      0x08002549   Thumb Code   266  stm32f4xx_hal_uart.o(i.HAL_UART_IRQHandler)
    HAL_UART_Init                            0x08002659   Thumb Code    98  stm32f4xx_hal_uart.o(i.HAL_UART_Init)
    HAL_UART_MspInit                         0x080026bd   Thumb Code   158  stm32f4xx_hal_msp.o(i.HAL_UART_MspInit)
    HAL_UART_Receive_IT                      0x08002771   Thumb Code    82  stm32f4xx_hal_uart.o(i.HAL_UART_Receive_IT)
    HAL_UART_RxCpltCallback                  0x080027c5   Thumb Code    78  main.o(i.HAL_UART_RxCpltCallback)
    HAL_UART_Transmit                        0x08002825   Thumb Code   186  stm32f4xx_hal_uart.o(i.HAL_UART_Transmit)
    HAL_UART_Transmit_DMA                    0x080028e1   Thumb Code   116  stm32f4xx_hal_uart.o(i.HAL_UART_Transmit_DMA)
    HAL_UART_Transmit_IT                     0x08002961   Thumb Code    62  stm32f4xx_hal_uart.o(i.HAL_UART_Transmit_IT)
    HAL_UART_TxCpltCallback                  0x080029a1   Thumb Code     8  main.o(i.HAL_UART_TxCpltCallback)
    HAL_UART_TxHalfCpltCallback              0x080029ad   Thumb Code     2  stm32f4xx_hal_uart.o(i.HAL_UART_TxHalfCpltCallback)
    HardFault_Handler                        0x080029af   Thumb Code     2  stm32f4xx_it.o(i.HardFault_Handler)
    IdleRun                                  0x080029b1   Thumb Code    24  nextion.o(i.IdleRun)
    MX_FATFS_Init                            0x08002a09   Thumb Code    18  fatfs.o(i.MX_FATFS_Init)
    MemManage_Handler                        0x08002bc5   Thumb Code     2  stm32f4xx_it.o(i.MemManage_Handler)
    NMI_Handler                              0x08002bc7   Thumb Code     2  stm32f4xx_it.o(i.NMI_Handler)
    Nextion_SDRun                            0x08002bc9   Thumb Code    92  nextion.o(i.Nextion_SDRun)
    Nextion_SendValue                        0x08002c35   Thumb Code    44  nextion.o(i.Nextion_SendValue)
    PendSV_Handler                           0x08002c65   Thumb Code     2  stm32f4xx_it.o(i.PendSV_Handler)
    ProcessData_P                            0x08002c67   Thumb Code    20  nextion.o(i.ProcessData_P)
    ProcessData_R                            0x08002c7b   Thumb Code    44  nextion.o(i.ProcessData_R)
    ProcessData_SD                           0x08002ca7   Thumb Code    44  nextion.o(i.ProcessData_SD)
    Process_uart                             0x08002cd5   Thumb Code   134  nextion.o(i.Process_uart)
    SDIO_ConfigData                          0x08002d69   Thumb Code    36  stm32f4xx_ll_sdmmc.o(i.SDIO_ConfigData)
    SDIO_GetPowerState                       0x08002d8d   Thumb Code     8  stm32f4xx_ll_sdmmc.o(i.SDIO_GetPowerState)
    SDIO_GetResponse                         0x08002d95   Thumb Code    12  stm32f4xx_ll_sdmmc.o(i.SDIO_GetResponse)
    SDIO_Init                                0x08002da1   Thumb Code    36  stm32f4xx_ll_sdmmc.o(i.SDIO_Init)
    SDIO_PowerState_ON                       0x08002dc5   Thumb Code     8  stm32f4xx_ll_sdmmc.o(i.SDIO_PowerState_ON)
    SDIO_ReadFIFO                            0x08002dcd   Thumb Code     6  stm32f4xx_ll_sdmmc.o(i.SDIO_ReadFIFO)
    SDIO_SendCommand                         0x08002dd3   Thumb Code    32  stm32f4xx_ll_sdmmc.o(i.SDIO_SendCommand)
    SDIO_WriteFIFO                           0x08002df3   Thumb Code    10  stm32f4xx_ll_sdmmc.o(i.SDIO_WriteFIFO)
    SDInit                                   0x08002dfd   Thumb Code   126  nextion.o(i.SDInit)
    SDMMC_CmdAppCommand                      0x08002ec9   Thumb Code    48  stm32f4xx_ll_sdmmc.o(i.SDMMC_CmdAppCommand)
    SDMMC_CmdAppOperCommand                  0x08002ef9   Thumb Code    46  stm32f4xx_ll_sdmmc.o(i.SDMMC_CmdAppOperCommand)
    SDMMC_CmdBlockLength                     0x08002f2d   Thumb Code    48  stm32f4xx_ll_sdmmc.o(i.SDMMC_CmdBlockLength)
    SDMMC_CmdGoIdleState                     0x08002f5d   Thumb Code    76  stm32f4xx_ll_sdmmc.o(i.SDMMC_CmdGoIdleState)
    SDMMC_CmdOperCond                        0x08002fad   Thumb Code    98  stm32f4xx_ll_sdmmc.o(i.SDMMC_CmdOperCond)
    SDMMC_CmdReadMultiBlock                  0x08003015   Thumb Code    48  stm32f4xx_ll_sdmmc.o(i.SDMMC_CmdReadMultiBlock)
    SDMMC_CmdReadSingleBlock                 0x08003045   Thumb Code    48  stm32f4xx_ll_sdmmc.o(i.SDMMC_CmdReadSingleBlock)
    SDMMC_CmdSelDesel                        0x08003075   Thumb Code    50  stm32f4xx_ll_sdmmc.o(i.SDMMC_CmdSelDesel)
    SDMMC_CmdSendCID                         0x080030a7   Thumb Code    42  stm32f4xx_ll_sdmmc.o(i.SDMMC_CmdSendCID)
    SDMMC_CmdSendCSD                         0x080030d1   Thumb Code    44  stm32f4xx_ll_sdmmc.o(i.SDMMC_CmdSendCSD)
    SDMMC_CmdSendStatus                      0x080030fd   Thumb Code    48  stm32f4xx_ll_sdmmc.o(i.SDMMC_CmdSendStatus)
    SDMMC_CmdSetRelAdd                       0x0800312d   Thumb Code    48  stm32f4xx_ll_sdmmc.o(i.SDMMC_CmdSetRelAdd)
    SDMMC_CmdStopTransfer                    0x0800315d   Thumb Code    46  stm32f4xx_ll_sdmmc.o(i.SDMMC_CmdStopTransfer)
    SDMMC_CmdWriteMultiBlock                 0x08003191   Thumb Code    48  stm32f4xx_ll_sdmmc.o(i.SDMMC_CmdWriteMultiBlock)
    SDMMC_CmdWriteSingleBlock                0x080031c1   Thumb Code    48  stm32f4xx_ll_sdmmc.o(i.SDMMC_CmdWriteSingleBlock)
    SD_initialize                            0x080035c9   Thumb Code    28  sd_diskio.o(i.SD_initialize)
    SD_ioctl                                 0x080035e9   Thumb Code    76  sd_diskio.o(i.SD_ioctl)
    SD_read                                  0x08003639   Thumb Code    36  sd_diskio.o(i.SD_read)
    SD_status                                0x0800365d   Thumb Code     4  sd_diskio.o(i.SD_status)
    SD_write                                 0x08003661   Thumb Code    36  sd_diskio.o(i.SD_write)
    SDkoniec                                 0x08003685   Thumb Code   104  nextion.o(i.SDkoniec)
    SVC_Handler                              0x08003725   Thumb Code     2  stm32f4xx_it.o(i.SVC_Handler)
    SysTick_Handler                          0x08003727   Thumb Code     4  stm32f4xx_it.o(i.SysTick_Handler)
    SystemClock_Config                       0x0800372d   Thumb Code   144  main.o(i.SystemClock_Config)
    SystemInit                               0x080037c5   Thumb Code    66  system_stm32f4xx.o(i.SystemInit)
    TIM1_UP_TIM10_IRQHandler                 0x08003819   Thumb Code     6  stm32f4xx_it.o(i.TIM1_UP_TIM10_IRQHandler)
    TIM2_IRQHandler                          0x08003825   Thumb Code     6  stm32f4xx_it.o(i.TIM2_IRQHandler)
    TIM3_IRQHandler                          0x08003831   Thumb Code     6  stm32f4xx_it.o(i.TIM3_IRQHandler)
    TIM_Base_SetConfig                       0x0800383d   Thumb Code   156  stm32f4xx_hal_tim.o(i.TIM_Base_SetConfig)
    TIM_ETR_SetConfig                        0x08003905   Thumb Code    20  stm32f4xx_hal_tim.o(i.TIM_ETR_SetConfig)
    USART2_IRQHandler                        0x08003e35   Thumb Code    30  stm32f4xx_it.o(i.USART2_IRQHandler)
    UsageFault_Handler                       0x08003e59   Thumb Code     2  stm32f4xx_it.o(i.UsageFault_Handler)
    __0sprintf$3                             0x08003e5d   Thumb Code    34  printf3.o(i.__0sprintf$3)
    __1sprintf$3                             0x08003e5d   Thumb Code     0  printf3.o(i.__0sprintf$3)
    __2sprintf                               0x08003e5d   Thumb Code     0  printf3.o(i.__0sprintf$3)
    __scatterload_copy                       0x08003ea5   Thumb Code    14  handlers.o(i.__scatterload_copy)
    __scatterload_null                       0x08003eb3   Thumb Code     2  handlers.o(i.__scatterload_null)
    __scatterload_zeroinit                   0x08003eb5   Thumb Code    14  handlers.o(i.__scatterload_zeroinit)
    disk_initialize                          0x08004591   Thumb Code    36  diskio.o(i.disk_initialize)
    disk_ioctl                               0x080045b9   Thumb Code    22  diskio.o(i.disk_ioctl)
    disk_read                                0x080045d5   Thumb Code    24  diskio.o(i.disk_read)
    disk_status                              0x080045f1   Thumb Code    18  diskio.o(i.disk_status)
    disk_write                               0x08004609   Thumb Code    24  diskio.o(i.disk_write)
    f_close                                  0x08004625   Thumb Code    40  ff.o(i.f_close)
    f_lseek                                  0x0800464d   Thumb Code   510  ff.o(i.f_lseek)
    f_mount                                  0x0800484d   Thumb Code    84  ff.o(i.f_mount)
    f_open                                   0x080048a5   Thumb Code   510  ff.o(i.f_open)
    f_sync                                   0x08004aa9   Thumb Code   142  ff.o(i.f_sync)
    f_write                                  0x08004b37   Thumb Code   380  ff.o(i.f_write)
    get_fattime                              0x08005033   Thumb Code     4  fatfs.o(i.get_fattime)
    main                                     0x0800513d   Thumb Code   228  main.o(i.main)
    SD_Driver                                0x08005544   Data          20  sd_diskio.o(.constdata)
    AHBPrescTable                            0x08005560   Data          16  system_stm32f4xx.o(.constdata)
    APBPrescTable                            0x08005570   Data           8  system_stm32f4xx.o(.constdata)
    Region$$Table$$Base                      0x08005614   Number         0  anon$$obj.o(Region$$Table)
    Region$$Table$$Limit                     0x08005634   Number         0  anon$$obj.o(Region$$Table)
    k                                        0x20000000   Data           3  nextion.o(.data)
    dash_state                               0x20000008   Data           1  main.o(.data)
    Uart2_free                               0x20000009   Data           1  main.o(.data)
    nx_dowysylki_p                           0x2000000a   Data           1  main.o(.data)
    nx_dowysylki_r                           0x2000000b   Data           1  main.o(.data)
    nx_dowysylki_sd                          0x2000000c   Data           1  main.o(.data)
    Uart2_zn                                 0x2000000d   Data           1  main.o(.data)
    Uart2_i                                  0x2000000e   Data           1  main.o(.data)
    Uart2_ff                                 0x2000000f   Data           1  main.o(.data)
    retSD                                    0x20000011   Data           1  fatfs.o(.data)
    SDPath                                   0x20000012   Data           4  fatfs.o(.data)
    uwTickFreq                               0x20000018   Data           1  stm32f4xx_hal.o(.data)
    uwTickPrio                               0x2000001c   Data           4  stm32f4xx_hal.o(.data)
    uwTick                                   0x20000020   Data           4  stm32f4xx_hal.o(.data)
    SystemCoreClock                          0x20000024   Data           4  system_stm32f4xx.o(.data)
    hcan1                                    0x20000030   Data          40  main.o(.bss)
    hsd                                      0x20000058   Data         132  main.o(.bss)
    htim1                                    0x200000dc   Data          64  main.o(.bss)
    htim2                                    0x2000011c   Data          64  main.o(.bss)
    htim3                                    0x2000015c   Data          64  main.o(.bss)
    huart2                                   0x2000019c   Data          64  main.o(.bss)
    CAN_ramka                                0x200001f8   Data          32  main.o(.bss)
    buf_nxt_p                                0x20000218   Data          60  main.o(.bss)
    buf_nxt_r                                0x20000254   Data         150  main.o(.bss)
    nx_val                                   0x200002ea   Data          16  main.o(.bss)
    sd_card                                  0x200002fc   Data        1132  main.o(.bss)
    Uart2_buf_rx                             0x20000768   Data          10  main.o(.bss)
    hdma_usart2_tx                           0x20000774   Data          96  main.o(.bss)
    disk                                     0x200007f4   Data          12  ff_gen_drv.o(.bss)
    __initial_sp                             0x20004800   Data           0  startup_stm32f412rx.o(STACK)



==============================================================================

Memory Map of the image

  Image Entry point : 0x080001c5

  Load Region LR_IROM1 (Base: 0x08000000, Size: 0x00005664, Max: 0x00080000, ABSOLUTE)

    Execution Region ER_IROM1 (Exec base: 0x08000000, Load base: 0x08000000, Size: 0x00005634, Max: 0x00080000, ABSOLUTE)

    Exec Addr    Load Addr    Size         Type   Attr      Idx    E Section Name        Object

    0x08000000   0x08000000   0x000001c4   Data   RO            3    RESET               startup_stm32f412rx.o
    0x080001c4   0x080001c4   0x00000000   Code   RO         4482  * .ARM.Collect$$$$00000000  mc_w.l(entry.o)
    0x080001c4   0x080001c4   0x00000004   Code   RO         4756    .ARM.Collect$$$$00000001  mc_w.l(entry2.o)
    0x080001c8   0x080001c8   0x00000004   Code   RO         4759    .ARM.Collect$$$$00000004  mc_w.l(entry5.o)
    0x080001cc   0x080001cc   0x00000000   Code   RO         4761    .ARM.Collect$$$$00000008  mc_w.l(entry7b.o)
    0x080001cc   0x080001cc   0x00000000   Code   RO         4763    .ARM.Collect$$$$0000000A  mc_w.l(entry8b.o)
    0x080001cc   0x080001cc   0x00000008   Code   RO         4764    .ARM.Collect$$$$0000000B  mc_w.l(entry9a.o)
    0x080001d4   0x080001d4   0x00000000   Code   RO         4766    .ARM.Collect$$$$0000000D  mc_w.l(entry10a.o)
    0x080001d4   0x080001d4   0x00000000   Code   RO         4768    .ARM.Collect$$$$0000000F  mc_w.l(entry11a.o)
    0x080001d4   0x080001d4   0x00000004   Code   RO         4757    .ARM.Collect$$$$00002712  mc_w.l(entry2.o)
    0x080001d8   0x080001d8   0x00000024   Code   RO            4    .text               startup_stm32f412rx.o
    0x080001fc   0x080001fc   0x00000062   Code   RO         4485    .text               mc_w.l(uldiv.o)
    0x0800025e   0x0800025e   0x00000024   Code   RO         4487    .text               mc_w.l(memseta.o)
    0x08000282   0x08000282   0x00000018   Code   RO         4489    .text               mc_w.l(strcat.o)
    0x0800029a   0x0800029a   0x0000000e   Code   RO         4491    .text               mc_w.l(strlen.o)
    0x080002a8   0x080002a8   0x00000012   Code   RO         4493    .text               mc_w.l(strcpy.o)
    0x080002ba   0x080002ba   0x0000002c   Code   RO         4773    .text               mc_w.l(uidiv.o)
    0x080002e6   0x080002e6   0x0000001e   Code   RO         4775    .text               mc_w.l(llshl.o)
    0x08000304   0x08000304   0x00000020   Code   RO         4777    .text               mc_w.l(llushr.o)
    0x08000324   0x08000324   0x00000024   Code   RO         4790    .text               mc_w.l(init.o)
    0x08000348   0x08000348   0x000000b8   Code   RO           13    i.AddToBuffor_P     nextion.o
    0x08000400   0x08000400   0x0000012c   Code   RO           14    i.AddToBuffor_R     nextion.o
    0x0800052c   0x0800052c   0x0000006c   Code   RO           15    i.AddToBuffor_SD    nextion.o
    0x08000598   0x08000598   0x0000000c   Code   RO          359    i.BSP_SD_GetCardInfo  bsp_driver_sd.o
    0x080005a4   0x080005a4   0x00000018   Code   RO          360    i.BSP_SD_GetCardState  bsp_driver_sd.o
    0x080005bc   0x080005bc   0x00000024   Code   RO          363    i.BSP_SD_Init       bsp_driver_sd.o
    0x080005e0   0x080005e0   0x00000020   Code   RO          365    i.BSP_SD_ReadBlocks  bsp_driver_sd.o
    0x08000600   0x08000600   0x00000020   Code   RO          368    i.BSP_SD_WriteBlocks  bsp_driver_sd.o
    0x08000620   0x08000620   0x00000002   Code   RO          595    i.BusFault_Handler  stm32f4xx_it.o
    0x08000622   0x08000622   0x00000002   PAD
    0x08000624   0x08000624   0x0000000c   Code   RO          596    i.CAN1_RX0_IRQHandler  stm32f4xx_it.o
    0x08000630   0x08000630   0x0000000c   Code   RO          597    i.DMA1_Stream6_IRQHandler  stm32f4xx_it.o
    0x0800063c   0x0800063c   0x00000028   Code   RO         3292    i.DMA_CalcBaseAndBitshift  stm32f4xx_hal_dma.o
    0x08000664   0x08000664   0x00000054   Code   RO         3293    i.DMA_CheckFifoParam  stm32f4xx_hal_dma.o
    0x080006b8   0x080006b8   0x00000028   Code   RO         3294    i.DMA_SetConfig     stm32f4xx_hal_dma.o
    0x080006e0   0x080006e0   0x00000002   Code   RO          598    i.DebugMon_Handler  stm32f4xx_it.o
    0x080006e2   0x080006e2   0x00000002   Code   RO          251    i.Error_Handler     main.o
    0x080006e4   0x080006e4   0x00000006   Code   RO         4411    i.FATFS_LinkDriver  ff_gen_drv.o
    0x080006ea   0x080006ea   0x00000002   PAD
    0x080006ec   0x080006ec   0x00000040   Code   RO         4412    i.FATFS_LinkDriverEx  ff_gen_drv.o
    0x0800072c   0x0800072c   0x00000002   Code   RO          786    i.HAL_CAN_ErrorCallback  stm32f4xx_hal_can.o
    0x0800072e   0x0800072e   0x000000e8   Code   RO          789    i.HAL_CAN_GetRxMessage  stm32f4xx_hal_can.o
    0x08000816   0x08000816   0x000001fc   Code   RO          793    i.HAL_CAN_IRQHandler  stm32f4xx_hal_can.o
    0x08000a12   0x08000a12   0x0000011a   Code   RO          794    i.HAL_CAN_Init      stm32f4xx_hal_can.o
    0x08000b2c   0x08000b2c   0x0000007c   Code   RO          708    i.HAL_CAN_MspInit   stm32f4xx_hal_msp.o
    0x08000ba8   0x08000ba8   0x00000002   Code   RO          801    i.HAL_CAN_RxFifo0FullCallback  stm32f4xx_hal_can.o
    0x08000baa   0x08000baa   0x00000002   PAD
    0x08000bac   0x08000bac   0x00000050   Code   RO          252    i.HAL_CAN_RxFifo0MsgPendingCallback  main.o
    0x08000bfc   0x08000bfc   0x00000002   Code   RO          803    i.HAL_CAN_RxFifo1FullCallback  stm32f4xx_hal_can.o
    0x08000bfe   0x08000bfe   0x00000002   Code   RO          804    i.HAL_CAN_RxFifo1MsgPendingCallback  stm32f4xx_hal_can.o
    0x08000c00   0x08000c00   0x00000002   Code   RO          805    i.HAL_CAN_SleepCallback  stm32f4xx_hal_can.o
    0x08000c02   0x08000c02   0x00000002   Code   RO          808    i.HAL_CAN_TxMailbox0AbortCallback  stm32f4xx_hal_can.o
    0x08000c04   0x08000c04   0x00000002   Code   RO          809    i.HAL_CAN_TxMailbox0CompleteCallback  stm32f4xx_hal_can.o
    0x08000c06   0x08000c06   0x00000002   Code   RO          810    i.HAL_CAN_TxMailbox1AbortCallback  stm32f4xx_hal_can.o
    0x08000c08   0x08000c08   0x00000002   Code   RO          811    i.HAL_CAN_TxMailbox1CompleteCallback  stm32f4xx_hal_can.o
    0x08000c0a   0x08000c0a   0x00000002   Code   RO          812    i.HAL_CAN_TxMailbox2AbortCallback  stm32f4xx_hal_can.o
    0x08000c0c   0x08000c0c   0x00000002   Code   RO          813    i.HAL_CAN_TxMailbox2CompleteCallback  stm32f4xx_hal_can.o
    0x08000c0e   0x08000c0e   0x00000002   Code   RO          815    i.HAL_CAN_WakeUpFromRxMsgCallback  stm32f4xx_hal_can.o
    0x08000c10   0x08000c10   0x0000008e   Code   RO         3295    i.HAL_DMA_Abort     stm32f4xx_hal_dma.o
    0x08000c9e   0x08000c9e   0x00000024   Code   RO         3296    i.HAL_DMA_Abort_IT  stm32f4xx_hal_dma.o
    0x08000cc2   0x08000cc2   0x00000002   PAD
    0x08000cc4   0x08000cc4   0x000001a0   Code   RO         3300    i.HAL_DMA_IRQHandler  stm32f4xx_hal_dma.o
    0x08000e64   0x08000e64   0x000000d4   Code   RO         3301    i.HAL_DMA_Init      stm32f4xx_hal_dma.o
    0x08000f38   0x08000f38   0x00000078   Code   RO         3305    i.HAL_DMA_Start_IT  stm32f4xx_hal_dma.o
    0x08000fb0   0x08000fb0   0x00000024   Code   RO         3738    i.HAL_Delay         stm32f4xx_hal.o
    0x08000fd4   0x08000fd4   0x00000188   Code   RO         3188    i.HAL_GPIO_Init     stm32f4xx_hal_gpio.o
    0x0800115c   0x0800115c   0x0000000a   Code   RO         3192    i.HAL_GPIO_WritePin  stm32f4xx_hal_gpio.o
    0x08001166   0x08001166   0x00000002   PAD
    0x08001168   0x08001168   0x0000000c   Code   RO         3744    i.HAL_GetTick       stm32f4xx_hal.o
    0x08001174   0x08001174   0x00000010   Code   RO         3750    i.HAL_IncTick       stm32f4xx_hal.o
    0x08001184   0x08001184   0x00000034   Code   RO         3751    i.HAL_Init          stm32f4xx_hal.o
    0x080011b8   0x080011b8   0x00000040   Code   RO         3752    i.HAL_InitTick      stm32f4xx_hal.o
    0x080011f8   0x080011f8   0x00000034   Code   RO          709    i.HAL_MspInit       stm32f4xx_hal_msp.o
    0x0800122c   0x0800122c   0x0000001a   Code   RO         3601    i.HAL_NVIC_EnableIRQ  stm32f4xx_hal_cortex.o
    0x08001246   0x08001246   0x00000002   PAD
    0x08001248   0x08001248   0x00000040   Code   RO         3607    i.HAL_NVIC_SetPriority  stm32f4xx_hal_cortex.o
    0x08001288   0x08001288   0x00000024   Code   RO         3608    i.HAL_NVIC_SetPriorityGrouping  stm32f4xx_hal_cortex.o
    0x080012ac   0x080012ac   0x0000026c   Code   RO         2873    i.HAL_RCCEx_PeriphCLKConfig  stm32f4xx_hal_rcc_ex.o
    0x08001518   0x08001518   0x00000130   Code   RO         2768    i.HAL_RCC_ClockConfig  stm32f4xx_hal_rcc.o
    0x08001648   0x08001648   0x00000020   Code   RO         2775    i.HAL_RCC_GetPCLK1Freq  stm32f4xx_hal_rcc.o
    0x08001668   0x08001668   0x00000020   Code   RO         2776    i.HAL_RCC_GetPCLK2Freq  stm32f4xx_hal_rcc.o
    0x08001688   0x08001688   0x00000060   Code   RO         2777    i.HAL_RCC_GetSysClockFreq  stm32f4xx_hal_rcc.o
    0x080016e8   0x080016e8   0x00000314   Code   RO         2877    i.HAL_RCC_OscConfig  stm32f4xx_hal_rcc_ex.o
    0x080019fc   0x080019fc   0x000001da   Code   RO         1286    i.HAL_SD_GetCardCSD  stm32f4xx_hal_sd.o
    0x08001bd6   0x08001bd6   0x00000024   Code   RO         1287    i.HAL_SD_GetCardInfo  stm32f4xx_hal_sd.o
    0x08001bfa   0x08001bfa   0x00000032   Code   RO         1288    i.HAL_SD_GetCardState  stm32f4xx_hal_sd.o
    0x08001c2c   0x08001c2c   0x00000036   Code   RO         1293    i.HAL_SD_Init       stm32f4xx_hal_sd.o
    0x08001c62   0x08001c62   0x00000002   PAD
    0x08001c64   0x08001c64   0x00000054   Code   RO         1294    i.HAL_SD_InitCard   stm32f4xx_hal_sd.o
    0x08001cb8   0x08001cb8   0x000000bc   Code   RO          711    i.HAL_SD_MspInit    stm32f4xx_hal_msp.o
    0x08001d74   0x08001d74   0x000001b2   Code   RO         1297    i.HAL_SD_ReadBlocks  stm32f4xx_hal_sd.o
    0x08001f26   0x08001f26   0x00000184   Code   RO         1302    i.HAL_SD_WriteBlocks  stm32f4xx_hal_sd.o
    0x080020aa   0x080020aa   0x00000028   Code   RO         3612    i.HAL_SYSTICK_Config  stm32f4xx_hal_cortex.o
    0x080020d2   0x080020d2   0x00000002   Code   RO         2190    i.HAL_TIMEx_BreakCallback  stm32f4xx_hal_tim_ex.o
    0x080020d4   0x080020d4   0x00000002   Code   RO         2191    i.HAL_TIMEx_CommutCallback  stm32f4xx_hal_tim_ex.o
    0x080020d6   0x080020d6   0x00000042   Code   RO         2208    i.HAL_TIMEx_MasterConfigSynchronization  stm32f4xx_hal_tim_ex.o
    0x08002118   0x08002118   0x00000036   Code   RO         1515    i.HAL_TIM_Base_Init  stm32f4xx_hal_tim.o
    0x0800214e   0x0800214e   0x00000002   PAD
    0x08002150   0x08002150   0x0000008c   Code   RO          713    i.HAL_TIM_Base_MspInit  stm32f4xx_hal_msp.o
    0x080021dc   0x080021dc   0x00000022   Code   RO         1520    i.HAL_TIM_Base_Start_IT  stm32f4xx_hal_tim.o
    0x080021fe   0x080021fe   0x0000002a   Code   RO         1523    i.HAL_TIM_Base_Stop_IT  stm32f4xx_hal_tim.o
    0x08002228   0x08002228   0x000000d6   Code   RO         1524    i.HAL_TIM_ConfigClockSource  stm32f4xx_hal_tim.o
    0x080022fe   0x080022fe   0x00000002   Code   RO         1544    i.HAL_TIM_IC_CaptureCallback  stm32f4xx_hal_tim.o
    0x08002300   0x08002300   0x00000166   Code   RO         1558    i.HAL_TIM_IRQHandler  stm32f4xx_hal_tim.o
    0x08002466   0x08002466   0x00000002   Code   RO         1561    i.HAL_TIM_OC_DelayElapsedCallback  stm32f4xx_hal_tim.o
    0x08002468   0x08002468   0x00000002   Code   RO         1588    i.HAL_TIM_PWM_PulseFinishedCallback  stm32f4xx_hal_tim.o
    0x0800246a   0x0800246a   0x00000002   PAD
    0x0800246c   0x0800246c   0x00000080   Code   RO          253    i.HAL_TIM_PeriodElapsedCallback  main.o
    0x080024ec   0x080024ec   0x00000002   Code   RO         1601    i.HAL_TIM_TriggerCallback  stm32f4xx_hal_tim.o
    0x080024ee   0x080024ee   0x00000058   Code   RO         2460    i.HAL_UART_DMAStop  stm32f4xx_hal_uart.o
    0x08002546   0x08002546   0x00000002   Code   RO         2462    i.HAL_UART_ErrorCallback  stm32f4xx_hal_uart.o
    0x08002548   0x08002548   0x00000110   Code   RO         2465    i.HAL_UART_IRQHandler  stm32f4xx_hal_uart.o
    0x08002658   0x08002658   0x00000062   Code   RO         2466    i.HAL_UART_Init     stm32f4xx_hal_uart.o
    0x080026ba   0x080026ba   0x00000002   PAD
    0x080026bc   0x080026bc   0x000000b4   Code   RO          715    i.HAL_UART_MspInit  stm32f4xx_hal_msp.o
    0x08002770   0x08002770   0x00000052   Code   RO         2471    i.HAL_UART_Receive_IT  stm32f4xx_hal_uart.o
    0x080027c2   0x080027c2   0x00000002   PAD
    0x080027c4   0x080027c4   0x00000060   Code   RO          254    i.HAL_UART_RxCpltCallback  main.o
    0x08002824   0x08002824   0x000000ba   Code   RO         2474    i.HAL_UART_Transmit  stm32f4xx_hal_uart.o
    0x080028de   0x080028de   0x00000002   PAD
    0x080028e0   0x080028e0   0x00000080   Code   RO         2475    i.HAL_UART_Transmit_DMA  stm32f4xx_hal_uart.o
    0x08002960   0x08002960   0x0000003e   Code   RO         2476    i.HAL_UART_Transmit_IT  stm32f4xx_hal_uart.o
    0x0800299e   0x0800299e   0x00000002   PAD
    0x080029a0   0x080029a0   0x0000000c   Code   RO          255    i.HAL_UART_TxCpltCallback  main.o
    0x080029ac   0x080029ac   0x00000002   Code   RO         2478    i.HAL_UART_TxHalfCpltCallback  stm32f4xx_hal_uart.o
    0x080029ae   0x080029ae   0x00000002   Code   RO          599    i.HardFault_Handler  stm32f4xx_it.o
    0x080029b0   0x080029b0   0x00000024   Code   RO           16    i.IdleRun           nextion.o
    0x080029d4   0x080029d4   0x00000034   Code   RO          256    i.MX_CAN1_Init      main.o
    0x08002a08   0x08002a08   0x0000001c   Code   RO          557    i.MX_FATFS_Init     fatfs.o
    0x08002a24   0x08002a24   0x000000a0   Code   RO          257    i.MX_GPIO_Init      main.o
    0x08002ac4   0x08002ac4   0x00000058   Code   RO          258    i.MX_TIM1_Init      main.o
    0x08002b1c   0x08002b1c   0x00000054   Code   RO          259    i.MX_TIM2_Init      main.o
    0x08002b70   0x08002b70   0x00000054   Code   RO          260    i.MX_TIM3_Init      main.o
    0x08002bc4   0x08002bc4   0x00000002   Code   RO          600    i.MemManage_Handler  stm32f4xx_it.o
    0x08002bc6   0x08002bc6   0x00000002   Code   RO          601    i.NMI_Handler       stm32f4xx_it.o
    0x08002bc8   0x08002bc8   0x0000006c   Code   RO           17    i.Nextion_SDRun     nextion.o
    0x08002c34   0x08002c34   0x00000030   Code   RO           18    i.Nextion_SendValue  nextion.o
    0x08002c64   0x08002c64   0x00000002   Code   RO          602    i.PendSV_Handler    stm32f4xx_it.o
    0x08002c66   0x08002c66   0x00000014   Code   RO           19    i.ProcessData_P     nextion.o
    0x08002c7a   0x08002c7a   0x0000002c   Code   RO           20    i.ProcessData_R     nextion.o
    0x08002ca6   0x08002ca6   0x0000002c   Code   RO           21    i.ProcessData_SD    nextion.o
    0x08002cd2   0x08002cd2   0x00000002   PAD
    0x08002cd4   0x08002cd4   0x00000094   Code   RO           22    i.Process_uart      nextion.o
    0x08002d68   0x08002d68   0x00000024   Code   RO         1014    i.SDIO_ConfigData   stm32f4xx_ll_sdmmc.o
    0x08002d8c   0x08002d8c   0x00000008   Code   RO         1018    i.SDIO_GetPowerState  stm32f4xx_ll_sdmmc.o
    0x08002d94   0x08002d94   0x0000000c   Code   RO         1019    i.SDIO_GetResponse  stm32f4xx_ll_sdmmc.o
    0x08002da0   0x08002da0   0x00000024   Code   RO         1020    i.SDIO_Init         stm32f4xx_ll_sdmmc.o
    0x08002dc4   0x08002dc4   0x00000008   Code   RO         1022    i.SDIO_PowerState_ON  stm32f4xx_ll_sdmmc.o
    0x08002dcc   0x08002dcc   0x00000006   Code   RO         1023    i.SDIO_ReadFIFO     stm32f4xx_ll_sdmmc.o
    0x08002dd2   0x08002dd2   0x00000020   Code   RO         1024    i.SDIO_SendCommand  stm32f4xx_ll_sdmmc.o
    0x08002df2   0x08002df2   0x0000000a   Code   RO         1026    i.SDIO_WriteFIFO    stm32f4xx_ll_sdmmc.o
    0x08002dfc   0x08002dfc   0x000000cc   Code   RO           23    i.SDInit            nextion.o
    0x08002ec8   0x08002ec8   0x00000030   Code   RO         1027    i.SDMMC_CmdAppCommand  stm32f4xx_ll_sdmmc.o
    0x08002ef8   0x08002ef8   0x00000034   Code   RO         1028    i.SDMMC_CmdAppOperCommand  stm32f4xx_ll_sdmmc.o
    0x08002f2c   0x08002f2c   0x00000030   Code   RO         1029    i.SDMMC_CmdBlockLength  stm32f4xx_ll_sdmmc.o
    0x08002f5c   0x08002f5c   0x00000050   Code   RO         1034    i.SDMMC_CmdGoIdleState  stm32f4xx_ll_sdmmc.o
    0x08002fac   0x08002fac   0x00000068   Code   RO         1036    i.SDMMC_CmdOperCond  stm32f4xx_ll_sdmmc.o
    0x08003014   0x08003014   0x00000030   Code   RO         1037    i.SDMMC_CmdReadMultiBlock  stm32f4xx_ll_sdmmc.o
    0x08003044   0x08003044   0x00000030   Code   RO         1038    i.SDMMC_CmdReadSingleBlock  stm32f4xx_ll_sdmmc.o
    0x08003074   0x08003074   0x00000032   Code   RO         1041    i.SDMMC_CmdSelDesel  stm32f4xx_ll_sdmmc.o
    0x080030a6   0x080030a6   0x0000002a   Code   RO         1042    i.SDMMC_CmdSendCID  stm32f4xx_ll_sdmmc.o
    0x080030d0   0x080030d0   0x0000002c   Code   RO         1043    i.SDMMC_CmdSendCSD  stm32f4xx_ll_sdmmc.o
    0x080030fc   0x080030fc   0x00000030   Code   RO         1045    i.SDMMC_CmdSendStatus  stm32f4xx_ll_sdmmc.o
    0x0800312c   0x0800312c   0x00000030   Code   RO         1046    i.SDMMC_CmdSetRelAdd  stm32f4xx_ll_sdmmc.o
    0x0800315c   0x0800315c   0x00000034   Code   RO         1048    i.SDMMC_CmdStopTransfer  stm32f4xx_ll_sdmmc.o
    0x08003190   0x08003190   0x00000030   Code   RO         1050    i.SDMMC_CmdWriteMultiBlock  stm32f4xx_ll_sdmmc.o
    0x080031c0   0x080031c0   0x00000030   Code   RO         1051    i.SDMMC_CmdWriteSingleBlock  stm32f4xx_ll_sdmmc.o
    0x080031f0   0x080031f0   0x0000011c   Code   RO         1052    i.SDMMC_GetCmdResp1  stm32f4xx_ll_sdmmc.o
    0x0800330c   0x0800330c   0x00000050   Code   RO         1053    i.SDMMC_GetCmdResp2  stm32f4xx_ll_sdmmc.o
    0x0800335c   0x0800335c   0x00000040   Code   RO         1054    i.SDMMC_GetCmdResp3  stm32f4xx_ll_sdmmc.o
    0x0800339c   0x0800339c   0x00000084   Code   RO         1055    i.SDMMC_GetCmdResp6  stm32f4xx_ll_sdmmc.o
    0x08003420   0x08003420   0x00000020   Code   RO          497    i.SD_CheckStatus    sd_diskio.o
    0x08003440   0x08003440   0x000000e6   Code   RO         1311    i.SD_InitCard       stm32f4xx_hal_sd.o
    0x08003526   0x08003526   0x000000a2   Code   RO         1312    i.SD_PowerON        stm32f4xx_hal_sd.o
    0x080035c8   0x080035c8   0x00000020   Code   RO          498    i.SD_initialize     sd_diskio.o
    0x080035e8   0x080035e8   0x00000050   Code   RO          499    i.SD_ioctl          sd_diskio.o
    0x08003638   0x08003638   0x00000024   Code   RO          500    i.SD_read           sd_diskio.o
    0x0800365c   0x0800365c   0x00000004   Code   RO          501    i.SD_status         sd_diskio.o
    0x08003660   0x08003660   0x00000024   Code   RO          502    i.SD_write          sd_diskio.o
    0x08003684   0x08003684   0x000000a0   Code   RO           24    i.SDkoniec          nextion.o
    0x08003724   0x08003724   0x00000002   Code   RO          603    i.SVC_Handler       stm32f4xx_it.o
    0x08003726   0x08003726   0x00000004   Code   RO          604    i.SysTick_Handler   stm32f4xx_it.o
    0x0800372a   0x0800372a   0x00000002   PAD
    0x0800372c   0x0800372c   0x00000098   Code   RO          261    i.SystemClock_Config  main.o
    0x080037c4   0x080037c4   0x00000054   Code   RO         3987    i.SystemInit        system_stm32f4xx.o
    0x08003818   0x08003818   0x0000000c   Code   RO          605    i.TIM1_UP_TIM10_IRQHandler  stm32f4xx_it.o
    0x08003824   0x08003824   0x0000000c   Code   RO          606    i.TIM2_IRQHandler   stm32f4xx_it.o
    0x08003830   0x08003830   0x0000000c   Code   RO          607    i.TIM3_IRQHandler   stm32f4xx_it.o
    0x0800383c   0x0800383c   0x000000c8   Code   RO         1603    i.TIM_Base_SetConfig  stm32f4xx_hal_tim.o
    0x08003904   0x08003904   0x00000014   Code   RO         1614    i.TIM_ETR_SetConfig  stm32f4xx_hal_tim.o
    0x08003918   0x08003918   0x00000010   Code   RO         1615    i.TIM_ITRx_SetConfig  stm32f4xx_hal_tim.o
    0x08003928   0x08003928   0x00000022   Code   RO         1621    i.TIM_TI1_ConfigInputStage  stm32f4xx_hal_tim.o
    0x0800394a   0x0800394a   0x00000024   Code   RO         1623    i.TIM_TI2_ConfigInputStage  stm32f4xx_hal_tim.o
    0x0800396e   0x0800396e   0x00000010   Code   RO         2479    i.UART_DMAAbortOnError  stm32f4xx_hal_uart.o
    0x0800397e   0x0800397e   0x0000004a   Code   RO         2480    i.UART_DMAError     stm32f4xx_hal_uart.o
    0x080039c8   0x080039c8   0x0000002e   Code   RO         2485    i.UART_DMATransmitCplt  stm32f4xx_hal_uart.o
    0x080039f6   0x080039f6   0x0000000a   Code   RO         2487    i.UART_DMATxHalfCplt  stm32f4xx_hal_uart.o
    0x08003a00   0x08003a00   0x0000001c   Code   RO         2489    i.UART_EndRxTransfer  stm32f4xx_hal_uart.o
    0x08003a1c   0x08003a1c   0x00000012   Code   RO         2490    i.UART_EndTxTransfer  stm32f4xx_hal_uart.o
    0x08003a2e   0x08003a2e   0x00000096   Code   RO         2491    i.UART_Receive_IT   stm32f4xx_hal_uart.o
    0x08003ac4   0x08003ac4   0x000002ac   Code   RO         2492    i.UART_SetConfig    stm32f4xx_hal_uart.o
    0x08003d70   0x08003d70   0x00000062   Code   RO         2493    i.UART_Transmit_IT  stm32f4xx_hal_uart.o
    0x08003dd2   0x08003dd2   0x00000062   Code   RO         2494    i.UART_WaitOnFlagUntilTimeout  stm32f4xx_hal_uart.o
    0x08003e34   0x08003e34   0x00000024   Code   RO          608    i.USART2_IRQHandler  stm32f4xx_it.o
    0x08003e58   0x08003e58   0x00000002   Code   RO          609    i.UsageFault_Handler  stm32f4xx_it.o
    0x08003e5a   0x08003e5a   0x00000002   PAD
    0x08003e5c   0x08003e5c   0x00000028   Code   RO         4586    i.__0sprintf$3      mc_w.l(printf3.o)
    0x08003e84   0x08003e84   0x00000020   Code   RO         3614    i.__NVIC_SetPriority  stm32f4xx_hal_cortex.o
    0x08003ea4   0x08003ea4   0x0000000e   Code   RO         4800    i.__scatterload_copy  mc_w.l(handlers.o)
    0x08003eb2   0x08003eb2   0x00000002   Code   RO         4801    i.__scatterload_null  mc_w.l(handlers.o)
    0x08003eb4   0x08003eb4   0x0000000e   Code   RO         4802    i.__scatterload_zeroinit  mc_w.l(handlers.o)
    0x08003ec2   0x08003ec2   0x00000002   PAD
    0x08003ec4   0x08003ec4   0x000001b8   Code   RO         4591    i._printf_core      mc_w.l(printf3.o)
    0x0800407c   0x0800407c   0x0000000a   Code   RO         4593    i._sputc            mc_w.l(printf3.o)
    0x08004086   0x08004086   0x00000002   PAD
    0x08004088   0x08004088   0x00000070   Code   RO         4079    i.check_fs          ff.o
    0x080040f8   0x080040f8   0x0000005c   Code   RO         4080    i.chk_lock          ff.o
    0x08004154   0x08004154   0x00000020   Code   RO         4081    i.clear_lock        ff.o
    0x08004174   0x08004174   0x00000024   Code   RO         4082    i.clmt_clust        ff.o
    0x08004198   0x08004198   0x00000018   Code   RO         4083    i.clust2sect        ff.o
    0x080041b0   0x080041b0   0x000000a4   Code   RO         4084    i.create_chain      ff.o
    0x08004254   0x08004254   0x000000bc   Code   RO         4085    i.create_name       ff.o
    0x08004310   0x08004310   0x00000034   Code   RO         4086    i.dec_lock          ff.o
    0x08004344   0x08004344   0x00000064   Code   RO         4087    i.dir_find          ff.o
    0x080043a8   0x080043a8   0x000000ee   Code   RO         4088    i.dir_next          ff.o
    0x08004496   0x08004496   0x00000076   Code   RO         4090    i.dir_register      ff.o
    0x0800450c   0x0800450c   0x00000082   Code   RO         4092    i.dir_sdi           ff.o
    0x0800458e   0x0800458e   0x00000002   PAD
    0x08004590   0x08004590   0x00000028   Code   RO         4024    i.disk_initialize   diskio.o
    0x080045b8   0x080045b8   0x0000001c   Code   RO         4025    i.disk_ioctl        diskio.o
    0x080045d4   0x080045d4   0x0000001c   Code   RO         4026    i.disk_read         diskio.o
    0x080045f0   0x080045f0   0x00000018   Code   RO         4027    i.disk_status       diskio.o
    0x08004608   0x08004608   0x0000001c   Code   RO         4028    i.disk_write        diskio.o
    0x08004624   0x08004624   0x00000028   Code   RO         4093    i.f_close           ff.o
    0x0800464c   0x0800464c   0x000001fe   Code   RO         4097    i.f_lseek           ff.o
    0x0800484a   0x0800484a   0x00000002   PAD
    0x0800484c   0x0800484c   0x00000058   Code   RO         4100    i.f_mount           ff.o
    0x080048a4   0x080048a4   0x00000204   Code   RO         4101    i.f_open            ff.o
    0x08004aa8   0x08004aa8   0x0000008e   Code   RO         4110    i.f_sync            ff.o
    0x08004b36   0x08004b36   0x0000017c   Code   RO         4113    i.f_write           ff.o
    0x08004cb2   0x08004cb2   0x00000002   PAD
    0x08004cb4   0x08004cb4   0x0000024c   Code   RO         4114    i.find_volume       ff.o
    0x08004f00   0x08004f00   0x00000074   Code   RO         4115    i.follow_path       ff.o
    0x08004f74   0x08004f74   0x000000be   Code   RO         4116    i.get_fat           ff.o
    0x08005032   0x08005032   0x00000004   Code   RO          558    i.get_fattime       fatfs.o
    0x08005036   0x08005036   0x0000003c   Code   RO         4118    i.get_ldnumber      ff.o
    0x08005072   0x08005072   0x00000002   PAD
    0x08005074   0x08005074   0x00000080   Code   RO         4119    i.inc_lock          ff.o
    0x080050f4   0x080050f4   0x00000026   Code   RO         4120    i.ld_clust          ff.o
    0x0800511a   0x0800511a   0x00000016   Code   RO         4121    i.ld_dword          ff.o
    0x08005130   0x08005130   0x0000000a   Code   RO         4122    i.ld_word           ff.o
    0x0800513a   0x0800513a   0x00000002   PAD
    0x0800513c   0x0800513c   0x00000108   Code   RO          262    i.main              main.o
    0x08005244   0x08005244   0x00000012   Code   RO         4123    i.mem_cpy           ff.o
    0x08005256   0x08005256   0x0000000c   Code   RO         4124    i.mem_set           ff.o
    0x08005262   0x08005262   0x00000032   Code   RO         4125    i.move_window       ff.o
    0x08005294   0x08005294   0x000000ea   Code   RO         4126    i.put_fat           ff.o
    0x0800537e   0x0800537e   0x00000074   Code   RO         4129    i.remove_chain      ff.o
    0x080053f2   0x080053f2   0x00000028   Code   RO         4130    i.st_clust          ff.o
    0x0800541a   0x0800541a   0x00000010   Code   RO         4131    i.st_dword          ff.o
    0x0800542a   0x0800542a   0x00000008   Code   RO         4132    i.st_word           ff.o
    0x08005432   0x08005432   0x00000002   PAD
    0x08005434   0x08005434   0x00000088   Code   RO         4133    i.sync_fs           ff.o
    0x080054bc   0x080054bc   0x00000052   Code   RO         4134    i.sync_window       ff.o
    0x0800550e   0x0800550e   0x00000034   Code   RO         4135    i.validate          ff.o
    0x08005542   0x08005542   0x00000002   PAD
    0x08005544   0x08005544   0x00000014   Data   RO          503    .constdata          sd_diskio.o
    0x08005558   0x08005558   0x00000008   Data   RO         3307    .constdata          stm32f4xx_hal_dma.o
    0x08005560   0x08005560   0x00000010   Data   RO         3988    .constdata          system_stm32f4xx.o
    0x08005570   0x08005570   0x00000008   Data   RO         3989    .constdata          system_stm32f4xx.o
    0x08005578   0x08005578   0x0000009c   Data   RO         4137    .constdata          ff.o
    0x08005614   0x08005614   0x00000020   Data   RO         4798    Region$$Table       anon$$obj.o


    Execution Region RW_IRAM1 (Exec base: 0x20000000, Load base: 0x08005634, Size: 0x00004800, Max: 0x00040000, ABSOLUTE)

    Exec Addr    Load Addr    Size         Type   Attr      Idx    E Section Name        Object

    0x20000000   0x08005634   0x00000008   Data   RW           25    .data               nextion.o
    0x20000008   0x0800563c   0x00000008   Data   RW          267    .data               main.o
    0x20000010   0x08005644   0x00000001   Data   RW          504    .data               sd_diskio.o
    0x20000011   0x08005645   0x00000005   Data   RW          561    .data               fatfs.o
    0x20000016   0x0800564a   0x00000002   PAD
    0x20000018   0x0800564c   0x0000000c   Data   RW         3758    .data               stm32f4xx_hal.o
    0x20000024   0x08005658   0x00000004   Data   RW         3990    .data               system_stm32f4xx.o
    0x20000028   0x0800565c   0x00000008   Data   RW         4138    .data               ff.o
    0x20000030        -       0x00000742   Zero   RW          263    .bss                main.o
    0x20000772   0x08005664   0x00000002   PAD
    0x20000774        -       0x00000060   Zero   RW          264    .bss                main.o
    0x200007d4        -       0x00000020   Zero   RW         4136    .bss                ff.o
    0x200007f4        -       0x0000000c   Zero   RW         4415    .bss                ff_gen_drv.o
    0x20000800        -       0x00004000   Zero   RW            1    STACK               startup_stm32f412rx.o


==============================================================================

Image component sizes


      Code (inc. data)   RO Data    RW Data    ZI Data      Debug   Object Name

       136         26          0          0          0       3698   bsp_driver_sd.o
       148         24          0          0          0       4377   diskio.o
        32         10          0          5          0       1636   fatfs.o
      4878         82        156          8         32      43479   ff.o
        70          6          0          0         12       1795   ff_gen_drv.o
      1202        132          0          8       1954      10358   main.o
      1404        270          0          8          0     696178   nextion.o
       220         14         20          1          0       4720   sd_diskio.o
        36          8        452          0      16384        848   startup_stm32f412rx.o
       180         28          0         12          0       5193   stm32f4xx_hal.o
      1046          0          0          0          0      12270   stm32f4xx_hal_can.o
       198         14          0          0          0      34591   stm32f4xx_hal_cortex.o
      1090         16          8          0          0       8214   stm32f4xx_hal_dma.o
       402         30          0          0          0       2900   stm32f4xx_hal_gpio.o
       684         76          0          0          0       4128   stm32f4xx_hal_msp.o
       464         50          0          0          0       4236   stm32f4xx_hal_rcc.o
      1408         54          0          0          0       3812   stm32f4xx_hal_rcc_ex.o
      1912          4          0          0          0      10804   stm32f4xx_hal_sd.o
      1016         44          0          0          0      12168   stm32f4xx_hal_tim.o
        70          0          0          0          0       2957   stm32f4xx_hal_tim_ex.o
      2142         26          0          0          0      16201   stm32f4xx_hal_uart.o
       116         36          0          0          0       7093   stm32f4xx_it.o
      1516         44          0          0          0      23436   stm32f4xx_ll_sdmmc.o
        84         18         24          4          0       1379   system_stm32f4xx.o

    ----------------------------------------------------------------------
     20500       1012        692         48      18384     916471   Object Totals
         0          0         32          0          0          0   (incl. Generated)
        46          0          0          2          2          0   (incl. Padding)

    ----------------------------------------------------------------------

      Code (inc. data)   RO Data    RW Data    ZI Data      Debug   Library Member Name

         0          0          0          0          0          0   entry.o
         0          0          0          0          0          0   entry10a.o
         0          0          0          0          0          0   entry11a.o
         8          4          0          0          0          0   entry2.o
         4          0          0          0          0          0   entry5.o
         0          0          0          0          0          0   entry7b.o
         0          0          0          0          0          0   entry8b.o
         8          4          0          0          0          0   entry9a.o
        30          0          0          0          0          0   handlers.o
        36          8          0          0          0         68   init.o
        30          0          0          0          0         68   llshl.o
        32          0          0          0          0         68   llushr.o
        36          0          0          0          0        108   memseta.o
       490         10          0          0          0        252   printf3.o
        24          0          0          0          0         68   strcat.o
        18          0          0          0          0         68   strcpy.o
        14          0          0          0          0         68   strlen.o
        44          0          0          0          0         80   uidiv.o
        98          0          0          0          0         92   uldiv.o

    ----------------------------------------------------------------------
       876         26          0          0          0        940   Library Totals
         4          0          0          0          0          0   (incl. Padding)

    ----------------------------------------------------------------------

      Code (inc. data)   RO Data    RW Data    ZI Data      Debug   Library Name

       872         26          0          0          0        940   mc_w.l

    ----------------------------------------------------------------------
       876         26          0          0          0        940   Library Totals

    ----------------------------------------------------------------------

==============================================================================


      Code (inc. data)   RO Data    RW Data    ZI Data      Debug   

     21376       1038        692         48      18384     896499   Grand Totals
     21376       1038        692         48      18384     896499   ELF Image Totals
     21376       1038        692         48          0          0   ROM Totals

==============================================================================

    Total RO  Size (Code + RO Data)                22068 (  21.55kB)
    Total RW  Size (RW Data + ZI Data)             18432 (  18.00kB)
    Total ROM Size (Code + RO Data + RW Data)      22116 (  21.60kB)

==============================================================================

