Component: ARM Compiler 5.06 update 6 (build 750) Tool: armlink [4d35ed]

==============================================================================

Section Cross References

    startup_stm32f412rx.o(RESET) refers to startup_stm32f412rx.o(STACK) for __initial_sp
    startup_stm32f412rx.o(RESET) refers to startup_stm32f412rx.o(.text) for Reset_Handler
    startup_stm32f412rx.o(RESET) refers to stm32f4xx_it.o(i.NMI_Handler) for NMI_Handler
    startup_stm32f412rx.o(RESET) refers to stm32f4xx_it.o(i.HardFault_Handler) for HardFault_Handler
    startup_stm32f412rx.o(RESET) refers to stm32f4xx_it.o(i.MemManage_Handler) for MemManage_Handler
    startup_stm32f412rx.o(RESET) refers to stm32f4xx_it.o(i.BusFault_Handler) for BusFault_Handler
    startup_stm32f412rx.o(RESET) refers to stm32f4xx_it.o(i.UsageFault_Handler) for UsageFault_Handler
    startup_stm32f412rx.o(RESET) refers to stm32f4xx_it.o(i.SVC_Handler) for SVC_Handler
    startup_stm32f412rx.o(RESET) refers to stm32f4xx_it.o(i.DebugMon_Handler) for DebugMon_Handler
    startup_stm32f412rx.o(RESET) refers to stm32f4xx_it.o(i.PendSV_Handler) for PendSV_Handler
    startup_stm32f412rx.o(RESET) refers to stm32f4xx_it.o(i.SysTick_Handler) for SysTick_Handler
    startup_stm32f412rx.o(RESET) refers to stm32f4xx_it.o(i.DMA1_Stream6_IRQHandler) for DMA1_Stream6_IRQHandler
    startup_stm32f412rx.o(RESET) refers to stm32f4xx_it.o(i.CAN1_RX0_IRQHandler) for CAN1_RX0_IRQHandler
    startup_stm32f412rx.o(RESET) refers to stm32f4xx_it.o(i.TIM1_UP_TIM10_IRQHandler) for TIM1_UP_TIM10_IRQHandler
    startup_stm32f412rx.o(RESET) refers to stm32f4xx_it.o(i.TIM2_IRQHandler) for TIM2_IRQHandler
    startup_stm32f412rx.o(RESET) refers to stm32f4xx_it.o(i.TIM3_IRQHandler) for TIM3_IRQHandler
    startup_stm32f412rx.o(RESET) refers to stm32f4xx_it.o(i.USART2_IRQHandler) for USART2_IRQHandler
    startup_stm32f412rx.o(.text) refers to system_stm32f4xx.o(i.SystemInit) for SystemInit
    startup_stm32f412rx.o(.text) refers to entry.o(.ARM.Collect$$$$00000000) for __main
    nextion.o(i.AddToBuffor_P) refers to printf3.o(i.__0sprintf$3) for __2sprintf
    nextion.o(i.AddToBuffor_P) refers to strcpy.o(.text) for strcpy
    nextion.o(i.AddToBuffor_P) refers to strcat.o(.text) for strcat
    nextion.o(i.AddToBuffor_R) refers to printf3.o(i.__0sprintf$3) for __2sprintf
    nextion.o(i.AddToBuffor_R) refers to strcpy.o(.text) for strcpy
    nextion.o(i.AddToBuffor_R) refers to strcat.o(.text) for strcat
    nextion.o(i.AddToBuffor_SD) refers to printf3.o(i.__0sprintf$3) for __2sprintf
    nextion.o(i.CanGetMsgData) refers to main.o(.bss) for hcan1
    nextion.o(i.LED0_Off) refers to stm32f4xx_hal_uart.o(i.HAL_UART_Transmit) for HAL_UART_Transmit
    nextion.o(i.LED0_Off) refers to main.o(.bss) for huart2
    nextion.o(i.LED0_Off) refers to nextion.o(.data) for .data
    nextion.o(i.LED0_On) refers to stm32f4xx_hal_uart.o(i.HAL_UART_Transmit) for HAL_UART_Transmit
    nextion.o(i.LED0_On) refers to main.o(.bss) for huart2
    nextion.o(i.LED0_On) refers to nextion.o(.data) for .data
    nextion.o(i.Nextion_SDRun) refers to nextion.o(i.SDInit) for SDInit
    nextion.o(i.Nextion_SDRun) refers to ff.o(i.f_lseek) for f_lseek
    nextion.o(i.Nextion_SDRun) refers to strlen.o(.text) for strlen
    nextion.o(i.Nextion_SDRun) refers to ff.o(i.f_write) for f_write
    nextion.o(i.Nextion_SDRun) refers to ff.o(i.f_sync) for f_sync
    nextion.o(i.Nextion_SendValue) refers to strlen.o(.text) for strlen
    nextion.o(i.Nextion_SendValue) refers to stm32f4xx_hal_uart.o(i.HAL_UART_Transmit_DMA) for HAL_UART_Transmit_DMA
    nextion.o(i.Nextion_SendValue) refers to main.o(.bss) for huart2
    nextion.o(i.Process_uart) refers to stm32f4xx_hal_tim.o(i.HAL_TIM_Base_Stop_IT) for HAL_TIM_Base_Stop_IT
    nextion.o(i.Process_uart) refers to nextion.o(i.LED0_On) for LED0_On
    nextion.o(i.Process_uart) refers to stm32f4xx_hal_tim.o(i.HAL_TIM_Base_Start_IT) for HAL_TIM_Base_Start_IT
    nextion.o(i.Process_uart) refers to nextion.o(i.SDkoniec) for SDkoniec
    nextion.o(i.Process_uart) refers to nextion.o(i.LED0_Off) for LED0_Off
    nextion.o(i.Process_uart) refers to main.o(.bss) for htim1
    nextion.o(i.SDInit) refers to ff.o(i.f_mount) for f_mount
    nextion.o(i.SDInit) refers to stm32f4xx_hal_uart.o(i.HAL_UART_Transmit) for HAL_UART_Transmit
    nextion.o(i.SDInit) refers to ff.o(i.f_open) for f_open
    nextion.o(i.SDInit) refers to stm32f4xx_hal_tim.o(i.HAL_TIM_Base_Start_IT) for HAL_TIM_Base_Start_IT
    nextion.o(i.SDInit) refers to fatfs.o(.data) for SDPath
    nextion.o(i.SDInit) refers to main.o(.bss) for huart2
    nextion.o(i.SDInit) refers to nextion.o(.data) for .data
    nextion.o(i.SDkoniec) refers to stm32f4xx_hal_tim.o(i.HAL_TIM_Base_Stop_IT) for HAL_TIM_Base_Stop_IT
    nextion.o(i.SDkoniec) refers to ff.o(i.f_close) for f_close
    nextion.o(i.SDkoniec) refers to stm32f4xx_hal_uart.o(i.HAL_UART_Transmit) for HAL_UART_Transmit
[...]
    i.SDMMC_CmdSendCID                       0x0800360c   Section        0  stm32f4xx_ll_sdmmc.o(i.SDMMC_CmdSendCID)
    i.SDMMC_CmdSendCSD                       0x08003638   Section        0  stm32f4xx_ll_sdmmc.o(i.SDMMC_CmdSendCSD)
    i.SDMMC_CmdSendStatus                    0x08003664   Section        0  stm32f4xx_ll_sdmmc.o(i.SDMMC_CmdSendStatus)
    i.SDMMC_CmdSetRelAdd                     0x08003696   Section        0  stm32f4xx_ll_sdmmc.o(i.SDMMC_CmdSetRelAdd)
    i.SDMMC_CmdStopTransfer                  0x080036c8   Section        0  stm32f4xx_ll_sdmmc.o(i.SDMMC_CmdStopTransfer)
    i.SDMMC_CmdWriteMultiBlock               0x080036fc   Section        0  stm32f4xx_ll_sdmmc.o(i.SDMMC_CmdWriteMultiBlock)
    i.SDMMC_CmdWriteSingleBlock              0x0800372e   Section        0  stm32f4xx_ll_sdmmc.o(i.SDMMC_CmdWriteSingleBlock)
    i.SDMMC_GetCmdError                      0x08003760   Section        0  stm32f4xx_ll_sdmmc.o(i.SDMMC_GetCmdError)
    SDMMC_GetCmdError                        0x08003761   Thumb Code    46  stm32f4xx_ll_sdmmc.o(i.SDMMC_GetCmdError)
    i.SDMMC_GetCmdResp1                      0x08003794   Section        0  stm32f4xx_ll_sdmmc.o(i.SDMMC_GetCmdResp1)
    SDMMC_GetCmdResp1                        0x08003795   Thumb Code   282  stm32f4xx_ll_sdmmc.o(i.SDMMC_GetCmdResp1)
    i.SDMMC_GetCmdResp2                      0x080038b8   Section        0  stm32f4xx_ll_sdmmc.o(i.SDMMC_GetCmdResp2)
    SDMMC_GetCmdResp2                        0x080038b9   Thumb Code    76  stm32f4xx_ll_sdmmc.o(i.SDMMC_GetCmdResp2)
    i.SDMMC_GetCmdResp3                      0x08003908   Section        0  stm32f4xx_ll_sdmmc.o(i.SDMMC_GetCmdResp3)
    SDMMC_GetCmdResp3                        0x08003909   Thumb Code    62  stm32f4xx_ll_sdmmc.o(i.SDMMC_GetCmdResp3)
    i.SDMMC_GetCmdResp6                      0x0800394c   Section        0  stm32f4xx_ll_sdmmc.o(i.SDMMC_GetCmdResp6)
    SDMMC_GetCmdResp6                        0x0800394d   Thumb Code   134  stm32f4xx_ll_sdmmc.o(i.SDMMC_GetCmdResp6)
    i.SDMMC_GetCmdResp7                      0x080039d8   Section        0  stm32f4xx_ll_sdmmc.o(i.SDMMC_GetCmdResp7)
    SDMMC_GetCmdResp7                        0x080039d9   Thumb Code    66  stm32f4xx_ll_sdmmc.o(i.SDMMC_GetCmdResp7)
    i.SD_CheckStatus                         0x08003a20   Section        0  sd_diskio.o(i.SD_CheckStatus)
    SD_CheckStatus                           0x08003a21   Thumb Code    26  sd_diskio.o(i.SD_CheckStatus)
    i.SD_InitCard                            0x08003a40   Section        0  stm32f4xx_hal_sd.o(i.SD_InitCard)
    SD_InitCard                              0x08003a41   Thumb Code   226  stm32f4xx_hal_sd.o(i.SD_InitCard)
    i.SD_PowerON                             0x08003b22   Section        0  stm32f4xx_hal_sd.o(i.SD_PowerON)
    SD_PowerON                               0x08003b23   Thumb Code   196  stm32f4xx_hal_sd.o(i.SD_PowerON)
    i.SD_SendStatus                          0x08003be6   Section        0  stm32f4xx_hal_sd.o(i.SD_SendStatus)
    SD_SendStatus                            0x08003be7   Thumb Code    46  stm32f4xx_hal_sd.o(i.SD_SendStatus)
    i.SD_initialize                          0x08003c14   Section        0  sd_diskio.o(i.SD_initialize)
    i.SD_ioctl                               0x08003c34   Section        0  sd_diskio.o(i.SD_ioctl)
    i.SD_read                                0x08003c90   Section        0  sd_diskio.o(i.SD_read)
    i.SD_status                              0x08003cb0   Section        0  sd_diskio.o(i.SD_status)
    i.SD_write                               0x08003cb4   Section        0  sd_diskio.o(i.SD_write)
    i.SDkoniec                               0x08003cd4   Section        0  nextion.o(i.SDkoniec)
    i.SVC_Handler                            0x08003d60   Section        0  stm32f4xx_it.o(i.SVC_Handler)
    i.SysTick_Handler                        0x08003d62   Section        0  stm32f4xx_it.o(i.SysTick_Handler)
    i.SystemClock_Config                     0x08003d68   Section        0  main.o(i.SystemClock_Config)
    i.SystemInit                             0x08003e18   Section        0  system_stm32f4xx.o(i.SystemInit)
    i.TIM1_UP_TIM10_IRQHandler               0x08003e6c   Section        0  stm32f4xx_it.o(i.TIM1_UP_TIM10_IRQHandler)
    i.TIM2_IRQHandler                        0x08003e78   Section        0  stm32f4xx_it.o(i.TIM2_IRQHandler)
    i.TIM3_IRQHandler                        0x08003e84   Section        0  stm32f4xx_it.o(i.TIM3_IRQHandler)
    i.TIM_Base_SetConfig                     0x08003e90   Section        0  stm32f4xx_hal_tim.o(i.TIM_Base_SetConfig)
    i.TIM_ETR_SetConfig                      0x08003f5c   Section        0  stm32f4xx_hal_tim.o(i.TIM_ETR_SetConfig)
    i.TIM_ITRx_SetConfig                     0x08003f70   Section        0  stm32f4xx_hal_tim.o(i.TIM_ITRx_SetConfig)
    TIM_ITRx_SetConfig                       0x08003f71   Thumb Code    16  stm32f4xx_hal_tim.o(i.TIM_ITRx_SetConfig)
    i.TIM_TI1_ConfigInputStage               0x08003f80   Section        0  stm32f4xx_hal_tim.o(i.TIM_TI1_ConfigInputStage)
    TIM_TI1_ConfigInputStage                 0x08003f81   Thumb Code    34  stm32f4xx_hal_tim.o(i.TIM_TI1_ConfigInputStage)
    i.TIM_TI2_ConfigInputStage               0x08003fa2   Section        0  stm32f4xx_hal_tim.o(i.TIM_TI2_ConfigInputStage)
    TIM_TI2_ConfigInputStage                 0x08003fa3   Thumb Code    36  stm32f4xx_hal_tim.o(i.TIM_TI2_ConfigInputStage)
    i.UART_DMAAbortOnError                   0x08003fc6   Section        0  stm32f4xx_hal_uart.o(i.UART_DMAAbortOnError)
    UART_DMAAbortOnError                     0x08003fc7   Thumb Code    16  stm32f4xx_hal_uart.o(i.UART_DMAAbortOnError)
    i.UART_DMAError                          0x08003fd6   Section        0  stm32f4xx_hal_uart.o(i.UART_DMAError)
    UART_DMAError                            0x08003fd7   Thumb Code    74  stm32f4xx_hal_uart.o(i.UART_DMAError)
    i.UART_DMATransmitCplt                   0x08004020   Section        0  stm32f4xx_hal_uart.o(i.UART_DMATransmitCplt)
    UART_DMATransmitCplt                     0x08004021   Thumb Code    46  stm32f4xx_hal_uart.o(i.UART_DMATransmitCplt)
    i.UART_DMATxHalfCplt                     0x0800404e   Section        0  stm32f4xx_hal_uart.o(i.UART_DMATxHalfCplt)
    UART_DMATxHalfCplt                       0x0800404f   Thumb Code    10  stm32f4xx_hal_uart.o(i.UART_DMATxHalfCplt)
    i.UART_EndRxTransfer                     0x08004058   Section        0  stm32f4xx_hal_uart.o(i.UART_EndRxTransfer)
    UART_EndRxTransfer                       0x08004059   Thumb Code    28  stm32f4xx_hal_uart.o(i.UART_EndRxTransfer)
    i.UART_EndTransmit_IT                    0x08004074   Section        0  stm32f4xx_hal_uart.o(i.UART_EndTransmit_IT)
    UART_EndTransmit_IT                      0x08004075   Thumb Code    26  stm32f4xx_hal_uart.o(i.UART_EndTransmit_IT)
    i.UART_EndTxTransfer                     0x0800408e   Section        0  stm32f4xx_hal_uart.o(i.UART_EndTxTransfer)
    UART_EndTxTransfer                       0x0800408f   Thumb Code    18  stm32f4xx_hal_uart.o(i.UART_EndTxTransfer)
    i.UART_Receive_IT                        0x080040a0   Section        0  stm32f4xx_hal_uart.o(i.UART_Receive_IT)
    UART_Receive_IT                          0x080040a1   Thumb Code   156  stm32f4xx_hal_uart.o(i.UART_Receive_IT)
    i.UART_SetConfig                         0x0800413c   Section        0  stm32f4xx_hal_uart.o(i.UART_SetConfig)
    UART_SetConfig                           0x0800413d   Thumb Code   780  stm32f4xx_hal_uart.o(i.UART_SetConfig)
    i.UART_Transmit_IT                       0x08004450   Section        0  stm32f4xx_hal_uart.o(i.UART_Transmit_IT)
    UART_Transmit_IT                         0x08004451   Thumb Code   102  stm32f4xx_hal_uart.o(i.UART_Transmit_IT)
    i.UART_WaitOnFlagUntilTimeout            0x080044b6   Section        0  stm32f4xx_hal_uart.o(i.UART_WaitOnFlagUntilTimeout)
    UART_WaitOnFlagUntilTimeout              0x080044b7   Thumb Code   100  stm32f4xx_hal_uart.o(i.UART_WaitOnFlagUntilTimeout)
    i.USART2_IRQHandler                      0x0800451c   Section        0  stm32f4xx_it.o(i.USART2_IRQHandler)
    i.UsageFault_Handler                     0x08004540   Section        0  stm32f4xx_it.o(i.UsageFault_Handler)
    i.__0sprintf$3                           0x08004544   Section        0  printf3.o(i.__0sprintf$3)
    i.__NVIC_SetPriority                     0x0800456c   Section        0  stm32f4xx_hal_cortex.o(i.__NVIC_SetPriority)
    __NVIC_SetPriority                       0x0800456d   Thumb Code    32  stm32f4xx_hal_cortex.o(i.__NVIC_SetPriority)
    i.__scatterload_copy                     0x0800458c   Section       14  handlers.o(i.__scatterload_copy)
    i.__scatterload_null                     0x0800459a   Section        2  handlers.o(i.__scatterload_null)
    i.__scatterload_zeroinit                 0x0800459c   Section       14  handlers.o(i.__scatterload_zeroinit)
    i._printf_core                           0x080045ac   Section        0  printf3.o(i._printf_core)
    _printf_core                             0x080045ad   Thumb Code   436  printf3.o(i._printf_core)
    i._sputc                                 0x08004764   Section        0  printf3.o(i._sputc)
    _sputc                                   0x08004765   Thumb Code    10  printf3.o(i._sputc)
    i.check_fs                               0x08004770   Section        0  ff.o(i.check_fs)
    check_fs                                 0x08004771   Thumb Code   106  ff.o(i.check_fs)
    i.chk_chr                                0x080047e4   Section        0  ff.o(i.chk_chr)
    chk_chr                                  0x080047e5   Thumb Code    16  ff.o(i.chk_chr)
    i.chk_lock                               0x080047f4   Section        0  ff.o(i.chk_lock)
    chk_lock                                 0x080047f5   Thumb Code    92  ff.o(i.chk_lock)
    i.clear_lock                             0x08004854   Section        0  ff.o(i.clear_lock)
    clear_lock                               0x08004855   Thumb Code    28  ff.o(i.clear_lock)
    i.clmt_clust                             0x08004874   Section        0  ff.o(i.clmt_clust)
    clmt_clust                               0x08004875   Thumb Code    38  ff.o(i.clmt_clust)
    i.clust2sect                             0x0800489a   Section        0  ff.o(i.clust2sect)
    clust2sect                               0x0800489b   Thumb Code    24  ff.o(i.clust2sect)
    i.create_chain                           0x080048b2   Section        0  ff.o(i.create_chain)
    create_chain                             0x080048b3   Thumb Code   176  ff.o(i.create_chain)
    i.create_name                            0x08004964   Section        0  ff.o(i.create_name)
    create_name                              0x08004965   Thumb Code   188  ff.o(i.create_name)
    i.dec_lock                               0x08004a34   Section        0  ff.o(i.dec_lock)
    dec_lock                                 0x08004a35   Thumb Code    44  ff.o(i.dec_lock)
    i.dir_alloc                              0x08004a64   Section        0  ff.o(i.dir_alloc)
    dir_alloc                                0x08004a65   Thumb Code    74  ff.o(i.dir_alloc)
    i.dir_find                               0x08004aae   Section        0  ff.o(i.dir_find)
    dir_find                                 0x08004aaf   Thumb Code    84  ff.o(i.dir_find)
    i.dir_next                               0x08004b02   Section        0  ff.o(i.dir_next)
    dir_next                                 0x08004b03   Thumb Code   266  ff.o(i.dir_next)
    i.dir_register                           0x08004c0c   Section        0  ff.o(i.dir_register)
    dir_register                             0x08004c0d   Thumb Code    60  ff.o(i.dir_register)
    i.dir_sdi                                0x08004c48   Section        0  ff.o(i.dir_sdi)
    dir_sdi                                  0x08004c49   Thumb Code   148  ff.o(i.dir_sdi)
    i.disk_initialize                        0x08004cdc   Section        0  diskio.o(i.disk_initialize)
    i.disk_ioctl                             0x08004d08   Section        0  diskio.o(i.disk_ioctl)
    i.disk_read                              0x08004d24   Section        0  diskio.o(i.disk_read)
    i.disk_status                            0x08004d40   Section        0  diskio.o(i.disk_status)
    i.disk_write                             0x08004d58   Section        0  diskio.o(i.disk_write)
    i.enq_lock                               0x08004d74   Section        0  ff.o(i.enq_lock)
    enq_lock                                 0x08004d75   Thumb Code    34  ff.o(i.enq_lock)
    i.f_close                                0x08004d9c   Section        0  ff.o(i.f_close)
    i.f_lseek                                0x08004dc6   Section        0  ff.o(i.f_lseek)
    i.f_mount                                0x08005000   Section        0  ff.o(i.f_mount)
    i.f_open                                 0x08005060   Section        0  ff.o(i.f_open)
    i.f_sync                                 0x08005252   Section        0  ff.o(i.f_sync)
    i.f_write                                0x080052e2   Section        0  ff.o(i.f_write)
    i.find_volume                            0x08005494   Section        0  ff.o(i.find_volume)
    find_volume                              0x08005495   Thumb Code   624  ff.o(i.find_volume)
    i.follow_path                            0x08005710   Section        0  ff.o(i.follow_path)
    follow_path                              0x08005711   Thumb Code   120  ff.o(i.follow_path)
    i.get_fat                                0x08005788   Section        0  ff.o(i.get_fat)
    get_fat                                  0x08005789   Thumb Code   196  ff.o(i.get_fat)
    i.get_fattime                            0x0800584c   Section        0  fatfs.o(i.get_fattime)
    i.get_ldnumber                           0x08005850   Section        0  ff.o(i.get_ldnumber)
    get_ldnumber                             0x08005851   Thumb Code    66  ff.o(i.get_ldnumber)
    i.inc_lock                               0x08005894   Section        0  ff.o(i.inc_lock)
    inc_lock                                 0x08005895   Thumb Code   132  ff.o(i.inc_lock)
    i.ld_clust                               0x0800591c   Section        0  ff.o(i.ld_clust)
    ld_clust                                 0x0800591d   Thumb Code    38  ff.o(i.ld_clust)
    i.ld_dword                               0x08005942   Section        0  ff.o(i.ld_dword)
    ld_dword                                 0x08005943   Thumb Code    22  ff.o(i.ld_dword)
    i.ld_word                                0x08005958   Section        0  ff.o(i.ld_word)
    ld_word                                  0x08005959   Thumb Code    10  ff.o(i.ld_word)
    i.main                                   0x08005964   Section        0  main.o(i.main)
    i.mem_cmp                                0x08005a54   Section        0  ff.o(i.mem_cmp)
    mem_cmp                                  0x08005a55   Thumb Code    24  ff.o(i.mem_cmp)
    i.mem_cpy                                0x08005a6c   Section        0  ff.o(i.mem_cpy)
    mem_cpy                                  0x08005a6d   Thumb Code    18  ff.o(i.mem_cpy)
    i.mem_set                                0x08005a7e   Section        0  ff.o(i.mem_set)
    mem_set                                  0x08005a7f   Thumb Code    12  ff.o(i.mem_set)
    i.move_window                            0x08005a8a   Section        0  ff.o(i.move_window)
    move_window                              0x08005a8b   Thumb Code    52  ff.o(i.move_window)
    i.put_fat                                0x08005abe   Section        0  ff.o(i.put_fat)
    put_fat                                  0x08005abf   Thumb Code   250  ff.o(i.put_fat)
    i.remove_chain                           0x08005bb8   Section        0  ff.o(i.remove_chain)
    remove_chain                             0x08005bb9   Thumb Code   120  ff.o(i.remove_chain)
    i.st_clust                               0x08005c30   Section        0  ff.o(i.st_clust)
    st_clust                                 0x08005c31   Thumb Code    40  ff.o(i.st_clust)
    i.st_dword                               0x08005c58   Section        0  ff.o(i.st_dword)
    st_dword                                 0x08005c59   Thumb Code    16  ff.o(i.st_dword)
    i.st_word                                0x08005c68   Section        0  ff.o(i.st_word)
    st_word                                  0x08005c69   Thumb Code     8  ff.o(i.st_word)
    i.sync_fs                                0x08005c70   Section        0  ff.o(i.sync_fs)
    sync_fs                                  0x08005c71   Thumb Code   128  ff.o(i.sync_fs)
    i.sync_window                            0x08005cf8   Section        0  ff.o(i.sync_window)
    sync_window                              0x08005cf9   Thumb Code    84  ff.o(i.sync_window)
    i.validate                               0x08005d4c   Section        0  ff.o(i.validate)
    validate                                 0x08005d4d   Thumb Code    54  ff.o(i.validate)
    .constdata                               0x08005d84   Section       20  sd_diskio.o(.constdata)
    .constdata                               0x08005d98   Section        8  stm32f4xx_hal_dma.o(.constdata)
    flagBitshiftOffset                       0x08005d98   Data           8  stm32f4xx_hal_dma.o(.constdata)
    .constdata                               0x08005da0   Section       16  system_stm32f4xx.o(.constdata)
    .constdata                               0x08005db0   Section        8  system_stm32f4xx.o(.constdata)
    .constdata                               0x08005db8   Section      156  ff.o(.constdata)
    ExCvt                                    0x08005db8   Data         128  ff.o(.constdata)
    cst                                      0x08005e38   Data          14  ff.o(.constdata)
    cst32                                    0x08005e46   Data          14  ff.o(.constdata)
    .data                                    0x20000000   Section        8  nextion.o(.data)
    nr_pliku                                 0x20000004   Data           4  nextion.o(.data)
    .data                                    0x20000008   Section        9  main.o(.data)
    .data                                    0x20000011   Section        1  sd_diskio.o(.data)
    Stat                                     0x20000011   Data           1  sd_diskio.o(.data)
    .data                                    0x20000012   Section        5  fatfs.o(.data)
    .data                                    0x20000018   Section       12  stm32f4xx_hal.o(.data)
    .data                                    0x20000024   Section        4  system_stm32f4xx.o(.data)
    .data                                    0x20000028   Section        8  ff.o(.data)
    Fsid                                     0x20000028   Data           2  ff.o(.data)
    FatFs                                    0x2000002c   Data           4  ff.o(.data)
    .bss                                     0x20000030   Section     1918  main.o(.bss)
    CANRxh                                   0x200001dc   Data          28  main.o(.bss)
    .bss                                     0x200007b0   Section       96  main.o(.bss)
    .bss                                     0x20000810   Section       32  ff.o(.bss)
    Files                                    0x20000810   Data          32  ff.o(.bss)
    .bss                                     0x20000830   Section       12  ff_gen_drv.o(.bss)
    STACK                                    0x20000840   Section    16384  startup_stm32f412rx.o(STACK)

    Global Symbols

    Symbol Name                              Value     Ov Type        Size  Object(Section)

    BuildAttributes$$THM_ISAv4$E$P$D$K$B$S$7EM$VFPi3$EXTD16$VFPS$VFMA$PE$A:L22UL41UL21$X:L11$S22US41US21$IEEE1$IW$USESV6$~STKCKD$USESV7$~SHL$OSPACE$ROPI$EBA8$MICROLIB$REQ8$PRES8$EABIv2 0x00000000   Number         0  anon$$obj.o ABSOLUTE
    __ARM_use_no_argv                        0x00000000   Number         0  main.o ABSOLUTE
    _printf_a                                0x00000000   Number         0  stubs.o ABSOLUTE
    _printf_c                                0x00000000   Number         0  stubs.o ABSOLUTE
    _printf_charcount                        0x00000000   Number         0  stubs.o ABSOLUTE
    _printf_d                                0x00000000   Number         0  stubs.o ABSOLUTE
    _printf_e                                0x00000000   Number         0  stubs.o ABSOLUTE
    _printf_f                                0x00000000   Number         0  stubs.o ABSOLUTE
    _printf_flags                            0x00000000   Number         0  stubs.o ABSOLUTE
    _printf_fp_dec                           0x00000000   Number         0  stubs.o ABSOLUTE
    _printf_fp_hex                           0x00000000   Number         0  stubs.o ABSOLUTE
    _printf_g                                0x00000000   Number         0  stubs.o ABSOLUTE
    _printf_i                                0x00000000   Number         0  stubs.o ABSOLUTE
    _printf_int_dec                          0x00000000   Number         0  stubs.o ABSOLUTE
    _printf_l                                0x00000000   Number         0  stubs.o ABSOLUTE
    _printf_lc                               0x00000000   Number         0  stubs.o ABSOLUTE
    _printf_ll                               0x00000000   Number         0  stubs.o ABSOLUTE
    _printf_lld                              0x00000000   Number         0  stubs.o ABSOLUTE
    _printf_lli                              0x00000000   Number         0  stubs.o ABSOLUTE
    _printf_llo                              0x00000000   Number         0  stubs.o ABSOLUTE
    _printf_llu                              0x00000000   Number         0  stubs.o ABSOLUTE
    _printf_llx                              0x00000000   Number         0  stubs.o ABSOLUTE
    _printf_longlong_dec                     0x00000000   Number         0  stubs.o ABSOLUTE
    _printf_longlong_hex                     0x00000000   Number         0  stubs.o ABSOLUTE
    _printf_longlong_oct                     0x00000000   Number         0  stubs.o ABSOLUTE
    _printf_ls                               0x00000000   Number         0  stubs.o ABSOLUTE
    _printf_mbtowc                           0x00000000   Number         0  stubs.o ABSOLUTE
    _printf_n                                0x00000000   Number         0  stubs.o ABSOLUTE
    _printf_o                                0x00000000   Number         0  stubs.o ABSOLUTE
    _printf_p                                0x00000000   Number         0  stubs.o ABSOLUTE
    _printf_percent                          0x00000000   Number         0  stubs.o ABSOLUTE
    _printf_pre_padding                      0x00000000   Number         0  stubs.o ABSOLUTE
    _printf_return_value                     0x00000000   Number         0  stubs.o ABSOLUTE
    _printf_s                                0x00000000   Number         0  stubs.o ABSOLUTE
    _printf_sizespec                         0x00000000   Number         0  stubs.o ABSOLUTE
    _printf_str                              0x00000000   Number         0  stubs.o ABSOLUTE
    _printf_truncate_signed                  0x00000000   Number         0  stubs.o ABSOLUTE
    _printf_truncate_unsigned                0x00000000   Number         0  stubs.o ABSOLUTE
    _printf_u                                0x00000000   Number         0  stubs.o ABSOLUTE
    _printf_wc                               0x00000000   Number         0  stubs.o ABSOLUTE
    _printf_wctomb                           0x00000000   Number         0  stubs.o ABSOLUTE
    _printf_widthprec                        0x00000000   Number         0  stubs.o ABSOLUTE
    _printf_x                                0x00000000   Number         0  stubs.o ABSOLUTE
    __cpp_initialize__aeabi_                  - Undefined Weak Reference
    __cxa_finalize                            - Undefined Weak Reference
    __decompress                              - Undefined Weak Reference
    _clock_init                               - Undefined Weak Reference
    _microlib_exit                            - Undefined Weak Reference
    __Vectors_Size                           0x000001c4   Number         0  startup_stm32f412rx.o ABSOLUTE
    __Vectors                                0x08000000   Data           4  startup_stm32f412rx.o(RESET)
    __Vectors_End                            0x080001c4   Data           0  startup_stm32f412rx.o(RESET)
    __main                                   0x080001c5   Thumb Code     0  entry.o(.ARM.Collect$$$$00000000)
    _main_stk                                0x080001c5   Thumb Code     0  entry2.o(.ARM.Collect$$$$00000001)
    _main_scatterload                        0x080001c9   Thumb Code     0  entry5.o(.ARM.Collect$$$$00000004)
    __main_after_scatterload                 0x080001cd   Thumb Code     0  entry5.o(.ARM.Collect$$$$00000004)
    _main_clock                              0x080001cd   Thumb Code     0  entry7b.o(.ARM.Collect$$$$00000008)
    _main_cpp_init                           0x080001cd   Thumb Code     0  entry8b.o(.ARM.Collect$$$$0000000A)
    _main_init                               0x080001cd   Thumb Code     0  entry9a.o(.ARM.Collect$$$$0000000B)
    __rt_final_cpp                           0x080001d5   Thumb Code     0  entry10a.o(.ARM.Collect$$$$0000000D)
    __rt_final_exit                          0x080001d5   Thumb Code     0  entry11a.o(.ARM.Collect$$$$0000000F)
    Reset_Handler                            0x080001d9   Thumb Code     8  startup_stm32f412rx.o(.text)
    ADC_IRQHandler                           0x080001f3   Thumb Code     0  startup_stm32f412rx.o(.text)
    CAN1_RX1_IRQHandler                      0x080001f3   Thumb Code     0  startup_stm32f412rx.o(.text)
    CAN1_SCE_IRQHandler                      0x080001f3   Thumb Code     0  startup_stm32f412rx.o(.text)
    CAN1_TX_IRQHandler                       0x080001f3   Thumb Code     0  startup_stm32f412rx.o(.text)
    CAN2_RX0_IRQHandler                      0x080001f3   Thumb Code     0  startup_stm32f412rx.o(.text)
    CAN2_RX1_IRQHandler                      0x080001f3   Thumb Code     0  startup_stm32f412rx.o(.text)
    CAN2_SCE_IRQHandler                      0x080001f3   Thumb Code     0  startup_stm32f412rx.o(.text)
    CAN2_TX_IRQHandler                       0x080001f3   Thumb Code     0  startup_stm32f412rx.o(.text)
    DFSDM1_FLT0_IRQHandler                   0x080001f3   Thumb Code     0  startup_stm32f412rx.o(.text)
    DFSDM1_FLT1_IRQHandler                   0x080001f3   Thumb Code     0  startup_stm32f412rx.o(.text)
    DMA1_Stream0_IRQHandler                  0x080001f3   Thumb Code     0  startup_stm32f412rx.o(.text)
    DMA1_Stream1_IRQHandler                  0x080001f3   Thumb Code     0  startup_stm32f412rx.o(.text)
    DMA1_Stream2_IRQHandler                  0x080001f3   Thumb Code     0  startup_stm32f412rx.o(.text)
    DMA1_Stream3_IRQHandler                  0x080001f3   Thumb Code     0  startup_stm32f412rx.o(.text)
    DMA1_Stream4_IRQHandler                  0x080001f3   Thumb Code     0  startup_stm32f412rx.o(.text)
    DMA1_Stream5_IRQHandler                  0x080001f3   Thumb Code     0  startup_stm32f412rx.o(.text)
    DMA1_Stream7_IRQHandler                  0x080001f3   Thumb Code     0  startup_stm32f412rx.o(.text)
    DMA2_Stream0_IRQHandler                  0x080001f3   Thumb Code     0  startup_stm32f412rx.o(.text)
    DMA2_Stream1_IRQHandler                  0x080001f3   Thumb Code     0  startup_stm32f412rx.o(.text)
    DMA2_Stream2_IRQHandler                  0x080001f3   Thumb Code     0  startup_stm32f412rx.o(.text)
    DMA2_Stream3_IRQHandler                  0x080001f3   Thumb Code     0  startup_stm32f412rx.o(.text)
    DMA2_Stream4_IRQHandler                  0x080001f3   Thumb Code     0  startup_stm32f412rx.o(.text)
    DMA2_Stream5_IRQHandler                  0x080001f3   Thumb Code     0  startup_stm32f412rx.o(.text)
    DMA2_Stream6_IRQHandler                  0x080001f3   Thumb Code     0  startup_stm32f412rx.o(.text)
    DMA2_Stream7_IRQHandler                  0x080001f3   Thumb Code     0  startup_stm32f412rx.o(.text)
    EXTI0_IRQHandler                         0x080001f3   Thumb Code     0  startup_stm32f412rx.o(.text)
    EXTI15_10_IRQHandler                     0x080001f3   Thumb Code     0  startup_stm32f412rx.o(.text)
    EXTI1_IRQHandler                         0x080001f3   Thumb Code     0  startup_stm32f412rx.o(.text)
    EXTI2_IRQHandler                         0x080001f3   Thumb Code     0  startup_stm32f412rx.o(.text)
    EXTI3_IRQHandler                         0x080001f3   Thumb Code     0  startup_stm32f412rx.o(.text)
    EXTI4_IRQHandler                         0x080001f3   Thumb Code     0  startup_stm32f412rx.o(.text)
    EXTI9_5_IRQHandler                       0x080001f3   Thumb Code     0  startup_stm32f412rx.o(.text)
    FLASH_IRQHandler                         0x080001f3   Thumb Code     0  startup_stm32f412rx.o(.text)
    FMPI2C1_ER_IRQHandler                    0x080001f3   Thumb Code     0  startup_stm32f412rx.o(.text)
    FMPI2C1_EV_IRQHandler                    0x080001f3   Thumb Code     0  startup_stm32f412rx.o(.text)
    FPU_IRQHandler                           0x080001f3   Thumb Code     0  startup_stm32f412rx.o(.text)
    I2C1_ER_IRQHandler                       0x080001f3   Thumb Code     0  startup_stm32f412rx.o(.text)
    I2C1_EV_IRQHandler                       0x080001f3   Thumb Code     0  startup_stm32f412rx.o(.text)
    I2C2_ER_IRQHandler                       0x080001f3   Thumb Code     0  startup_stm32f412rx.o(.text)
    I2C2_EV_IRQHandler                       0x080001f3   Thumb Code     0  startup_stm32f412rx.o(.text)
    I2C3_ER_IRQHandler                       0x080001f3   Thumb Code     0  startup_stm32f412rx.o(.text)
    I2C3_EV_IRQHandler                       0x080001f3   Thumb Code     0  startup_stm32f412rx.o(.text)
    OTG_FS_IRQHandler                        0x080001f3   Thumb Code     0  startup_stm32f412rx.o(.text)
    OTG_FS_WKUP_IRQHandler                   0x080001f3   Thumb Code     0  startup_stm32f412rx.o(.text)
    PVD_IRQHandler                           0x080001f3   Thumb Code     0  startup_stm32f412rx.o(.text)
    QUADSPI_IRQHandler                       0x080001f3   Thumb Code     0  startup_stm32f412rx.o(.text)
    RCC_IRQHandler                           0x080001f3   Thumb Code     0  startup_stm32f412rx.o(.text)
    RNG_IRQHandler                           0x080001f3   Thumb Code     0  startup_stm32f412rx.o(.text)
    RTC_Alarm_IRQHandler                     0x080001f3   Thumb Code     0  startup_stm32f412rx.o(.text)
    RTC_WKUP_IRQHandler                      0x080001f3   Thumb Code     0  startup_stm32f412rx.o(.text)
    SDIO_IRQHandler                          0x080001f3   Thumb Code     0  startup_stm32f412rx.o(.text)
    SPI1_IRQHandler                          0x080001f3   Thumb Code     0  startup_stm32f412rx.o(.text)
    SPI2_IRQHandler                          0x080001f3   Thumb Code     0  startup_stm32f412rx.o(.text)
    SPI3_IRQHandler                          0x080001f3   Thumb Code     0  startup_stm32f412rx.o(.text)
    SPI4_IRQHandler                          0x080001f3   Thumb Code     0  startup_stm32f412rx.o(.text)
    SPI5_IRQHandler                          0x080001f3   Thumb Code     0  startup_stm32f412rx.o(.text)
    TAMP_STAMP_IRQHandler                    0x080001f3   Thumb Code     0  startup_stm32f412rx.o(.text)
    TIM1_BRK_TIM9_IRQHandler                 0x080001f3   Thumb Code     0  startup_stm32f412rx.o(.text)
    TIM1_CC_IRQHandler                       0x080001f3   Thumb Code     0  startup_stm32f412rx.o(.text)
    TIM1_TRG_COM_TIM11_IRQHandler            0x080001f3   Thumb Code     0  startup_stm32f412rx.o(.text)
    TIM4_IRQHandler                          0x080001f3   Thumb Code     0  startup_stm32f412rx.o(.text)
    TIM5_IRQHandler                          0x080001f3   Thumb Code     0  startup_stm32f412rx.o(.text)
    TIM6_IRQHandler                          0x080001f3   Thumb Code     0  startup_stm32f412rx.o(.text)
    TIM7_IRQHandler                          0x080001f3   Thumb Code     0  startup_stm32f412rx.o(.text)
    TIM8_BRK_TIM12_IRQHandler                0x080001f3   Thumb Code     0  startup_stm32f412rx.o(.text)
    TIM8_CC_IRQHandler                       0x080001f3   Thumb Code     0  startup_stm32f412rx.o(.text)
    TIM8_TRG_COM_TIM14_IRQHandler            0x080001f3   Thumb Code     0  startup_stm32f412rx.o(.text)
    TIM8_UP_TIM13_IRQHandler                 0x080001f3   Thumb Code     0  startup_stm32f412rx.o(.text)
    USART1_IRQHandler                        0x080001f3   Thumb Code     0  startup_stm32f412rx.o(.text)
    USART3_IRQHandler                        0x080001f3   Thumb Code     0  startup_stm32f412rx.o(.text)
    USART6_IRQHandler                        0x080001f3   Thumb Code     0  startup_stm32f412rx.o(.text)
    WWDG_IRQHandler                          0x080001f3   Thumb Code     0  startup_stm32f412rx.o(.text)
    __aeabi_uldivmod                         0x080001fd   Thumb Code    98  uldiv.o(.text)
    __aeabi_memset                           0x0800025f   Thumb Code    14  memseta.o(.text)
    __aeabi_memset4                          0x0800025f   Thumb Code     0  memseta.o(.text)
    __aeabi_memset8                          0x0800025f   Thumb Code     0  memseta.o(.text)
    __aeabi_memclr                           0x0800026d   Thumb Code     4  memseta.o(.text)
    __aeabi_memclr4                          0x0800026d   Thumb Code     0  memseta.o(.text)
    __aeabi_memclr8                          0x0800026d   Thumb Code     0  memseta.o(.text)
    _memset$wrapper                          0x08000271   Thumb Code    18  memseta.o(.text)
    strcat                                   0x08000283   Thumb Code    24  strcat.o(.text)
    strlen                                   0x0800029b   Thumb Code    14  strlen.o(.text)
    strcpy                                   0x080002a9   Thumb Code    18  strcpy.o(.text)
    __aeabi_uidiv                            0x080002bb   Thumb Code     0  uidiv.o(.text)
    __aeabi_uidivmod                         0x080002bb   Thumb Code    44  uidiv.o(.text)
    __aeabi_llsl                             0x080002e7   Thumb Code    30  llshl.o(.text)
    _ll_shift_l                              0x080002e7   Thumb Code     0  llshl.o(.text)
    __aeabi_llsr                             0x08000305   Thumb Code    32  llushr.o(.text)
    _ll_ushift_r                             0x08000305   Thumb Code     0  llushr.o(.text)
    __scatterload                            0x08000325   Thumb Code    28  init.o(.text)
    __scatterload_rt2                        0x08000325   Thumb Code     0  init.o(.text)
    AddToBuffor_P                            0x08000349   Thumb Code   162  nextion.o(i.AddToBuffor_P)
    AddToBuffor_R                            0x08000401   Thumb Code   308  nextion.o(i.AddToBuffor_R)
    AddToBuffor_SD                           0x08000609   Thumb Code    58  nextion.o(i.AddToBuffor_SD)
    BSP_SD_GetCardInfo                       0x08000675   Thumb Code     8  bsp_driver_sd.o(i.BSP_SD_GetCardInfo)
    BSP_SD_GetCardState                      0x08000681   Thumb Code    20  bsp_driver_sd.o(i.BSP_SD_GetCardState)
    BSP_SD_Init                              0x08000699   Thumb Code    24  bsp_driver_sd.o(i.BSP_SD_Init)
    BSP_SD_IsDetected                        0x080006b5   Thumb Code    12  bsp_driver_sd.o(i.BSP_SD_IsDetected)
    BSP_SD_ReadBlocks                        0x080006c1   Thumb Code    26  bsp_driver_sd.o(i.BSP_SD_ReadBlocks)
    BSP_SD_WriteBlocks                       0x080006e1   Thumb Code    26  bsp_driver_sd.o(i.BSP_SD_WriteBlocks)
    BusFault_Handler                         0x08000701   Thumb Code     2  stm32f4xx_it.o(i.BusFault_Handler)
    CAN1_RX0_IRQHandler                      0x08000705   Thumb Code     6  stm32f4xx_it.o(i.CAN1_RX0_IRQHandler)
    CAN_filterConfig                         0x08000711   Thumb Code    54  main.o(i.CAN_filterConfig)
    DMA1_Stream6_IRQHandler                  0x0800074d   Thumb Code     6  stm32f4xx_it.o(i.DMA1_Stream6_IRQHandler)
    DebugMon_Handler                         0x08000827   Thumb Code     2  stm32f4xx_it.o(i.DebugMon_Handler)
    Error_Handler                            0x08000829   Thumb Code     2  main.o(i.Error_Handler)
    FATFS_LinkDriver                         0x0800082b   Thumb Code     6  ff_gen_drv.o(i.FATFS_LinkDriver)
    FATFS_LinkDriverEx                       0x08000831   Thumb Code    58  ff_gen_drv.o(i.FATFS_LinkDriverEx)
    HAL_CAN_ActivateNotification             0x08000871   Thumb Code    36  stm32f4xx_hal_can.o(i.HAL_CAN_ActivateNotification)
    HAL_CAN_ConfigFilter                     0x08000895   Thumb Code   266  stm32f4xx_hal_can.o(i.HAL_CAN_ConfigFilter)
    HAL_CAN_ErrorCallback                    0x080009a5   Thumb Code     2  stm32f4xx_hal_can.o(i.HAL_CAN_ErrorCallback)
    HAL_CAN_GetRxMessage                     0x080009a7   Thumb Code   260  stm32f4xx_hal_can.o(i.HAL_CAN_GetRxMessage)
    HAL_CAN_IRQHandler                       0x08000aab   Thumb Code   508  stm32f4xx_hal_can.o(i.HAL_CAN_IRQHandler)
    HAL_CAN_Init                             0x08000ca7   Thumb Code   338  stm32f4xx_hal_can.o(i.HAL_CAN_Init)
    HAL_CAN_MspInit                          0x08000df9   Thumb Code   110  stm32f4xx_hal_msp.o(i.HAL_CAN_MspInit)
    HAL_CAN_RxFifo0FullCallback              0x08000e75   Thumb Code     2  stm32f4xx_hal_can.o(i.HAL_CAN_RxFifo0FullCallback)
    HAL_CAN_RxFifo0MsgPendingCallback        0x08000e79   Thumb Code    76  main.o(i.HAL_CAN_RxFifo0MsgPendingCallback)
    HAL_CAN_RxFifo1FullCallback              0x08000ec9   Thumb Code     2  stm32f4xx_hal_can.o(i.HAL_CAN_RxFifo1FullCallback)
    HAL_CAN_RxFifo1MsgPendingCallback        0x08000ecb   Thumb Code     2  stm32f4xx_hal_can.o(i.HAL_CAN_RxFifo1MsgPendingCallback)
    HAL_CAN_SleepCallback                    0x08000ecd   Thumb Code     2  stm32f4xx_hal_can.o(i.HAL_CAN_SleepCallback)
    HAL_CAN_Start                            0x08000ecf   Thumb Code    88  stm32f4xx_hal_can.o(i.HAL_CAN_Start)
    HAL_CAN_TxMailbox0AbortCallback          0x08000f27   Thumb Code     2  stm32f4xx_hal_can.o(i.HAL_CAN_TxMailbox0AbortCallback)
    HAL_CAN_TxMailbox0CompleteCallback       0x08000f29   Thumb Code     2  stm32f4xx_hal_can.o(i.HAL_CAN_TxMailbox0CompleteCallback)
    HAL_CAN_TxMailbox1AbortCallback          0x08000f2b   Thumb Code     2  stm32f4xx_hal_can.o(i.HAL_CAN_TxMailbox1AbortCallback)
    HAL_CAN_TxMailbox1CompleteCallback       0x08000f2d   Thumb Code     2  stm32f4xx_hal_can.o(i.HAL_CAN_TxMailbox1CompleteCallback)
    HAL_CAN_TxMailbox2AbortCallback          0x08000f2f   Thumb Code     2  stm32f4xx_hal_can.o(i.HAL_CAN_TxMailbox2AbortCallback)
    HAL_CAN_TxMailbox2CompleteCallback       0x08000f31   Thumb Code     2  stm32f4xx_hal_can.o(i.HAL_CAN_TxMailbox2CompleteCallback)
    HAL_CAN_WakeUpFromRxMsgCallback          0x08000f33   Thumb Code     2  stm32f4xx_hal_can.o(i.HAL_CAN_WakeUpFromRxMsgCallback)
    HAL_DMA_Abort                            0x08000f35   Thumb Code   142  stm32f4xx_hal_dma.o(i.HAL_DMA_Abort)
    HAL_DMA_Abort_IT                         0x08000fc3   Thumb Code    36  stm32f4xx_hal_dma.o(i.HAL_DMA_Abort_IT)
    HAL_DMA_IRQHandler                       0x08000fe9   Thumb Code   460  stm32f4xx_hal_dma.o(i.HAL_DMA_IRQHandler)
    HAL_DMA_Init                             0x080011b9   Thumb Code   208  stm32f4xx_hal_dma.o(i.HAL_DMA_Init)
    HAL_DMA_Start_IT                         0x0800128d   Thumb Code   120  stm32f4xx_hal_dma.o(i.HAL_DMA_Start_IT)
    HAL_Delay                                0x08001305   Thumb Code    32  stm32f4xx_hal.o(i.HAL_Delay)
    HAL_GPIO_Init                            0x08001329   Thumb Code   366  stm32f4xx_hal_gpio.o(i.HAL_GPIO_Init)
    HAL_GPIO_WritePin                        0x080014b5   Thumb Code    14  stm32f4xx_hal_gpio.o(i.HAL_GPIO_WritePin)
    HAL_GetTick                              0x080014c5   Thumb Code     6  stm32f4xx_hal.o(i.HAL_GetTick)
    HAL_IncTick                              0x080014d1   Thumb Code    12  stm32f4xx_hal.o(i.HAL_IncTick)
    HAL_Init                                 0x080014e1   Thumb Code    48  stm32f4xx_hal.o(i.HAL_Init)
    HAL_InitTick                             0x08001515   Thumb Code    54  stm32f4xx_hal.o(i.HAL_InitTick)
    HAL_MspInit                              0x08001555   Thumb Code    48  stm32f4xx_hal_msp.o(i.HAL_MspInit)
    HAL_NVIC_EnableIRQ                       0x08001589   Thumb Code    26  stm32f4xx_hal_cortex.o(i.HAL_NVIC_EnableIRQ)
    HAL_NVIC_SetPriority                     0x080015a5   Thumb Code    60  stm32f4xx_hal_cortex.o(i.HAL_NVIC_SetPriority)
    HAL_NVIC_SetPriorityGrouping             0x080015e5   Thumb Code    26  stm32f4xx_hal_cortex.o(i.HAL_NVIC_SetPriorityGrouping)
    HAL_RCCEx_PeriphCLKConfig                0x08001609   Thumb Code   596  stm32f4xx_hal_rcc_ex.o(i.HAL_RCCEx_PeriphCLKConfig)
    HAL_RCC_ClockConfig                      0x0800187d   Thumb Code   308  stm32f4xx_hal_rcc.o(i.HAL_RCC_ClockConfig)
    HAL_RCC_GetHCLKFreq                      0x080019c1   Thumb Code     6  stm32f4xx_hal_rcc.o(i.HAL_RCC_GetHCLKFreq)
    HAL_RCC_GetPCLK1Freq                     0x080019cd   Thumb Code    22  stm32f4xx_hal_rcc.o(i.HAL_RCC_GetPCLK1Freq)
    HAL_RCC_GetPCLK2Freq                     0x080019ed   Thumb Code    22  stm32f4xx_hal_rcc.o(i.HAL_RCC_GetPCLK2Freq)
    HAL_RCC_GetSysClockFreq                  0x08001a0d   Thumb Code    94  stm32f4xx_hal_rcc.o(i.HAL_RCC_GetSysClockFreq)
    HAL_RCC_OscConfig                        0x08001a75   Thumb Code   890  stm32f4xx_hal_rcc_ex.o(i.HAL_RCC_OscConfig)
    HAL_SD_GetCardCSD                        0x08001e01   Thumb Code   478  stm32f4xx_hal_sd.o(i.HAL_SD_GetCardCSD)
    HAL_SD_GetCardInfo                       0x08001fdf   Thumb Code    36  stm32f4xx_hal_sd.o(i.HAL_SD_GetCardInfo)
    HAL_SD_GetCardState                      0x08002003   Thumb Code    32  stm32f4xx_hal_sd.o(i.HAL_SD_GetCardState)
    HAL_SD_Init                              0x08002023   Thumb Code    56  stm32f4xx_hal_sd.o(i.HAL_SD_Init)
    HAL_SD_InitCard                          0x0800205d   Thumb Code   110  stm32f4xx_hal_sd.o(i.HAL_SD_InitCard)
    HAL_SD_MspInit                           0x080020d1   Thumb Code   166  stm32f4xx_hal_msp.o(i.HAL_SD_MspInit)
    HAL_SD_ReadBlocks                        0x0800218d   Thumb Code   498  stm32f4xx_hal_sd.o(i.HAL_SD_ReadBlocks)
    HAL_SD_WriteBlocks                       0x0800237f   Thumb Code   454  stm32f4xx_hal_sd.o(i.HAL_SD_WriteBlocks)
    HAL_SYSTICK_Config                       0x08002545   Thumb Code    40  stm32f4xx_hal_cortex.o(i.HAL_SYSTICK_Config)
    HAL_TIMEx_BreakCallback                  0x0800256d   Thumb Code     2  stm32f4xx_hal_tim_ex.o(i.HAL_TIMEx_BreakCallback)
    HAL_TIMEx_CommutCallback                 0x0800256f   Thumb Code     2  stm32f4xx_hal_tim_ex.o(i.HAL_TIMEx_CommutCallback)
    HAL_TIMEx_MasterConfigSynchronization    0x08002571   Thumb Code    66  stm32f4xx_hal_tim_ex.o(i.HAL_TIMEx_MasterConfigSynchronization)
    HAL_TIM_Base_Init                        0x080025b3   Thumb Code    56  stm32f4xx_hal_tim.o(i.HAL_TIM_Base_Init)
    HAL_TIM_Base_MspInit                     0x080025ed   Thumb Code   138  stm32f4xx_hal_msp.o(i.HAL_TIM_Base_MspInit)
    HAL_TIM_Base_Start_IT                    0x08002685   Thumb Code    34  stm32f4xx_hal_tim.o(i.HAL_TIM_Base_Start_IT)
    HAL_TIM_Base_Stop_IT                     0x080026a7   Thumb Code    42  stm32f4xx_hal_tim.o(i.HAL_TIM_Base_Stop_IT)
    HAL_TIM_ConfigClockSource                0x080026d1   Thumb Code   226  stm32f4xx_hal_tim.o(i.HAL_TIM_ConfigClockSource)
    HAL_TIM_IC_CaptureCallback               0x080027b3   Thumb Code     2  stm32f4xx_hal_tim.o(i.HAL_TIM_IC_CaptureCallback)
    HAL_TIM_IRQHandler                       0x080027b5   Thumb Code   366  stm32f4xx_hal_tim.o(i.HAL_TIM_IRQHandler)
    HAL_TIM_OC_DelayElapsedCallback          0x08002923   Thumb Code     2  stm32f4xx_hal_tim.o(i.HAL_TIM_OC_DelayElapsedCallback)
    HAL_TIM_PWM_PulseFinishedCallback        0x08002925   Thumb Code     2  stm32f4xx_hal_tim.o(i.HAL_TIM_PWM_PulseFinishedCallback)
    HAL_TIM_PeriodElapsedCallback            0x08002929   Thumb Code   100  main.o(i.HAL_TIM_PeriodElapsedCallback)
    HAL_TIM_TriggerCallback                  0x080029a1   Thumb Code     2  stm32f4xx_hal_tim.o(i.HAL_TIM_TriggerCallback)
    HAL_UART_DMAStop                         0x080029a3   Thumb Code    88  stm32f4xx_hal_uart.o(i.HAL_UART_DMAStop)
    HAL_UART_ErrorCallback                   0x080029fb   Thumb Code     2  stm32f4xx_hal_uart.o(i.HAL_UART_ErrorCallback)
    HAL_UART_IRQHandler                      0x080029fd   Thumb Code   268  stm32f4xx_hal_uart.o(i.HAL_UART_IRQHandler)
    HAL_UART_Init                            0x08002b0d   Thumb Code   100  stm32f4xx_hal_uart.o(i.HAL_UART_Init)
    HAL_UART_MspInit                         0x08002b71   Thumb Code   158  stm32f4xx_hal_msp.o(i.HAL_UART_MspInit)
    HAL_UART_Receive_IT                      0x08002c25   Thumb Code    86  stm32f4xx_hal_uart.o(i.HAL_UART_Receive_IT)
    HAL_UART_RxCpltCallback                  0x08002c7d   Thumb Code    84  main.o(i.HAL_UART_RxCpltCallback)
    HAL_UART_Transmit                        0x08002ce1   Thumb Code   204  stm32f4xx_hal_uart.o(i.HAL_UART_Transmit)
    HAL_UART_Transmit_DMA                    0x08002dad   Thumb Code   126  stm32f4xx_hal_uart.o(i.HAL_UART_Transmit_DMA)
    HAL_UART_TxCpltCallback                  0x08002e39   Thumb Code     8  main.o(i.HAL_UART_TxCpltCallback)
    HAL_UART_TxHalfCpltCallback              0x08002e45   Thumb Code     2  stm32f4xx_hal_uart.o(i.HAL_UART_TxHalfCpltCallback)
    HardFault_Handler                        0x08002e47   Thumb Code     2  stm32f4xx_it.o(i.HardFault_Handler)
    IdleRun                                  0x08002e49   Thumb Code     2  nextion.o(i.IdleRun)
    LED0_Off                                 0x08002e4d   Thumb Code    30  nextion.o(i.LED0_Off)
    LED0_On                                  0x08002e81   Thumb Code    30  nextion.o(i.LED0_On)
    MX_FATFS_Init                            0x08002f25   Thumb Code    18  fatfs.o(i.MX_FATFS_Init)
    MemManage_Handler                        0x08003175   Thumb Code     2  stm32f4xx_it.o(i.MemManage_Handler)
    NMI_Handler                              0x08003177   Thumb Code     2  stm32f4xx_it.o(i.NMI_Handler)
    Nextion_SDRun                            0x08003179   Thumb Code    82  nextion.o(i.Nextion_SDRun)
    Nextion_SendValue                        0x080031cd   Thumb Code    44  nextion.o(i.Nextion_SendValue)
    PendSV_Handler                           0x080031fd   Thumb Code     2  stm32f4xx_it.o(i.PendSV_Handler)
    ProcessData_P                            0x080031ff   Thumb Code    18  nextion.o(i.ProcessData_P)
    ProcessData_R                            0x08003211   Thumb Code    22  nextion.o(i.ProcessData_R)
    ProcessData_SD                           0x08003227   Thumb Code    18  nextion.o(i.ProcessData_SD)
    Process_uart                             0x08003239   Thumb Code   230  nextion.o(i.Process_uart)
    SDIO_ConfigData                          0x0800332d   Thumb Code    36  stm32f4xx_ll_sdmmc.o(i.SDIO_ConfigData)
    SDIO_GetCommandResponse                  0x08003351   Thumb Code     6  stm32f4xx_ll_sdmmc.o(i.SDIO_GetCommandResponse)
    SDIO_GetPowerState                       0x08003357   Thumb Code     8  stm32f4xx_ll_sdmmc.o(i.SDIO_GetPowerState)
    SDIO_GetResponse                         0x0800335f   Thumb Code    14  stm32f4xx_ll_sdmmc.o(i.SDIO_GetResponse)
    SDIO_Init                                0x0800336d   Thumb Code    42  stm32f4xx_ll_sdmmc.o(i.SDIO_Init)
    SDIO_PowerState_ON                       0x08003397   Thumb Code     8  stm32f4xx_ll_sdmmc.o(i.SDIO_PowerState_ON)
    SDIO_ReadFIFO                            0x0800339f   Thumb Code     6  stm32f4xx_ll_sdmmc.o(i.SDIO_ReadFIFO)
    SDIO_SendCommand                         0x080033a5   Thumb Code    32  stm32f4xx_ll_sdmmc.o(i.SDIO_SendCommand)
    SDIO_WriteFIFO                           0x080033c5   Thumb Code    10  stm32f4xx_ll_sdmmc.o(i.SDIO_WriteFIFO)
    SDInit                                   0x080033d1   Thumb Code   126  nextion.o(i.SDInit)
    SDMMC_CmdAppCommand                      0x08003485   Thumb Code    50  stm32f4xx_ll_sdmmc.o(i.SDMMC_CmdAppCommand)
    SDMMC_CmdAppOperCommand                  0x080034b9   Thumb Code    46  stm32f4xx_ll_sdmmc.o(i.SDMMC_CmdAppOperCommand)
    SDMMC_CmdBlockLength                     0x080034ed   Thumb Code    50  stm32f4xx_ll_sdmmc.o(i.SDMMC_CmdBlockLength)
    SDMMC_CmdGoIdleState                     0x0800351f   Thumb Code    40  stm32f4xx_ll_sdmmc.o(i.SDMMC_CmdGoIdleState)
    SDMMC_CmdOperCond                        0x08003547   Thumb Code    48  stm32f4xx_ll_sdmmc.o(i.SDMMC_CmdOperCond)
    SDMMC_CmdReadMultiBlock                  0x08003577   Thumb Code    50  stm32f4xx_ll_sdmmc.o(i.SDMMC_CmdReadMultiBlock)
    SDMMC_CmdReadSingleBlock                 0x080035a9   Thumb Code    50  stm32f4xx_ll_sdmmc.o(i.SDMMC_CmdReadSingleBlock)
    SDMMC_CmdSelDesel                        0x080035db   Thumb Code    50  stm32f4xx_ll_sdmmc.o(i.SDMMC_CmdSelDesel)
    SDMMC_CmdSendCID                         0x0800360d   Thumb Code    44  stm32f4xx_ll_sdmmc.o(i.SDMMC_CmdSendCID)
    SDMMC_CmdSendCSD                         0x08003639   Thumb Code    44  stm32f4xx_ll_sdmmc.o(i.SDMMC_CmdSendCSD)
    SDMMC_CmdSendStatus                      0x08003665   Thumb Code    50  stm32f4xx_ll_sdmmc.o(i.SDMMC_CmdSendStatus)
    SDMMC_CmdSetRelAdd                       0x08003697   Thumb Code    48  stm32f4xx_ll_sdmmc.o(i.SDMMC_CmdSetRelAdd)
    SDMMC_CmdStopTransfer                    0x080036c9   Thumb Code    46  stm32f4xx_ll_sdmmc.o(i.SDMMC_CmdStopTransfer)
    SDMMC_CmdWriteMultiBlock                 0x080036fd   Thumb Code    50  stm32f4xx_ll_sdmmc.o(i.SDMMC_CmdWriteMultiBlock)
    SDMMC_CmdWriteSingleBlock                0x0800372f   Thumb Code    50  stm32f4xx_ll_sdmmc.o(i.SDMMC_CmdWriteSingleBlock)
    SD_initialize                            0x08003c15   Thumb Code    28  sd_diskio.o(i.SD_initialize)
    SD_ioctl                                 0x08003c35   Thumb Code    86  sd_diskio.o(i.SD_ioctl)
    SD_read                                  0x08003c91   Thumb Code    32  sd_diskio.o(i.SD_read)
    SD_status                                0x08003cb1   Thumb Code     4  sd_diskio.o(i.SD_status)
    SD_write                                 0x08003cb5   Thumb Code    32  sd_diskio.o(i.SD_write)
    SDkoniec                                 0x08003cd5   Thumb Code    94  nextion.o(i.SDkoniec)
    SVC_Handler                              0x08003d61   Thumb Code     2  stm32f4xx_it.o(i.SVC_Handler)
    SysTick_Handler                          0x08003d63   Thumb Code     4  stm32f4xx_it.o(i.SysTick_Handler)
    SystemClock_Config                       0x08003d69   Thumb Code   166  main.o(i.SystemClock_Config)
    SystemInit                               0x08003e19   Thumb Code    66  system_stm32f4xx.o(i.SystemInit)
    TIM1_UP_TIM10_IRQHandler                 0x08003e6d   Thumb Code     6  stm32f4xx_it.o(i.TIM1_UP_TIM10_IRQHandler)
    TIM2_IRQHandler                          0x08003e79   Thumb Code     6  stm32f4xx_it.o(i.TIM2_IRQHandler)
    TIM3_IRQHandler                          0x08003e85   Thumb Code     6  stm32f4xx_it.o(i.TIM3_IRQHandler)
    TIM_Base_SetConfig                       0x08003e91   Thumb Code   160  stm32f4xx_hal_tim.o(i.TIM_Base_SetConfig)
    TIM_ETR_SetConfig                        0x08003f5d   Thumb Code    20  stm32f4xx_hal_tim.o(i.TIM_ETR_SetConfig)
    USART2_IRQHandler                        0x0800451d   Thumb Code    30  stm32f4xx_it.o(i.USART2_IRQHandler)
    UsageFault_Handler                       0x08004541   Thumb Code     2  stm32f4xx_it.o(i.UsageFault_Handler)
    __0sprintf$3                             0x08004545   Thumb Code    34  printf3.o(i.__0sprintf$3)
    __1sprintf$3                             0x08004545   Thumb Code     0  printf3.o(i.__0sprintf$3)
    __2sprintf                               0x08004545   Thumb Code     0  printf3.o(i.__0sprintf$3)
    __scatterload_copy                       0x0800458d   Thumb Code    14  handlers.o(i.__scatterload_copy)
    __scatterload_null                       0x0800459b   Thumb Code     2  handlers.o(i.__scatterload_null)
    __scatterload_zeroinit                   0x0800459d   Thumb Code    14  handlers.o(i.__scatterload_zeroinit)
    disk_initialize                          0x08004cdd   Thumb Code    38  diskio.o(i.disk_initialize)
    disk_ioctl                               0x08004d09   Thumb Code    22  diskio.o(i.disk_ioctl)
    disk_read                                0x08004d25   Thumb Code    24  diskio.o(i.disk_read)
    disk_status                              0x08004d41   Thumb Code    18  diskio.o(i.disk_status)
    disk_write                               0x08004d59   Thumb Code    24  diskio.o(i.disk_write)
    f_close                                  0x08004d9d   Thumb Code    42  ff.o(i.f_close)
    f_lseek                                  0x08004dc7   Thumb Code   568  ff.o(i.f_lseek)
    f_mount                                  0x08005001   Thumb Code    90  ff.o(i.f_mount)
    f_open                                   0x08005061   Thumb Code   498  ff.o(i.f_open)
    f_sync                                   0x08005253   Thumb Code   144  ff.o(i.f_sync)
    f_write                                  0x080052e3   Thumb Code   432  ff.o(i.f_write)
    get_fattime                              0x0800584d   Thumb Code     4  fatfs.o(i.get_fattime)
    main                                     0x08005965   Thumb Code   216  main.o(i.main)
    SD_Driver                                0x08005d84   Data          20  sd_diskio.o(.constdata)
    AHBPrescTable                            0x08005da0   Data          16  system_stm32f4xx.o(.constdata)
    APBPrescTable                            0x08005db0   Data           8  system_stm32f4xx.o(.constdata)
    Region$$Table$$Base                      0x08005e54   Number         0  anon$$obj.o(Region$$Table)
    Region$$Table$$Limit                     0x08005e74   Number         0  anon$$obj.o(Region$$Table)
    k                                        0x20000000   Data           3  nextion.o(.data)
    dash_state                               0x20000008   Data           1  main.o(.data)
    dash_page                                0x20000009   Data           1  main.o(.data)
    Uart2_free                               0x2000000a   Data           1  main.o(.data)
    nx_dowysylki_p                           0x2000000b   Data           1  main.o(.data)
    nx_dowysylki_r                           0x2000000c   Data           1  main.o(.data)
    nx_dowysylki_sd                          0x2000000d   Data           1  main.o(.data)
    Uart2_zn                                 0x2000000e   Data           1  main.o(.data)
    Uart2_i                                  0x2000000f   Data           1  main.o(.data)
    Uart2_ff                                 0x20000010   Data           1  main.o(.data)
    retSD                                    0x20000012   Data           1  fatfs.o(.data)
    SDPath                                   0x20000013   Data           4  fatfs.o(.data)
    uwTickFreq                               0x20000018   Data           1  stm32f4xx_hal.o(.data)
    uwTickPrio                               0x2000001c   Data           4  stm32f4xx_hal.o(.data)
    uwTick                                   0x20000020   Data           4  stm32f4xx_hal.o(.data)
    SystemCoreClock                          0x20000024   Data           4  system_stm32f4xx.o(.data)
    hcan1                                    0x20000030   Data          40  main.o(.bss)
    hsd                                      0x20000058   Data         132  main.o(.bss)
    htim1                                    0x200000dc   Data          64  main.o(.bss)
    htim2                                    0x2000011c   Data          64  main.o(.bss)
    htim3                                    0x2000015c   Data          64  main.o(.bss)
    huart2                                   0x2000019c   Data          64  main.o(.bss)
    CAN_ramka                                0x200001f8   Data          32  main.o(.bss)
    buf_nxt_p                                0x20000218   Data          80  main.o(.bss)
    buf_nxt_r                                0x20000268   Data         190  main.o(.bss)
    nx_val                                   0x20000326   Data          16  main.o(.bss)
    sd_card                                  0x20000338   Data        1132  main.o(.bss)
    Uart2_buf_rx                             0x200007a4   Data          10  main.o(.bss)
    hdma_usart2_tx                           0x200007b0   Data          96  main.o(.bss)
    disk                                     0x20000830   Data          12  ff_gen_drv.o(.bss)
    __initial_sp                             0x20004840   Data           0  startup_stm32f412rx.o(STACK)



==============================================================================

Memory Map of the image

  Image Entry point : 0x080001c5

  Load Region LR_IROM1 (Base: 0x08000000, Size: 0x00005ea4, Max: 0x00080000, ABSOLUTE)

    Execution Region ER_IROM1 (Exec base: 0x08000000, Load base: 0x08000000, Size: 0x00005e74, Max: 0x00080000, ABSOLUTE)

    Exec Addr    Load Addr    Size         Type   Attr      Idx    E Section Name        Object

    0x08000000   0x08000000   0x000001c4   Data   RO            3    RESET               startup_stm32f412rx.o
    0x080001c4   0x080001c4   0x00000000   Code   RO         4644  * .ARM.Collect$$$$00000000  mc_w.l(entry.o)
    0x080001c4   0x080001c4   0x00000004   Code   RO         4918    .ARM.Collect$$$$00000001  mc_w.l(entry2.o)
    0x080001c8   0x080001c8   0x00000004   Code   RO         4921    .ARM.Collect$$$$00000004  mc_w.l(entry5.o)
    0x080001cc   0x080001cc   0x00000000   Code   RO         4923    .ARM.Collect$$$$00000008  mc_w.l(entry7b.o)
    0x080001cc   0x080001cc   0x00000000   Code   RO         4925    .ARM.Collect$$$$0000000A  mc_w.l(entry8b.o)
    0x080001cc   0x080001cc   0x00000008   Code   RO         4926    .ARM.Collect$$$$0000000B  mc_w.l(entry9a.o)
    0x080001d4   0x080001d4   0x00000000   Code   RO         4928    .ARM.Collect$$$$0000000D  mc_w.l(entry10a.o)
    0x080001d4   0x080001d4   0x00000000   Code   RO         4930    .ARM.Collect$$$$0000000F  mc_w.l(entry11a.o)
    0x080001d4   0x080001d4   0x00000004   Code   RO         4919    .ARM.Collect$$$$00002712  mc_w.l(entry2.o)
    0x080001d8   0x080001d8   0x00000024   Code   RO            4    .text               startup_stm32f412rx.o
    0x080001fc   0x080001fc   0x00000062   Code   RO         4647    .text               mc_w.l(uldiv.o)
    0x0800025e   0x0800025e   0x00000024   Code   RO         4649    .text               mc_w.l(memseta.o)
    0x08000282   0x08000282   0x00000018   Code   RO         4651    .text               mc_w.l(strcat.o)
    0x0800029a   0x0800029a   0x0000000e   Code   RO         4653    .text               mc_w.l(strlen.o)
    0x080002a8   0x080002a8   0x00000012   Code   RO         4655    .text               mc_w.l(strcpy.o)
    0x080002ba   0x080002ba   0x0000002c   Code   RO         4935    .text               mc_w.l(uidiv.o)
    0x080002e6   0x080002e6   0x0000001e   Code   RO         4937    .text               mc_w.l(llshl.o)
    0x08000304   0x08000304   0x00000020   Code   RO         4939    .text               mc_w.l(llushr.o)
    0x08000324   0x08000324   0x00000024   Code   RO         4952    .text               mc_w.l(init.o)
    0x08000348   0x08000348   0x000000b8   Code   RO           13    i.AddToBuffor_P     nextion.o
    0x08000400   0x08000400   0x00000208   Code   RO           14    i.AddToBuffor_R     nextion.o
    0x08000608   0x08000608   0x0000006c   Code   RO           15    i.AddToBuffor_SD    nextion.o
    0x08000674   0x08000674   0x0000000c   Code   RO          392    i.BSP_SD_GetCardInfo  bsp_driver_sd.o
    0x08000680   0x08000680   0x00000018   Code   RO          393    i.BSP_SD_GetCardState  bsp_driver_sd.o
    0x08000698   0x08000698   0x0000001c   Code   RO          396    i.BSP_SD_Init       bsp_driver_sd.o
    0x080006b4   0x080006b4   0x0000000c   Code   RO          397    i.BSP_SD_IsDetected  bsp_driver_sd.o
    0x080006c0   0x080006c0   0x00000020   Code   RO          398    i.BSP_SD_ReadBlocks  bsp_driver_sd.o
    0x080006e0   0x080006e0   0x00000020   Code   RO          401    i.BSP_SD_WriteBlocks  bsp_driver_sd.o
    0x08000700   0x08000700   0x00000002   Code   RO          629    i.BusFault_Handler  stm32f4xx_it.o
    0x08000702   0x08000702   0x00000002   PAD
    0x08000704   0x08000704   0x0000000c   Code   RO          630    i.CAN1_RX0_IRQHandler  stm32f4xx_it.o
    0x08000710   0x08000710   0x0000003c   Code   RO          268    i.CAN_filterConfig  main.o
    0x0800074c   0x0800074c   0x0000000c   Code   RO          631    i.DMA1_Stream6_IRQHandler  stm32f4xx_it.o
    0x08000758   0x08000758   0x0000002c   Code   RO         3429    i.DMA_CalcBaseAndBitshift  stm32f4xx_hal_dma.o
    0x08000784   0x08000784   0x00000078   Code   RO         3430    i.DMA_CheckFifoParam  stm32f4xx_hal_dma.o
    0x080007fc   0x080007fc   0x0000002a   Code   RO         3431    i.DMA_SetConfig     stm32f4xx_hal_dma.o
    0x08000826   0x08000826   0x00000002   Code   RO          632    i.DebugMon_Handler  stm32f4xx_it.o
    0x08000828   0x08000828   0x00000002   Code   RO          269    i.Error_Handler     main.o
    0x0800082a   0x0800082a   0x00000006   Code   RO         4573    i.FATFS_LinkDriver  ff_gen_drv.o
    0x08000830   0x08000830   0x00000040   Code   RO         4574    i.FATFS_LinkDriverEx  ff_gen_drv.o
    0x08000870   0x08000870   0x00000024   Code   RO          815    i.HAL_CAN_ActivateNotification  stm32f4xx_hal_can.o
    0x08000894   0x08000894   0x00000110   Code   RO          817    i.HAL_CAN_ConfigFilter  stm32f4xx_hal_can.o
    0x080009a4   0x080009a4   0x00000002   Code   RO          820    i.HAL_CAN_ErrorCallback  stm32f4xx_hal_can.o
    0x080009a6   0x080009a6   0x00000104   Code   RO          823    i.HAL_CAN_GetRxMessage  stm32f4xx_hal_can.o
    0x08000aaa   0x08000aaa   0x000001fc   Code   RO          827    i.HAL_CAN_IRQHandler  stm32f4xx_hal_can.o
    0x08000ca6   0x08000ca6   0x00000152   Code   RO          828    i.HAL_CAN_Init      stm32f4xx_hal_can.o
    0x08000df8   0x08000df8   0x0000007c   Code   RO          742    i.HAL_CAN_MspInit   stm32f4xx_hal_msp.o
    0x08000e74   0x08000e74   0x00000002   Code   RO          835    i.HAL_CAN_RxFifo0FullCallback  stm32f4xx_hal_can.o
    0x08000e76   0x08000e76   0x00000002   PAD
    0x08000e78   0x08000e78   0x00000050   Code   RO          270    i.HAL_CAN_RxFifo0MsgPendingCallback  main.o
    0x08000ec8   0x08000ec8   0x00000002   Code   RO          837    i.HAL_CAN_RxFifo1FullCallback  stm32f4xx_hal_can.o
    0x08000eca   0x08000eca   0x00000002   Code   RO          838    i.HAL_CAN_RxFifo1MsgPendingCallback  stm32f4xx_hal_can.o
    0x08000ecc   0x08000ecc   0x00000002   Code   RO          839    i.HAL_CAN_SleepCallback  stm32f4xx_hal_can.o
    0x08000ece   0x08000ece   0x00000058   Code   RO          840    i.HAL_CAN_Start     stm32f4xx_hal_can.o
    0x08000f26   0x08000f26   0x00000002   Code   RO          842    i.HAL_CAN_TxMailbox0AbortCallback  stm32f4xx_hal_can.o
    0x08000f28   0x08000f28   0x00000002   Code   RO          843    i.HAL_CAN_TxMailbox0CompleteCallback  stm32f4xx_hal_can.o
    0x08000f2a   0x08000f2a   0x00000002   Code   RO          844    i.HAL_CAN_TxMailbox1AbortCallback  stm32f4xx_hal_can.o
    0x08000f2c   0x08000f2c   0x00000002   Code   RO          845    i.HAL_CAN_TxMailbox1CompleteCallback  stm32f4xx_hal_can.o
    0x08000f2e   0x08000f2e   0x00000002   Code   RO          846    i.HAL_CAN_TxMailbox2AbortCallback  stm32f4xx_hal_can.o
    0x08000f30   0x08000f30   0x00000002   Code   RO          847    i.HAL_CAN_TxMailbox2CompleteCallback  stm32f4xx_hal_can.o
    0x08000f32   0x08000f32   0x00000002   Code   RO          849    i.HAL_CAN_WakeUpFromRxMsgCallback  stm32f4xx_hal_can.o
    0x08000f34   0x08000f34   0x0000008e   Code   RO         3432    i.HAL_DMA_Abort     stm32f4xx_hal_dma.o
    0x08000fc2   0x08000fc2   0x00000024   Code   RO         3433    i.HAL_DMA_Abort_IT  stm32f4xx_hal_dma.o
    0x08000fe6   0x08000fe6   0x00000002   PAD
    0x08000fe8   0x08000fe8   0x000001d0   Code   RO         3437    i.HAL_DMA_IRQHandler  stm32f4xx_hal_dma.o
    0x080011b8   0x080011b8   0x000000d4   Code   RO         3438    i.HAL_DMA_Init      stm32f4xx_hal_dma.o
    0x0800128c   0x0800128c   0x00000078   Code   RO         3442    i.HAL_DMA_Start_IT  stm32f4xx_hal_dma.o
    0x08001304   0x08001304   0x00000024   Code   RO         3875    i.HAL_Delay         stm32f4xx_hal.o
    0x08001328   0x08001328   0x0000018c   Code   RO         3325    i.HAL_GPIO_Init     stm32f4xx_hal_gpio.o
    0x080014b4   0x080014b4   0x0000000e   Code   RO         3329    i.HAL_GPIO_WritePin  stm32f4xx_hal_gpio.o
    0x080014c2   0x080014c2   0x00000002   PAD
    0x080014c4   0x080014c4   0x0000000c   Code   RO         3881    i.HAL_GetTick       stm32f4xx_hal.o
    0x080014d0   0x080014d0   0x00000010   Code   RO         3887    i.HAL_IncTick       stm32f4xx_hal.o
    0x080014e0   0x080014e0   0x00000034   Code   RO         3888    i.HAL_Init          stm32f4xx_hal.o
    0x08001514   0x08001514   0x00000040   Code   RO         3889    i.HAL_InitTick      stm32f4xx_hal.o
    0x08001554   0x08001554   0x00000034   Code   RO          743    i.HAL_MspInit       stm32f4xx_hal_msp.o
    0x08001588   0x08001588   0x0000001a   Code   RO         3738    i.HAL_NVIC_EnableIRQ  stm32f4xx_hal_cortex.o
    0x080015a2   0x080015a2   0x00000002   PAD
    0x080015a4   0x080015a4   0x00000040   Code   RO         3744    i.HAL_NVIC_SetPriority  stm32f4xx_hal_cortex.o
    0x080015e4   0x080015e4   0x00000024   Code   RO         3745    i.HAL_NVIC_SetPriorityGrouping  stm32f4xx_hal_cortex.o
    0x08001608   0x08001608   0x00000274   Code   RO         2955    i.HAL_RCCEx_PeriphCLKConfig  stm32f4xx_hal_rcc_ex.o
    0x0800187c   0x0800187c   0x00000144   Code   RO         2850    i.HAL_RCC_ClockConfig  stm32f4xx_hal_rcc.o
    0x080019c0   0x080019c0   0x0000000c   Code   RO         2855    i.HAL_RCC_GetHCLKFreq  stm32f4xx_hal_rcc.o
    0x080019cc   0x080019cc   0x00000020   Code   RO         2857    i.HAL_RCC_GetPCLK1Freq  stm32f4xx_hal_rcc.o
    0x080019ec   0x080019ec   0x00000020   Code   RO         2858    i.HAL_RCC_GetPCLK2Freq  stm32f4xx_hal_rcc.o
    0x08001a0c   0x08001a0c   0x00000068   Code   RO         2859    i.HAL_RCC_GetSysClockFreq  stm32f4xx_hal_rcc.o
    0x08001a74   0x08001a74   0x0000038c   Code   RO         2959    i.HAL_RCC_OscConfig  stm32f4xx_hal_rcc_ex.o
    0x08001e00   0x08001e00   0x000001de   Code   RO         1332    i.HAL_SD_GetCardCSD  stm32f4xx_hal_sd.o
    0x08001fde   0x08001fde   0x00000024   Code   RO         1333    i.HAL_SD_GetCardInfo  stm32f4xx_hal_sd.o
    0x08002002   0x08002002   0x00000020   Code   RO         1334    i.HAL_SD_GetCardState  stm32f4xx_hal_sd.o
    0x08002022   0x08002022   0x00000038   Code   RO         1339    i.HAL_SD_Init       stm32f4xx_hal_sd.o
    0x0800205a   0x0800205a   0x00000002   PAD
    0x0800205c   0x0800205c   0x00000074   Code   RO         1340    i.HAL_SD_InitCard   stm32f4xx_hal_sd.o
    0x080020d0   0x080020d0   0x000000bc   Code   RO          745    i.HAL_SD_MspInit    stm32f4xx_hal_msp.o
    0x0800218c   0x0800218c   0x000001f2   Code   RO         1343    i.HAL_SD_ReadBlocks  stm32f4xx_hal_sd.o
    0x0800237e   0x0800237e   0x000001c6   Code   RO         1348    i.HAL_SD_WriteBlocks  stm32f4xx_hal_sd.o
    0x08002544   0x08002544   0x00000028   Code   RO         3749    i.HAL_SYSTICK_Config  stm32f4xx_hal_cortex.o
    0x0800256c   0x0800256c   0x00000002   Code   RO         2267    i.HAL_TIMEx_BreakCallback  stm32f4xx_hal_tim_ex.o
    0x0800256e   0x0800256e   0x00000002   Code   RO         2268    i.HAL_TIMEx_CommutCallback  stm32f4xx_hal_tim_ex.o
    0x08002570   0x08002570   0x00000042   Code   RO         2285    i.HAL_TIMEx_MasterConfigSynchronization  stm32f4xx_hal_tim_ex.o
    0x080025b2   0x080025b2   0x00000038   Code   RO         1581    i.HAL_TIM_Base_Init  stm32f4xx_hal_tim.o
    0x080025ea   0x080025ea   0x00000002   PAD
    0x080025ec   0x080025ec   0x00000098   Code   RO          747    i.HAL_TIM_Base_MspInit  stm32f4xx_hal_msp.o
    0x08002684   0x08002684   0x00000022   Code   RO         1586    i.HAL_TIM_Base_Start_IT  stm32f4xx_hal_tim.o
    0x080026a6   0x080026a6   0x0000002a   Code   RO         1589    i.HAL_TIM_Base_Stop_IT  stm32f4xx_hal_tim.o
    0x080026d0   0x080026d0   0x000000e2   Code   RO         1590    i.HAL_TIM_ConfigClockSource  stm32f4xx_hal_tim.o
    0x080027b2   0x080027b2   0x00000002   Code   RO         1610    i.HAL_TIM_IC_CaptureCallback  stm32f4xx_hal_tim.o
    0x080027b4   0x080027b4   0x0000016e   Code   RO         1624    i.HAL_TIM_IRQHandler  stm32f4xx_hal_tim.o
    0x08002922   0x08002922   0x00000002   Code   RO         1627    i.HAL_TIM_OC_DelayElapsedCallback  stm32f4xx_hal_tim.o
    0x08002924   0x08002924   0x00000002   Code   RO         1654    i.HAL_TIM_PWM_PulseFinishedCallback  stm32f4xx_hal_tim.o
    0x08002926   0x08002926   0x00000002   PAD
    0x08002928   0x08002928   0x00000078   Code   RO          271    i.HAL_TIM_PeriodElapsedCallback  main.o
    0x080029a0   0x080029a0   0x00000002   Code   RO         1667    i.HAL_TIM_TriggerCallback  stm32f4xx_hal_tim.o
    0x080029a2   0x080029a2   0x00000058   Code   RO         2537    i.HAL_UART_DMAStop  stm32f4xx_hal_uart.o
    0x080029fa   0x080029fa   0x00000002   Code   RO         2539    i.HAL_UART_ErrorCallback  stm32f4xx_hal_uart.o
    0x080029fc   0x080029fc   0x00000110   Code   RO         2542    i.HAL_UART_IRQHandler  stm32f4xx_hal_uart.o
    0x08002b0c   0x08002b0c   0x00000064   Code   RO         2543    i.HAL_UART_Init     stm32f4xx_hal_uart.o
    0x08002b70   0x08002b70   0x000000b4   Code   RO          749    i.HAL_UART_MspInit  stm32f4xx_hal_msp.o
    0x08002c24   0x08002c24   0x00000056   Code   RO         2548    i.HAL_UART_Receive_IT  stm32f4xx_hal_uart.o
    0x08002c7a   0x08002c7a   0x00000002   PAD
    0x08002c7c   0x08002c7c   0x00000064   Code   RO          272    i.HAL_UART_RxCpltCallback  main.o
    0x08002ce0   0x08002ce0   0x000000cc   Code   RO         2551    i.HAL_UART_Transmit  stm32f4xx_hal_uart.o
    0x08002dac   0x08002dac   0x0000008c   Code   RO         2552    i.HAL_UART_Transmit_DMA  stm32f4xx_hal_uart.o
    0x08002e38   0x08002e38   0x0000000c   Code   RO          273    i.HAL_UART_TxCpltCallback  main.o
    0x08002e44   0x08002e44   0x00000002   Code   RO         2555    i.HAL_UART_TxHalfCpltCallback  stm32f4xx_hal_uart.o
    0x08002e46   0x08002e46   0x00000002   Code   RO          633    i.HardFault_Handler  stm32f4xx_it.o
    0x08002e48   0x08002e48   0x00000002   Code   RO           17    i.IdleRun           nextion.o
    0x08002e4a   0x08002e4a   0x00000002   PAD
    0x08002e4c   0x08002e4c   0x00000034   Code   RO           18    i.LED0_Off          nextion.o
    0x08002e80   0x08002e80   0x00000034   Code   RO           19    i.LED0_On           nextion.o
    0x08002eb4   0x08002eb4   0x00000044   Code   RO          274    i.MX_CAN1_Init      main.o
    0x08002ef8   0x08002ef8   0x0000002c   Code   RO          275    i.MX_DMA_Init       main.o
    0x08002f24   0x08002f24   0x0000001c   Code   RO          591    i.MX_FATFS_Init     fatfs.o
    0x08002f40   0x08002f40   0x000000a0   Code   RO          276    i.MX_GPIO_Init      main.o
    0x08002fe0   0x08002fe0   0x00000020   Code   RO          277    i.MX_SDIO_SD_Init   main.o
    0x08003000   0x08003000   0x0000006c   Code   RO          278    i.MX_TIM1_Init      main.o
    0x0800306c   0x0800306c   0x00000068   Code   RO          279    i.MX_TIM2_Init      main.o
    0x080030d4   0x080030d4   0x00000068   Code   RO          280    i.MX_TIM3_Init      main.o
    0x0800313c   0x0800313c   0x00000038   Code   RO          281    i.MX_USART2_UART_Init  main.o
    0x08003174   0x08003174   0x00000002   Code   RO          634    i.MemManage_Handler  stm32f4xx_it.o
    0x08003176   0x08003176   0x00000002   Code   RO          635    i.NMI_Handler       stm32f4xx_it.o
    0x08003178   0x08003178   0x00000052   Code   RO           20    i.Nextion_SDRun     nextion.o
    0x080031ca   0x080031ca   0x00000002   PAD
    0x080031cc   0x080031cc   0x00000030   Code   RO           21    i.Nextion_SendValue  nextion.o
    0x080031fc   0x080031fc   0x00000002   Code   RO          636    i.PendSV_Handler    stm32f4xx_it.o
    0x080031fe   0x080031fe   0x00000012   Code   RO           22    i.ProcessData_P     nextion.o
    0x08003210   0x08003210   0x00000016   Code   RO           23    i.ProcessData_R     nextion.o
    0x08003226   0x08003226   0x00000012   Code   RO           24    i.ProcessData_SD    nextion.o
    0x08003238   0x08003238   0x000000f4   Code   RO           25    i.Process_uart      nextion.o
    0x0800332c   0x0800332c   0x00000024   Code   RO         1048    i.SDIO_ConfigData   stm32f4xx_ll_sdmmc.o
    0x08003350   0x08003350   0x00000006   Code   RO         1049    i.SDIO_GetCommandResponse  stm32f4xx_ll_sdmmc.o
    0x08003356   0x08003356   0x00000008   Code   RO         1052    i.SDIO_GetPowerState  stm32f4xx_ll_sdmmc.o
    0x0800335e   0x0800335e   0x0000000e   Code   RO         1053    i.SDIO_GetResponse  stm32f4xx_ll_sdmmc.o
    0x0800336c   0x0800336c   0x0000002a   Code   RO         1054    i.SDIO_Init         stm32f4xx_ll_sdmmc.o
    0x08003396   0x08003396   0x00000008   Code   RO         1056    i.SDIO_PowerState_ON  stm32f4xx_ll_sdmmc.o
    0x0800339e   0x0800339e   0x00000006   Code   RO         1057    i.SDIO_ReadFIFO     stm32f4xx_ll_sdmmc.o
    0x080033a4   0x080033a4   0x00000020   Code   RO         1058    i.SDIO_SendCommand  stm32f4xx_ll_sdmmc.o
    0x080033c4   0x080033c4   0x0000000a   Code   RO         1060    i.SDIO_WriteFIFO    stm32f4xx_ll_sdmmc.o
    0x080033ce   0x080033ce   0x00000002   PAD
    0x080033d0   0x080033d0   0x000000b4   Code   RO           26    i.SDInit            nextion.o
    0x08003484   0x08003484   0x00000032   Code   RO         1061    i.SDMMC_CmdAppCommand  stm32f4xx_ll_sdmmc.o
    0x080034b6   0x080034b6   0x00000002   PAD
    0x080034b8   0x080034b8   0x00000034   Code   RO         1062    i.SDMMC_CmdAppOperCommand  stm32f4xx_ll_sdmmc.o
    0x080034ec   0x080034ec   0x00000032   Code   RO         1063    i.SDMMC_CmdBlockLength  stm32f4xx_ll_sdmmc.o
    0x0800351e   0x0800351e   0x00000028   Code   RO         1068    i.SDMMC_CmdGoIdleState  stm32f4xx_ll_sdmmc.o
    0x08003546   0x08003546   0x00000030   Code   RO         1070    i.SDMMC_CmdOperCond  stm32f4xx_ll_sdmmc.o
    0x08003576   0x08003576   0x00000032   Code   RO         1071    i.SDMMC_CmdReadMultiBlock  stm32f4xx_ll_sdmmc.o
    0x080035a8   0x080035a8   0x00000032   Code   RO         1072    i.SDMMC_CmdReadSingleBlock  stm32f4xx_ll_sdmmc.o
    0x080035da   0x080035da   0x00000032   Code   RO         1075    i.SDMMC_CmdSelDesel  stm32f4xx_ll_sdmmc.o
    0x0800360c   0x0800360c   0x0000002c   Code   RO         1076    i.SDMMC_CmdSendCID  stm32f4xx_ll_sdmmc.o
    0x08003638   0x08003638   0x0000002c   Code   RO         1077    i.SDMMC_CmdSendCSD  stm32f4xx_ll_sdmmc.o
    0x08003664   0x08003664   0x00000032   Code   RO         1079    i.SDMMC_CmdSendStatus  stm32f4xx_ll_sdmmc.o
    0x08003696   0x08003696   0x00000030   Code   RO         1080    i.SDMMC_CmdSetRelAdd  stm32f4xx_ll_sdmmc.o
    0x080036c6   0x080036c6   0x00000002   PAD
    0x080036c8   0x080036c8   0x00000034   Code   RO         1082    i.SDMMC_CmdStopTransfer  stm32f4xx_ll_sdmmc.o
    0x080036fc   0x080036fc   0x00000032   Code   RO         1084    i.SDMMC_CmdWriteMultiBlock  stm32f4xx_ll_sdmmc.o
    0x0800372e   0x0800372e   0x00000032   Code   RO         1085    i.SDMMC_CmdWriteSingleBlock  stm32f4xx_ll_sdmmc.o
    0x08003760   0x08003760   0x00000034   Code   RO         1086    i.SDMMC_GetCmdError  stm32f4xx_ll_sdmmc.o
    0x08003794   0x08003794   0x00000124   Code   RO         1087    i.SDMMC_GetCmdResp1  stm32f4xx_ll_sdmmc.o
    0x080038b8   0x080038b8   0x00000050   Code   RO         1088    i.SDMMC_GetCmdResp2  stm32f4xx_ll_sdmmc.o
    0x08003908   0x08003908   0x00000044   Code   RO         1089    i.SDMMC_GetCmdResp3  stm32f4xx_ll_sdmmc.o
    0x0800394c   0x0800394c   0x0000008c   Code   RO         1090    i.SDMMC_GetCmdResp6  stm32f4xx_ll_sdmmc.o
    0x080039d8   0x080039d8   0x00000048   Code   RO         1091    i.SDMMC_GetCmdResp7  stm32f4xx_ll_sdmmc.o
    0x08003a20   0x08003a20   0x00000020   Code   RO          531    i.SD_CheckStatus    sd_diskio.o
    0x08003a40   0x08003a40   0x000000e2   Code   RO         1357    i.SD_InitCard       stm32f4xx_hal_sd.o
    0x08003b22   0x08003b22   0x000000c4   Code   RO         1359    i.SD_PowerON        stm32f4xx_hal_sd.o
    0x08003be6   0x08003be6   0x0000002e   Code   RO         1362    i.SD_SendStatus     stm32f4xx_hal_sd.o
    0x08003c14   0x08003c14   0x00000020   Code   RO          532    i.SD_initialize     sd_diskio.o
    0x08003c34   0x08003c34   0x0000005c   Code   RO          533    i.SD_ioctl          sd_diskio.o
    0x08003c90   0x08003c90   0x00000020   Code   RO          534    i.SD_read           sd_diskio.o
    0x08003cb0   0x08003cb0   0x00000004   Code   RO          535    i.SD_status         sd_diskio.o
    0x08003cb4   0x08003cb4   0x00000020   Code   RO          536    i.SD_write          sd_diskio.o
    0x08003cd4   0x08003cd4   0x0000008c   Code   RO           27    i.SDkoniec          nextion.o
    0x08003d60   0x08003d60   0x00000002   Code   RO          637    i.SVC_Handler       stm32f4xx_it.o
    0x08003d62   0x08003d62   0x00000004   Code   RO          638    i.SysTick_Handler   stm32f4xx_it.o
    0x08003d66   0x08003d66   0x00000002   PAD
    0x08003d68   0x08003d68   0x000000b0   Code   RO          282    i.SystemClock_Config  main.o
    0x08003e18   0x08003e18   0x00000054   Code   RO         4124    i.SystemInit        system_stm32f4xx.o
    0x08003e6c   0x08003e6c   0x0000000c   Code   RO          639    i.TIM1_UP_TIM10_IRQHandler  stm32f4xx_it.o
    0x08003e78   0x08003e78   0x0000000c   Code   RO          640    i.TIM2_IRQHandler   stm32f4xx_it.o
    0x08003e84   0x08003e84   0x0000000c   Code   RO          641    i.TIM3_IRQHandler   stm32f4xx_it.o
    0x08003e90   0x08003e90   0x000000cc   Code   RO         1669    i.TIM_Base_SetConfig  stm32f4xx_hal_tim.o
    0x08003f5c   0x08003f5c   0x00000014   Code   RO         1680    i.TIM_ETR_SetConfig  stm32f4xx_hal_tim.o
    0x08003f70   0x08003f70   0x00000010   Code   RO         1681    i.TIM_ITRx_SetConfig  stm32f4xx_hal_tim.o
    0x08003f80   0x08003f80   0x00000022   Code   RO         1687    i.TIM_TI1_ConfigInputStage  stm32f4xx_hal_tim.o
    0x08003fa2   0x08003fa2   0x00000024   Code   RO         1689    i.TIM_TI2_ConfigInputStage  stm32f4xx_hal_tim.o
    0x08003fc6   0x08003fc6   0x00000010   Code   RO         2556    i.UART_DMAAbortOnError  stm32f4xx_hal_uart.o
    0x08003fd6   0x08003fd6   0x0000004a   Code   RO         2557    i.UART_DMAError     stm32f4xx_hal_uart.o
    0x08004020   0x08004020   0x0000002e   Code   RO         2562    i.UART_DMATransmitCplt  stm32f4xx_hal_uart.o
    0x0800404e   0x0800404e   0x0000000a   Code   RO         2564    i.UART_DMATxHalfCplt  stm32f4xx_hal_uart.o
    0x08004058   0x08004058   0x0000001c   Code   RO         2566    i.UART_EndRxTransfer  stm32f4xx_hal_uart.o
    0x08004074   0x08004074   0x0000001a   Code   RO         2567    i.UART_EndTransmit_IT  stm32f4xx_hal_uart.o
    0x0800408e   0x0800408e   0x00000012   Code   RO         2568    i.UART_EndTxTransfer  stm32f4xx_hal_uart.o
    0x080040a0   0x080040a0   0x0000009c   Code   RO         2569    i.UART_Receive_IT   stm32f4xx_hal_uart.o
    0x0800413c   0x0800413c   0x00000314   Code   RO         2570    i.UART_SetConfig    stm32f4xx_hal_uart.o
    0x08004450   0x08004450   0x00000066   Code   RO         2571    i.UART_Transmit_IT  stm32f4xx_hal_uart.o
    0x080044b6   0x080044b6   0x00000064   Code   RO         2572    i.UART_WaitOnFlagUntilTimeout  stm32f4xx_hal_uart.o
    0x0800451a   0x0800451a   0x00000002   PAD
    0x0800451c   0x0800451c   0x00000024   Code   RO          642    i.USART2_IRQHandler  stm32f4xx_it.o
    0x08004540   0x08004540   0x00000002   Code   RO          643    i.UsageFault_Handler  stm32f4xx_it.o
    0x08004542   0x08004542   0x00000002   PAD
    0x08004544   0x08004544   0x00000028   Code   RO         4748    i.__0sprintf$3      mc_w.l(printf3.o)
    0x0800456c   0x0800456c   0x00000020   Code   RO         3751    i.__NVIC_SetPriority  stm32f4xx_hal_cortex.o
    0x0800458c   0x0800458c   0x0000000e   Code   RO         4962    i.__scatterload_copy  mc_w.l(handlers.o)
    0x0800459a   0x0800459a   0x00000002   Code   RO         4963    i.__scatterload_null  mc_w.l(handlers.o)
    0x0800459c   0x0800459c   0x0000000e   Code   RO         4964    i.__scatterload_zeroinit  mc_w.l(handlers.o)
    0x080045aa   0x080045aa   0x00000002   PAD
    0x080045ac   0x080045ac   0x000001b8   Code   RO         4753    i._printf_core      mc_w.l(printf3.o)
    0x08004764   0x08004764   0x0000000a   Code   RO         4755    i._sputc            mc_w.l(printf3.o)
    0x0800476e   0x0800476e   0x00000002   PAD
    0x08004770   0x08004770   0x00000074   Code   RO         4216    i.check_fs          ff.o
    0x080047e4   0x080047e4   0x00000010   Code   RO         4217    i.chk_chr           ff.o
    0x080047f4   0x080047f4   0x00000060   Code   RO         4218    i.chk_lock          ff.o
    0x08004854   0x08004854   0x00000020   Code   RO         4219    i.clear_lock        ff.o
    0x08004874   0x08004874   0x00000026   Code   RO         4220    i.clmt_clust        ff.o
    0x0800489a   0x0800489a   0x00000018   Code   RO         4221    i.clust2sect        ff.o
    0x080048b2   0x080048b2   0x000000b0   Code   RO         4222    i.create_chain      ff.o
    0x08004962   0x08004962   0x00000002   PAD
    0x08004964   0x08004964   0x000000d0   Code   RO         4223    i.create_name       ff.o
    0x08004a34   0x08004a34   0x00000030   Code   RO         4224    i.dec_lock          ff.o
    0x08004a64   0x08004a64   0x0000004a   Code   RO         4225    i.dir_alloc         ff.o
    0x08004aae   0x08004aae   0x00000054   Code   RO         4226    i.dir_find          ff.o
    0x08004b02   0x08004b02   0x0000010a   Code   RO         4227    i.dir_next          ff.o
    0x08004c0c   0x08004c0c   0x0000003c   Code   RO         4229    i.dir_register      ff.o
    0x08004c48   0x08004c48   0x00000094   Code   RO         4231    i.dir_sdi           ff.o
    0x08004cdc   0x08004cdc   0x0000002c   Code   RO         4161    i.disk_initialize   diskio.o
    0x08004d08   0x08004d08   0x0000001c   Code   RO         4162    i.disk_ioctl        diskio.o
    0x08004d24   0x08004d24   0x0000001c   Code   RO         4163    i.disk_read         diskio.o
    0x08004d40   0x08004d40   0x00000018   Code   RO         4164    i.disk_status       diskio.o
    0x08004d58   0x08004d58   0x0000001c   Code   RO         4165    i.disk_write        diskio.o
    0x08004d74   0x08004d74   0x00000028   Code   RO         4232    i.enq_lock          ff.o
    0x08004d9c   0x08004d9c   0x0000002a   Code   RO         4233    i.f_close           ff.o
    0x08004dc6   0x08004dc6   0x00000238   Code   RO         4237    i.f_lseek           ff.o
    0x08004ffe   0x08004ffe   0x00000002   PAD
    0x08005000   0x08005000   0x00000060   Code   RO         4240    i.f_mount           ff.o
    0x08005060   0x08005060   0x000001f2   Code   RO         4241    i.f_open            ff.o
    0x08005252   0x08005252   0x00000090   Code   RO         4250    i.f_sync            ff.o
    0x080052e2   0x080052e2   0x000001b0   Code   RO         4253    i.f_write           ff.o
    0x08005492   0x08005492   0x00000002   PAD
    0x08005494   0x08005494   0x0000027c   Code   RO         4254    i.find_volume       ff.o
    0x08005710   0x08005710   0x00000078   Code   RO         4255    i.follow_path       ff.o
    0x08005788   0x08005788   0x000000c4   Code   RO         4256    i.get_fat           ff.o
    0x0800584c   0x0800584c   0x00000004   Code   RO          592    i.get_fattime       fatfs.o
    0x08005850   0x08005850   0x00000042   Code   RO         4258    i.get_ldnumber      ff.o
    0x08005892   0x08005892   0x00000002   PAD
    0x08005894   0x08005894   0x00000088   Code   RO         4259    i.inc_lock          ff.o
    0x0800591c   0x0800591c   0x00000026   Code   RO         4260    i.ld_clust          ff.o
    0x08005942   0x08005942   0x00000016   Code   RO         4261    i.ld_dword          ff.o
    0x08005958   0x08005958   0x0000000a   Code   RO         4262    i.ld_word           ff.o
    0x08005962   0x08005962   0x00000002   PAD
    0x08005964   0x08005964   0x000000f0   Code   RO          283    i.main              main.o
    0x08005a54   0x08005a54   0x00000018   Code   RO         4263    i.mem_cmp           ff.o
    0x08005a6c   0x08005a6c   0x00000012   Code   RO         4264    i.mem_cpy           ff.o
    0x08005a7e   0x08005a7e   0x0000000c   Code   RO         4265    i.mem_set           ff.o
    0x08005a8a   0x08005a8a   0x00000034   Code   RO         4266    i.move_window       ff.o
    0x08005abe   0x08005abe   0x000000fa   Code   RO         4267    i.put_fat           ff.o
    0x08005bb8   0x08005bb8   0x00000078   Code   RO         4271    i.remove_chain      ff.o
    0x08005c30   0x08005c30   0x00000028   Code   RO         4272    i.st_clust          ff.o
    0x08005c58   0x08005c58   0x00000010   Code   RO         4273    i.st_dword          ff.o
    0x08005c68   0x08005c68   0x00000008   Code   RO         4274    i.st_word           ff.o
    0x08005c70   0x08005c70   0x00000088   Code   RO         4275    i.sync_fs           ff.o
    0x08005cf8   0x08005cf8   0x00000054   Code   RO         4276    i.sync_window       ff.o
    0x08005d4c   0x08005d4c   0x00000036   Code   RO         4277    i.validate          ff.o
    0x08005d82   0x08005d82   0x00000002   PAD
    0x08005d84   0x08005d84   0x00000014   Data   RO          537    .constdata          sd_diskio.o
    0x08005d98   0x08005d98   0x00000008   Data   RO         3444    .constdata          stm32f4xx_hal_dma.o
    0x08005da0   0x08005da0   0x00000010   Data   RO         4125    .constdata          system_stm32f4xx.o
    0x08005db0   0x08005db0   0x00000008   Data   RO         4126    .constdata          system_stm32f4xx.o
    0x08005db8   0x08005db8   0x0000009c   Data   RO         4279    .constdata          ff.o
    0x08005e54   0x08005e54   0x00000020   Data   RO         4960    Region$$Table       anon$$obj.o


    Execution Region RW_IRAM1 (Exec base: 0x20000000, Load base: 0x08005e74, Size: 0x00004840, Max: 0x00040000, ABSOLUTE)

    Exec Addr    Load Addr    Size         Type   Attr      Idx    E Section Name        Object

    0x20000000   0x08005e74   0x00000008   Data   RW           28    .data               nextion.o
    0x20000008   0x08005e7c   0x00000009   Data   RW          288    .data               main.o
    0x20000011   0x08005e85   0x00000001   Data   RW          538    .data               sd_diskio.o
    0x20000012   0x08005e86   0x00000005   Data   RW          595    .data               fatfs.o
    0x20000017   0x08005e8b   0x00000001   PAD
    0x20000018   0x08005e8c   0x0000000c   Data   RW         3895    .data               stm32f4xx_hal.o
    0x20000024   0x08005e98   0x00000004   Data   RW         4127    .data               system_stm32f4xx.o
    0x20000028   0x08005e9c   0x00000008   Data   RW         4280    .data               ff.o
    0x20000030        -       0x0000077e   Zero   RW          284    .bss                main.o
    0x200007ae   0x08005ea4   0x00000002   PAD
    0x200007b0        -       0x00000060   Zero   RW          285    .bss                main.o
    0x20000810        -       0x00000020   Zero   RW         4278    .bss                ff.o
    0x20000830        -       0x0000000c   Zero   RW         4577    .bss                ff_gen_drv.o
    0x2000083c   0x08005ea4   0x00000004   PAD
    0x20000840        -       0x00004000   Zero   RW            1    STACK               startup_stm32f412rx.o


==============================================================================

Image component sizes


      Code (inc. data)   RO Data    RW Data    ZI Data      Debug   Object Name

       140         24          0          0          0       4084   bsp_driver_sd.o
       152         26          0          0          0       4365   diskio.o
        32         10          0          5          0       1636   fatfs.o
      5244         78        156          8         32      46427   ff.o
        70          6          0          0         12       1787   ff_gen_drv.o
      1466        148          0          9       2014      12243   main.o
      1670        446          0          8          0     697241   nextion.o
       224         16         20          1          0       4800   sd_diskio.o
        36          8        452          0      16384        848   startup_stm32f412rx.o
       180         28          0         12          0       5193   stm32f4xx_hal.o
      1526          6          0          0          0      15080   stm32f4xx_hal_can.o
       198         14          0          0          0      34719   stm32f4xx_hal_cortex.o
      1180         14          8          0          0       8358   stm32f4xx_hal_dma.o
       410         30          0          0          0       2860   stm32f4xx_hal_gpio.o
       696         76          0          0          0       4188   stm32f4xx_hal_msp.o
       504         52          0          0          0       4908   stm32f4xx_hal_rcc.o
      1536         50          0          0          0       4112   stm32f4xx_hal_rcc_ex.o
      2138          6          0          0          0      11632   stm32f4xx_hal_sd.o
      1042         44          0          0          0      11674   stm32f4xx_hal_tim.o
        70          0          0          0          0       2957   stm32f4xx_hal_tim_ex.o
      2258         26          0          0          0      16070   stm32f4xx_hal_uart.o
       116         36          0          0          0       7089   stm32f4xx_it.o
      1594         50          0          0          0      25228   stm32f4xx_ll_sdmmc.o
        84         18         24          4          0       1379   system_stm32f4xx.o

    ----------------------------------------------------------------------
     22612       1212        692         48      18448     928878   Object Totals
         0          0         32          0          0          0   (incl. Generated)
        46          0          0          1          6          0   (incl. Padding)

    ----------------------------------------------------------------------

      Code (inc. data)   RO Data    RW Data    ZI Data      Debug   Library Member Name

         0          0          0          0          0          0   entry.o
         0          0          0          0          0          0   entry10a.o
         0          0          0          0          0          0   entry11a.o
         8          4          0          0          0          0   entry2.o
         4          0          0          0          0          0   entry5.o
         0          0          0          0          0          0   entry7b.o
         0          0          0          0          0          0   entry8b.o
         8          4          0          0          0          0   entry9a.o
        30          0          0          0          0          0   handlers.o
        36          8          0          0          0         68   init.o
        30          0          0          0          0         68   llshl.o
        32          0          0          0          0         68   llushr.o
        36          0          0          0          0        108   memseta.o
       490         10          0          0          0        252   printf3.o
        24          0          0          0          0         68   strcat.o
        18          0          0          0          0         68   strcpy.o
        14          0          0          0          0         68   strlen.o
        44          0          0          0          0         80   uidiv.o
        98          0          0          0          0         92   uldiv.o

    ----------------------------------------------------------------------
       876         26          0          0          0        940   Library Totals
         4          0          0          0          0          0   (incl. Padding)

    ----------------------------------------------------------------------

      Code (inc. data)   RO Data    RW Data    ZI Data      Debug   Library Name

       872         26          0          0          0        940   mc_w.l

    ----------------------------------------------------------------------
       876         26          0          0          0        940   Library Totals

    ----------------------------------------------------------------------

==============================================================================


      Code (inc. data)   RO Data    RW Data    ZI Data      Debug   

     23488       1238        692         48      18448     907006   Grand Totals
     23488       1238        692         48      18448     907006   ELF Image Totals
     23488       1238        692         48          0          0   ROM Totals

==============================================================================

    Total RO  Size (Code + RO Data)                24180 (  23.61kB)
    Total RW  Size (RW Data + ZI Data)             18496 (  18.06kB)
    Total ROM Size (Code + RO Data + RW Data)      24228 (  23.66kB)

==============================================================================

