<html>
<body>
<pre>
<h1>µVision Build Log</h1>
<h2>Tool Versions:</h2>
IDE-Version: µVision V5.28.0.0
Copyright (C) 2019 ARM Ltd and ARM Germany GmbH. All rights reserved.
License Information: Przemek Przemek, Politechnika, LIC=----
 
Tool Versions:
Toolchain:       MDK-Lite  Version: 5.28.0.0
Toolchain Path:  D:\Programy\Keil\ARM\ARMCC\Bin
C Compiler:      Armcc.exe V5.06 update 6 (build 750)
Assembler:       Armasm.exe V5.06 update 6 (build 750)
Linker/Locator:  ArmLink.exe V5.06 update 6 (build 750)
Library Manager: ArmAr.exe V5.06 update 6 (build 750)
Hex Converter:   FromElf.exe V5.06 update 6 (build 750)
CPU DLL:         SARMCM3.DLL V5.28.0.0
Dialog DLL:      DCM.DLL V1.17.3.0
Target DLL:      STLink\ST-LINKIII-KEIL_SWO.dll V3.0.6.0
Dialog DLL:      TCM.DLL V1.36.2.0
 
<h2>Project:</h2>
C:\Users\Przemek\Desktop\LEM\Photon\Dashboard_v1\MDK-ARM\Dashboard_v1.uvprojx
Project File Date:  01/19/2021

<h2>Output:</h2>
*** Using Compiler 'V5.06 update 6 (build 750)', folder: 'D:\Programy\Keil\ARM\ARMCC\Bin'
Build target 'Dashboard_v1'
compiling nextion.c...
nextion.c(55): warning:  #223-D: function "sprintf" declared implicitly
  	sprintf(value_c, "%s%d%c%c%c", parameter, nx_val->speed, 0xff, 0xff, 0xff);
nextion.c(78): warning:  #223-D: function "sprintf" declared implicitly
  	sprintf(value_c, "n%d.val=%d%c%c%c", nr, nx_val->bat_percent, 0xff, 0xff, 0xff);
nextion.c(124): warning:  #223-D: function "sprintf" declared implicitly
  	sprintf(buf_nxt, "%d;%d;%d;%d;%d;%d;%d;%d;%d;%d;%d;%d;%d;%d;%d\r\n",
nextion.c(253): warning:  #223-D: function "sprintf" declared implicitly
    sprintf(nowa_nazwa, "%d.TXT\0", nr_pliku);
nextion.c: 4 warnings, 0 errors
linking...
Program Size: Code=21376 RO-data=692 RW-data=48 ZI-data=18384  
FromELF: creating hex file...
"Dashboard_v1\Dashboard_v1.axf" - 0 Error(s), 4 Warning(s).

<h2>Software Packages used:</h2>

Package Vendor: ARM
                http://www.keil.com/pack/ARM.CMSIS.5.6.0.pack
                ARM.CMSIS.5.6.0
                CMSIS (Cortex Microcontroller Software Interface Standard)
   * Component: CORE Version: 5.3.0

Package Vendor: Keil
                http://www.keil.com/pack/Keil.STM32F4xx_DFP.2.14.0.pack
                Keil.STM32F4xx_DFP.2.14.0
                STMicroelectronics STM32F4 Series Device Support, Drivers and Examples

<h2>Collection of Component include folders:</h2>
  .\RTE\_Dashboard_v1
  D:\Programy\Keil\Pack\ARM\CMSIS\5.6.0\CMSIS\Core\Include
  D:\Programy\Keil\Pack\Keil\STM32F4xx_DFP\2.14.0\Drivers\CMSIS\Device\ST\STM32F4xx\Include

<h2>Collection of Component Files used:</h2>

   * Component: ARM::CMSIS:CORE:5.3.0
Build Time Elapsed:  00:00:07
</pre>
</body>
</html>
